ARM Linker, 5.02 [Build 28] [MDK-ARM Standard]

==============================================================================

Section Cross References

    adc.o(i.Adc_Deal) refers to malloc.o(i.malloc) for malloc
    adc.o(i.Adc_Deal) refers to adc.o(i.UintTo5p23) for UintTo5p23
    adc.o(i.Adc_Deal) refers to dfltui.o(.text) for __aeabi_ui2d
    adc.o(i.Adc_Deal) refers to dmul.o(.text) for __aeabi_dmul
    adc.o(i.Adc_Deal) refers to ddiv.o(.text) for __aeabi_ddiv
    adc.o(i.Adc_Deal) refers to dadd.o(.text) for __aeabi_drsub
    adc.o(i.Adc_Deal) refers to d2f.o(.text) for __aeabi_d2f
    adc.o(i.Adc_Deal) refers to adc.o(i.FloatTo5p23) for FloatTo5p23
    adc.o(i.Adc_Deal) refers to malloc.o(i.free) for free
    adc.o(i.Adc_Deal) refers to adc.o(.data) for oldValue
    adc.o(i.Adc_Open) refers to malloc.o(i.malloc) for malloc
    adc.o(i.Adc_Open) refers to gpio.o(i.Gpio_Open) for Gpio_Open
    adc.o(i.Adc_Open) refers to stm32f10x_rcc.o(i.RCC_AHBPeriphClockCmd) for RCC_AHBPeriphClockCmd
    adc.o(i.Adc_Open) refers to stm32f10x_dma.o(i.DMA_DeInit) for DMA_DeInit
    adc.o(i.Adc_Open) refers to stm32f10x_dma.o(i.DMA_Init) for DMA_Init
    adc.o(i.Adc_Open) refers to stm32f10x_dma.o(i.DMA_Cmd) for DMA_Cmd
    adc.o(i.Adc_Open) refers to stm32f10x_rcc.o(i.RCC_APB2PeriphClockCmd) for RCC_APB2PeriphClockCmd
    adc.o(i.Adc_Open) refers to stm32f10x_rcc.o(i.RCC_ADCCLKConfig) for RCC_ADCCLKConfig
    adc.o(i.Adc_Open) refers to stm32f10x_adc.o(i.ADC_Init) for ADC_Init
    adc.o(i.Adc_Open) refers to stm32f10x_adc.o(i.ADC_RegularChannelConfig) for ADC_RegularChannelConfig
    adc.o(i.Adc_Open) refers to stm32f10x_adc.o(i.ADC_DMACmd) for ADC_DMACmd
    adc.o(i.Adc_Open) refers to stm32f10x_adc.o(i.ADC_Cmd) for ADC_Cmd
    adc.o(i.Adc_Open) refers to stm32f10x_adc.o(i.ADC_ResetCalibration) for ADC_ResetCalibration
    adc.o(i.Adc_Open) refers to stm32f10x_adc.o(i.ADC_GetResetCalibrationStatus) for ADC_GetResetCalibrationStatus
    adc.o(i.Adc_Open) refers to stm32f10x_adc.o(i.ADC_StartCalibration) for ADC_StartCalibration
    adc.o(i.Adc_Open) refers to stm32f10x_adc.o(i.ADC_GetCalibrationStatus) for ADC_GetCalibrationStatus
    adc.o(i.Adc_Open) refers to stm32f10x_adc.o(i.ADC_SoftwareStartConvCmd) for ADC_SoftwareStartConvCmd
    adc.o(i.Adc_Open) refers to adc.o(i.Adc_GetValue) for Adc_GetValue
    adc.o(i.FloatTo5p23) refers to fmul.o(.text) for __aeabi_fmul
    adc.o(i.FloatTo5p23) refers to ffixi.o(.text) for __aeabi_f2iz
    dsp.o(i.Dsp_Open) refers to malloc.o(i.malloc) for malloc
    dsp.o(i.Dsp_Open) refers to dsp.o(i.Dsp_Read) for Dsp_Read
    dsp.o(i.Dsp_Open) refers to dsp.o(i.Dsp_WriteRegisterBlock) for Dsp_WriteRegisterBlock
    dsp.o(i.Dsp_Open) refers to dsp.o(i.Dsp_SaftLoadWriteRegister) for Dsp_SaftLoadWriteRegister
    dsp.o(i.Dsp_SaftLoadWriteRegister) refers to time.o(i.Time_SleepMs) for Time_SleepMs
    dsp.o(i.Dsp_SaftLoadWriteRegister) refers to dsp.o(i.put_unaligned_le16) for put_unaligned_le16
    dsp.o(i.ReadDSP) refers to i2c.o(i.I2C_Read_16) for I2C_Read_16
    dsp.o(i.SIGMA_SAFELOAD_WRITE_REGISTER) refers to i2c.o(i.I2C_Read_16) for I2C_Read_16
    dsp.o(i.SIGMA_SAFELOAD_WRITE_REGISTER) refers to time.o(i.Time_SleepMs) for Time_SleepMs
    dsp.o(i.SIGMA_SAFELOAD_WRITE_REGISTER) refers to i2c.o(i.I2C_Write_16) for I2C_Write_16
    dsp.o(i.SIGMA_SAFELOAD_WRITE_REGISTER) refers to dsp.o(i.put_unaligned_le16) for put_unaligned_le16
    dsp.o(i.SIGMA_WRITE_REGISTER_BLOCK) refers to i2c.o(i.I2C_Write_16) for I2C_Write_16
    eeprom.o(i.Eeprom_Open) refers to malloc.o(i.malloc) for malloc
    eeprom.o(i.Eeprom_Open) refers to eeprom.o(i.Eeprom_Read) for Eeprom_Read
    eeprom.o(i.Eeprom_Open) refers to eeprom.o(i.Eeprom_Write) for Eeprom_Write
    eeprom.o(i.Eeprom_Write) refers to time.o(i.Time_SleepMs) for Time_SleepMs
    eeprom.o(i.Read24C256) refers to i2c.o(i.I2C_Read_16) for I2C_Read_16
    eeprom.o(i.Write24C256) refers to i2c.o(i.I2C_Write_16) for I2C_Write_16
    eeprom.o(i.Write24C256) refers to time.o(i.Time_SleepMs) for Time_SleepMs
    gpio.o(i.Gpio_Open) refers to malloc.o(i.malloc) for malloc
    gpio.o(i.Gpio_Open) refers to stm32f10x_rcc.o(i.RCC_APB2PeriphClockCmd) for RCC_APB2PeriphClockCmd
    gpio.o(i.Gpio_Open) refers to stm32f10x_gpio.o(i.GPIO_Init) for GPIO_Init
    gpio.o(i.Gpio_Open) refers to gpio.o(i.Gpio_Set) for Gpio_Set
    gpio.o(i.Gpio_Open) refers to gpio.o(i.Gpio_Reset) for Gpio_Reset
    gpio.o(i.Gpio_Open) refers to gpio.o(i.Gpio_Reverse) for Gpio_Reverse
    gpio.o(i.Gpio_Open) refers to gpio.o(i.Gpio_Read) for Gpio_Read
    gpio.o(i.Gpio_Read) refers to stm32f10x_gpio.o(i.GPIO_ReadInputDataBit) for GPIO_ReadInputDataBit
    gpio.o(i.Gpio_Reset) refers to stm32f10x_gpio.o(i.GPIO_ResetBits) for GPIO_ResetBits
    gpio.o(i.Gpio_Reverse) refers to stm32f10x_gpio.o(i.GPIO_ReadOutputDataBit) for GPIO_ReadOutputDataBit
    gpio.o(i.Gpio_Reverse) refers to stm32f10x_gpio.o(i.GPIO_WriteBit) for GPIO_WriteBit
[...]
    ..\..\..\Libraries\CMSIS\CM3\CoreSupport\core_cm3.c 0x00000000   Number         0  core_cm3.o ABSOLUTE
    ..\..\..\Libraries\CMSIS\CM3\DeviceSupport\ST\STM32F10x\startup\arm\startup_stm32f10x_hd.s 0x00000000   Number         0  startup_stm32f10x_hd.o ABSOLUTE
    ..\..\..\Libraries\STM32F10x_StdPeriph_Driver\src\misc.c 0x00000000   Number         0  misc.o ABSOLUTE
    ..\..\..\Libraries\STM32F10x_StdPeriph_Driver\src\stm32f10x_adc.c 0x00000000   Number         0  stm32f10x_adc.o ABSOLUTE
    ..\..\..\Libraries\STM32F10x_StdPeriph_Driver\src\stm32f10x_bkp.c 0x00000000   Number         0  stm32f10x_bkp.o ABSOLUTE
    ..\..\..\Libraries\STM32F10x_StdPeriph_Driver\src\stm32f10x_can.c 0x00000000   Number         0  stm32f10x_can.o ABSOLUTE
    ..\..\..\Libraries\STM32F10x_StdPeriph_Driver\src\stm32f10x_cec.c 0x00000000   Number         0  stm32f10x_cec.o ABSOLUTE
    ..\..\..\Libraries\STM32F10x_StdPeriph_Driver\src\stm32f10x_crc.c 0x00000000   Number         0  stm32f10x_crc.o ABSOLUTE
    ..\..\..\Libraries\STM32F10x_StdPeriph_Driver\src\stm32f10x_dac.c 0x00000000   Number         0  stm32f10x_dac.o ABSOLUTE
    ..\..\..\Libraries\STM32F10x_StdPeriph_Driver\src\stm32f10x_dbgmcu.c 0x00000000   Number         0  stm32f10x_dbgmcu.o ABSOLUTE
    ..\..\..\Libraries\STM32F10x_StdPeriph_Driver\src\stm32f10x_dma.c 0x00000000   Number         0  stm32f10x_dma.o ABSOLUTE
    ..\..\..\Libraries\STM32F10x_StdPeriph_Driver\src\stm32f10x_exti.c 0x00000000   Number         0  stm32f10x_exti.o ABSOLUTE
    ..\..\..\Libraries\STM32F10x_StdPeriph_Driver\src\stm32f10x_flash.c 0x00000000   Number         0  stm32f10x_flash.o ABSOLUTE
    ..\..\..\Libraries\STM32F10x_StdPeriph_Driver\src\stm32f10x_fsmc.c 0x00000000   Number         0  stm32f10x_fsmc.o ABSOLUTE
    ..\..\..\Libraries\STM32F10x_StdPeriph_Driver\src\stm32f10x_gpio.c 0x00000000   Number         0  stm32f10x_gpio.o ABSOLUTE
    ..\..\..\Libraries\STM32F10x_StdPeriph_Driver\src\stm32f10x_i2c.c 0x00000000   Number         0  stm32f10x_i2c.o ABSOLUTE
    ..\..\..\Libraries\STM32F10x_StdPeriph_Driver\src\stm32f10x_iwdg.c 0x00000000   Number         0  stm32f10x_iwdg.o ABSOLUTE
    ..\..\..\Libraries\STM32F10x_StdPeriph_Driver\src\stm32f10x_pwr.c 0x00000000   Number         0  stm32f10x_pwr.o ABSOLUTE
    ..\..\..\Libraries\STM32F10x_StdPeriph_Driver\src\stm32f10x_rcc.c 0x00000000   Number         0  stm32f10x_rcc.o ABSOLUTE
    ..\..\..\Libraries\STM32F10x_StdPeriph_Driver\src\stm32f10x_rtc.c 0x00000000   Number         0  stm32f10x_rtc.o ABSOLUTE
    ..\..\..\Libraries\STM32F10x_StdPeriph_Driver\src\stm32f10x_sdio.c 0x00000000   Number         0  stm32f10x_sdio.o ABSOLUTE
    ..\..\..\Libraries\STM32F10x_StdPeriph_Driver\src\stm32f10x_spi.c 0x00000000   Number         0  stm32f10x_spi.o ABSOLUTE
    ..\..\..\Libraries\STM32F10x_StdPeriph_Driver\src\stm32f10x_tim.c 0x00000000   Number         0  stm32f10x_tim.o ABSOLUTE
    ..\..\..\Libraries\STM32F10x_StdPeriph_Driver\src\stm32f10x_usart.c 0x00000000   Number         0  stm32f10x_usart.o ABSOLUTE
    ..\..\..\Libraries\STM32F10x_StdPeriph_Driver\src\stm32f10x_wwdg.c 0x00000000   Number         0  stm32f10x_wwdg.o ABSOLUTE
    ..\..\..\mcuIf\McuMsg.c                  0x00000000   Number         0  mcumsg.o ABSOLUTE
    ..\..\..\mcuIf\comfifo.c                 0x00000000   Number         0  comfifo.o ABSOLUTE
    ..\User\Adc.c                            0x00000000   Number         0  adc.o ABSOLUTE
    ..\User\Gpio.c                           0x00000000   Number         0  gpio.o ABSOLUTE
    ..\User\I2C.c                            0x00000000   Number         0  i2c.o ABSOLUTE
    ..\User\Scene.c                          0x00000000   Number         0  scene.o ABSOLUTE
    ..\User\Time.c                           0x00000000   Number         0  time.o ABSOLUTE
    ..\User\dsp.c                            0x00000000   Number         0  dsp.o ABSOLUTE
    ..\User\eeprom.c                         0x00000000   Number         0  eeprom.o ABSOLUTE
    ..\User\key.c                            0x00000000   Number         0  key.o ABSOLUTE
    ..\User\main.c                           0x00000000   Number         0  main.o ABSOLUTE
    ..\User\reset.c                          0x00000000   Number         0  reset.o ABSOLUTE
    ..\User\stm32f10x_it.c                   0x00000000   Number         0  stm32f10x_it.o ABSOLUTE
    ..\User\system_stm32f10x.c               0x00000000   Number         0  system_stm32f10x.o ABSOLUTE
    ..\User\tpa5050.c                        0x00000000   Number         0  tpa5050.o ABSOLUTE
    ..\\..\\..\\Libraries\\CMSIS\\CM3\\CoreSupport\\core_cm3.c 0x00000000   Number         0  core_cm3.o ABSOLUTE
    ..\adau1701\ADAU1701-gpio-test_IC_1.c    0x00000000   Number         0  adau1701-gpio-test_ic_1.o ABSOLUTE
    dc.s                                     0x00000000   Number         0  dc.o ABSOLUTE
    handlers.s                               0x00000000   Number         0  handlers.o ABSOLUTE
    init.s                                   0x00000000   Number         0  init.o ABSOLUTE
    RESET                                    0x08010000   Section      304  startup_stm32f10x_hd.o(RESET)
    .ARM.Collect$$$$00000000                 0x08010130   Section        0  entry.o(.ARM.Collect$$$$00000000)
    .ARM.Collect$$$$00000001                 0x08010130   Section        4  entry2.o(.ARM.Collect$$$$00000001)
    .ARM.Collect$$$$00000004                 0x08010134   Section        4  entry5.o(.ARM.Collect$$$$00000004)
    .ARM.Collect$$$$00000008                 0x08010138   Section        0  entry7b.o(.ARM.Collect$$$$00000008)
    .ARM.Collect$$$$00000009                 0x08010138   Section        8  entry8.o(.ARM.Collect$$$$00000009)
    .ARM.Collect$$$$00002712                 0x08010140   Section        4  entry2.o(.ARM.Collect$$$$00002712)
    __lit__00000000                          0x08010140   Data           4  entry2.o(.ARM.Collect$$$$00002712)
    .emb_text                                0x08010144   Section       32  core_cm3.o(.emb_text)
    .text                                    0x08010164   Section       36  startup_stm32f10x_hd.o(.text)
    .text                                    0x08010188   Section        0  memcpya.o(.text)
    .text                                    0x080101ac   Section        0  memseta.o(.text)
    .text                                    0x080101d0   Section        0  strlen.o(.text)
    .text                                    0x080101e0   Section        0  fmul.o(.text)
    .text                                    0x0801024c   Section        0  dadd.o(.text)
    .text                                    0x0801039a   Section        0  dfltui.o(.text)
    .text                                    0x080103b4   Section        0  ffixi.o(.text)
    .text                                    0x080103e6   Section        0  iusefp.o(.text)
    i.ADC_Cmd                                0x080103e6   Section        0  stm32f10x_adc.o(i.ADC_Cmd)
    i.BusFault_Handler                       0x080103fc   Section        0  stm32f10x_it.o(i.BusFault_Handler)
    .ARM.__AT_0x08010400                     0x08010400   Section       36  main.o(.ARM.__AT_0x08010400)
    .text                                    0x08010424   Section        0  dmul.o(.text)
    .text                                    0x08010508   Section        0  ddiv.o(.text)
    .text                                    0x080105e6   Section        0  d2f.o(.text)
    .text                                    0x0801061e   Section        0  llshl.o(.text)
    .text                                    0x0801063c   Section        0  llsshr.o(.text)
    .text                                    0x08010660   Section        0  fepilogue.o(.text)
    .text                                    0x080106cc   Section        0  depilogue.o(.text)
    .text                                    0x0801078c   Section       36  init.o(.text)
    .text                                    0x080107b0   Section        0  llushr.o(.text)
    i.ADC_DMACmd                             0x080107d0   Section        0  stm32f10x_adc.o(i.ADC_DMACmd)
    i.ADC_GetCalibrationStatus               0x080107e6   Section        0  stm32f10x_adc.o(i.ADC_GetCalibrationStatus)
    i.ADC_GetResetCalibrationStatus          0x080107fa   Section        0  stm32f10x_adc.o(i.ADC_GetResetCalibrationStatus)
    i.ADC_Init                               0x08010810   Section        0  stm32f10x_adc.o(i.ADC_Init)
    i.ADC_RegularChannelConfig               0x08010860   Section        0  stm32f10x_adc.o(i.ADC_RegularChannelConfig)
    i.ADC_ResetCalibration                   0x08010918   Section        0  stm32f10x_adc.o(i.ADC_ResetCalibration)
    i.ADC_SoftwareStartConvCmd               0x08010922   Section        0  stm32f10x_adc.o(i.ADC_SoftwareStartConvCmd)
    i.ADC_StartCalibration                   0x08010938   Section        0  stm32f10x_adc.o(i.ADC_StartCalibration)
    i.AP_Init                                0x08010944   Section        0  mcumsg.o(i.AP_Init)
    i.AP_MsgDspTopoUpdateMode                0x08010a18   Section        0  mcumsg.o(i.AP_MsgDspTopoUpdateMode)
    i.AP_MsgGetVersion                       0x08010a60   Section        0  mcumsg.o(i.AP_MsgGetVersion)
    i.AP_MsgReadDsp                          0x08010a8c   Section        0  mcumsg.o(i.AP_MsgReadDsp)
    i.AP_MsgReadEeprom                       0x08010ab8   Section        0  mcumsg.o(i.AP_MsgReadEeprom)
    i.AP_MsgRebootMcu                        0x08010ae8   Section        0  mcumsg.o(i.AP_MsgRebootMcu)
    i.AP_MsgSafeloadDsp                      0x08010b4c   Section        0  mcumsg.o(i.AP_MsgSafeloadDsp)
    i.AP_MsgSafeloadWithExtDsp               0x08010b78   Section        0  mcumsg.o(i.AP_MsgSafeloadWithExtDsp)
    i.AP_MsgSceneChangeDsp                   0x08010ba8   Section        0  mcumsg.o(i.AP_MsgSceneChangeDsp)
    i.AP_MsgTopoHeaderDsp                    0x08010bd8   Section        0  mcumsg.o(i.AP_MsgTopoHeaderDsp)
    i.AP_MsgWriteDsp                         0x08010bf8   Section        0  mcumsg.o(i.AP_MsgWriteDsp)
    i.AP_MsgWriteEeprom                      0x08010c24   Section        0  mcumsg.o(i.AP_MsgWriteEeprom)
    i.AP_MsgWriteWithExtDsp                  0x08010c50   Section        0  mcumsg.o(i.AP_MsgWriteWithExtDsp)
    i.Adc_Deal                               0x08010c80   Section        0  adc.o(i.Adc_Deal)
    i.Adc_GetValue                           0x08010eac   Section        0  adc.o(i.Adc_GetValue)
    i.Adc_Open                               0x08010eb4   Section        0  adc.o(i.Adc_Open)
    i.CalcMsgCrc                             0x08010fc4   Section        0  mcumsg.o(i.CalcMsgCrc)
    i.Calcrc32                               0x08010fe0   Section        0  mcumsg.o(i.Calcrc32)
    i.CheckMsgCrc                            0x0801100c   Section        0  mcumsg.o(i.CheckMsgCrc)
    i.CopyReadComFifo                        0x08011026   Section        0  comfifo.o(i.CopyReadComFifo)
    i.DMA1_Channel5_IRQHandler               0x08011060   Section        0  uart.o(i.DMA1_Channel5_IRQHandler)
    i.DMA1_Channel6_IRQHandler               0x080110b0   Section        0  uart.o(i.DMA1_Channel6_IRQHandler)
    i.DMA_ClearITPendingBit                  0x08011100   Section        0  stm32f10x_dma.o(i.DMA_ClearITPendingBit)
    i.DMA_Cmd                                0x0801111c   Section        0  stm32f10x_dma.o(i.DMA_Cmd)
    i.DMA_DeInit                             0x08011134   Section        0  stm32f10x_dma.o(i.DMA_DeInit)
    i.DMA_GetCurrDataCounter                 0x08011280   Section        0  stm32f10x_dma.o(i.DMA_GetCurrDataCounter)
    i.DMA_GetITStatus                        0x08011288   Section        0  stm32f10x_dma.o(i.DMA_GetITStatus)
    i.DMA_ITConfig                           0x080112b4   Section        0  stm32f10x_dma.o(i.DMA_ITConfig)
    i.DMA_Init                               0x080112c6   Section        0  stm32f10x_dma.o(i.DMA_Init)
    i.DMA_SetCurrDataCounter                 0x08011302   Section        0  stm32f10x_dma.o(i.DMA_SetCurrDataCounter)
    i.DSP_TopoUpgrade                        0x08011308   Section        0  iap.o(i.DSP_TopoUpgrade)
    i.DebugMon_Handler                       0x080113ec   Section        0  stm32f10x_it.o(i.DebugMon_Handler)
    i.Dsp_Open                               0x080113f0   Section        0  dsp.o(i.Dsp_Open)
    i.Dsp_Read                               0x08011420   Section        0  dsp.o(i.Dsp_Read)
    Dsp_Read                                 0x08011421   Thumb Code    38  dsp.o(i.Dsp_Read)
    i.Dsp_SaftLoadWriteRegister              0x08011446   Section        0  dsp.o(i.Dsp_SaftLoadWriteRegister)
    Dsp_SaftLoadWriteRegister                0x08011447   Thumb Code   206  dsp.o(i.Dsp_SaftLoadWriteRegister)
    i.Dsp_WriteRegisterBlock                 0x08011514   Section        0  dsp.o(i.Dsp_WriteRegisterBlock)
    Dsp_WriteRegisterBlock                   0x08011515   Thumb Code    36  dsp.o(i.Dsp_WriteRegisterBlock)
    i.Eeprom_Open                            0x08011538   Section        0  eeprom.o(i.Eeprom_Open)
    i.Eeprom_Read                            0x08011560   Section        0  eeprom.o(i.Eeprom_Read)
    Eeprom_Read                              0x08011561   Thumb Code    38  eeprom.o(i.Eeprom_Read)
    i.Eeprom_Write                           0x08011586   Section        0  eeprom.o(i.Eeprom_Write)
    Eeprom_Write                             0x08011587   Thumb Code   218  eeprom.o(i.Eeprom_Write)
    i.EraseDSP_Topo                          0x08011660   Section        0  iap.o(i.EraseDSP_Topo)
    i.FLASH_CFG_Erase                        0x0801167c   Section        0  flash_if.o(i.FLASH_CFG_Erase)
    i.FLASH_CFG_Write                        0x080116a8   Section        0  flash_if.o(i.FLASH_CFG_Write)
    i.FLASH_ErasePage                        0x080116fc   Section        0  stm32f10x_flash.o(i.FLASH_ErasePage)
    i.FLASH_GetBank1Status                   0x08011748   Section        0  stm32f10x_flash.o(i.FLASH_GetBank1Status)
    i.FLASH_If_Erase                         0x0801177c   Section        0  flash_if.o(i.FLASH_If_Erase)
    i.FLASH_If_Init                          0x080117a8   Section        0  flash_if.o(i.FLASH_If_Init)
    i.FLASH_If_Write                         0x080117b0   Section        0  flash_if.o(i.FLASH_If_Write)
    i.FLASH_Lock                             0x080117f4   Section        0  stm32f10x_flash.o(i.FLASH_Lock)
    i.FLASH_ProgramWord                      0x08011808   Section        0  stm32f10x_flash.o(i.FLASH_ProgramWord)
    i.FLASH_Unlock                           0x0801186c   Section        0  stm32f10x_flash.o(i.FLASH_Unlock)
    i.FLASH_WaitForLastOperation             0x08011884   Section        0  stm32f10x_flash.o(i.FLASH_WaitForLastOperation)
    i.FLASH_if_UnInit                        0x080118aa   Section        0  flash_if.o(i.FLASH_if_UnInit)
    i.FloatTo5p23                            0x080118b2   Section        0  adc.o(i.FloatTo5p23)
    i.GPIO_Init                              0x080118fc   Section        0  stm32f10x_gpio.o(i.GPIO_Init)
    i.GPIO_ReadInputDataBit                  0x08011a0e   Section        0  stm32f10x_gpio.o(i.GPIO_ReadInputDataBit)
    i.GPIO_ReadOutputDataBit                 0x08011a20   Section        0  stm32f10x_gpio.o(i.GPIO_ReadOutputDataBit)
    i.GPIO_ResetBits                         0x08011a32   Section        0  stm32f10x_gpio.o(i.GPIO_ResetBits)
    i.GPIO_SetBits                           0x08011a36   Section        0  stm32f10x_gpio.o(i.GPIO_SetBits)
    i.GPIO_WriteBit                          0x08011a3a   Section        0  stm32f10x_gpio.o(i.GPIO_WriteBit)
    i.GetDSPTopoHeader                       0x08011a44   Section        0  adau1701-gpio-test_ic_1.o(i.GetDSPTopoHeader)
    i.GetFifoDataLen                         0x08011a50   Section        0  comfifo.o(i.GetFifoDataLen)
    i.GetMcuMsg                              0x08011a82   Section        0  mcumsg.o(i.GetMcuMsg)
    i.Gpio_Open                              0x08011adc   Section        0  gpio.o(i.Gpio_Open)
    i.Gpio_Read                              0x08011b38   Section        0  gpio.o(i.Gpio_Read)
    i.Gpio_Reset                             0x08011b46   Section        0  gpio.o(i.Gpio_Reset)
    i.Gpio_Reverse                           0x08011b54   Section        0  gpio.o(i.Gpio_Reverse)
    i.Gpio_Set                               0x08011b76   Section        0  gpio.o(i.Gpio_Set)
    i.HardFault_Handler                      0x08011b84   Section        0  stm32f10x_it.o(i.HardFault_Handler)
    i.I2C_AcknowledgeConfig                  0x08011b88   Section        0  stm32f10x_i2c.o(i.I2C_AcknowledgeConfig)
    i.I2C_CheckEvent                         0x08011ba0   Section        0  stm32f10x_i2c.o(i.I2C_CheckEvent)
    i.I2C_Cmd                                0x08011bca   Section        0  stm32f10x_i2c.o(i.I2C_Cmd)
    i.I2C_Configuration                      0x08011be4   Section        0  i2c.o(i.I2C_Configuration)
    i.I2C_DeInit                             0x08011c68   Section        0  stm32f10x_i2c.o(i.I2C_DeInit)
    i.I2C_GenerateSTART                      0x08011ca0   Section        0  stm32f10x_i2c.o(i.I2C_GenerateSTART)
    i.I2C_GenerateSTOP                       0x08011cb8   Section        0  stm32f10x_i2c.o(i.I2C_GenerateSTOP)
    i.I2C_GetFlagStatus                      0x08011cd0   Section        0  stm32f10x_i2c.o(i.I2C_GetFlagStatus)
    i.I2C_Init                               0x08011cfc   Section        0  stm32f10x_i2c.o(i.I2C_Init)
    i.I2C_Read_16                            0x08011de8   Section        0  i2c.o(i.I2C_Read_16)
    i.I2C_ReceiveData                        0x08011fa4   Section        0  stm32f10x_i2c.o(i.I2C_ReceiveData)
    i.I2C_Send7bitAddress                    0x08011fac   Section        0  stm32f10x_i2c.o(i.I2C_Send7bitAddress)
    i.I2C_SendData                           0x08011fbe   Section        0  stm32f10x_i2c.o(i.I2C_SendData)
    i.I2C_Write                              0x08011fc4   Section        0  i2c.o(i.I2C_Write)
    i.I2C_Write_16                           0x080120c0   Section        0  i2c.o(i.I2C_Write_16)
    i.I2C_delay                              0x080121ec   Section        0  i2c.o(i.I2C_delay)
    i.I2c_Close                              0x080121fa   Section        0  i2c.o(i.I2c_Close)
    I2c_Close                                0x080121fb   Thumb Code    20  i2c.o(i.I2c_Close)
    i.I2c_Open                               0x08012210   Section        0  i2c.o(i.I2c_Open)
    i.I2c_ReOpen                             0x080122c8   Section        0  i2c.o(i.I2c_ReOpen)
    i.I2c_Read                               0x080122e8   Section        0  i2c.o(i.I2c_Read)
    I2c_Read                                 0x080122e9   Thumb Code   402  i2c.o(i.I2c_Read)
    i.I2c_Read_16                            0x08012484   Section        0  i2c.o(i.I2c_Read_16)
    I2c_Read_16                              0x08012485   Thumb Code   454  i2c.o(i.I2c_Read_16)
    i.I2c_Write                              0x08012654   Section        0  i2c.o(i.I2c_Write)
    I2c_Write                                0x08012655   Thumb Code   254  i2c.o(i.I2c_Write)
    i.I2c_Write_16                           0x0801275c   Section        0  i2c.o(i.I2c_Write_16)
    I2c_Write_16                             0x0801275d   Thumb Code   302  i2c.o(i.I2c_Write_16)
    i.InitComFifo                            0x08012894   Section        0  comfifo.o(i.InitComFifo)
    i.IsDspTopoValid                         0x080128a8   Section        0  adau1701-gpio-test_ic_1.o(i.IsDspTopoValid)
    i.Jmp2Boot                               0x080128d4   Section        0  iap.o(i.Jmp2Boot)
    i.Key_Deal                               0x0801290c   Section        0  key.o(i.Key_Deal)
    i.Key_Init                               0x08012950   Section        0  key.o(i.Key_Init)
    i.Key_Open                               0x080129b0   Section        0  key.o(i.Key_Open)
    i.Key_Proc                               0x080129f8   Section        0  key.o(i.Key_Proc)
    i.Key_Scan                               0x08012a1a   Section        0  key.o(i.Key_Scan)
    i.Led_Off                                0x08012a7a   Section        0  led.o(i.Led_Off)
    i.Led_On                                 0x08012a88   Section        0  led.o(i.Led_On)
    i.Led_Open                               0x08012a98   Section        0  led.o(i.Led_Open)
    i.Led_Reverse                            0x08012ac4   Section        0  led.o(i.Led_Reverse)
    i.LedsInit                               0x08012ad4   Section        0  led.o(i.LedsInit)
    i.LedsProcess                            0x08012b94   Section        0  led.o(i.LedsProcess)
    i.MakeMcuMsg                             0x08012ccc   Section        0  mcumsg.o(i.MakeMcuMsg)
    i.MemManage_Handler                      0x08012d08   Section        0  stm32f10x_it.o(i.MemManage_Handler)
    i.NMI_Handler                            0x08012d0c   Section        0  stm32f10x_it.o(i.NMI_Handler)
    i.NVIC_Configuration                     0x08012d0e   Section        0  main.o(i.NVIC_Configuration)
    i.NVIC_Init                              0x08012d24   Section        0  misc.o(i.NVIC_Init)
    i.NVIC_PriorityGroupConfig               0x08012d98   Section        0  misc.o(i.NVIC_PriorityGroupConfig)
    i.NVIC_SetPriority                       0x08012dac   Section        0  time.o(i.NVIC_SetPriority)
    NVIC_SetPriority                         0x08012dad   Thumb Code    32  time.o(i.NVIC_SetPriority)
    i.NVIC_SetVectorTable                    0x08012dd4   Section        0  misc.o(i.NVIC_SetVectorTable)
    i.PendSV_Handler                         0x08012de8   Section        0  stm32f10x_it.o(i.PendSV_Handler)
    i.RCC_ADCCLKConfig                       0x08012dec   Section        0  stm32f10x_rcc.o(i.RCC_ADCCLKConfig)
    i.RCC_AHBPeriphClockCmd                  0x08012e04   Section        0  stm32f10x_rcc.o(i.RCC_AHBPeriphClockCmd)
    i.RCC_APB1PeriphClockCmd                 0x08012e24   Section        0  stm32f10x_rcc.o(i.RCC_APB1PeriphClockCmd)
    i.RCC_APB1PeriphResetCmd                 0x08012e44   Section        0  stm32f10x_rcc.o(i.RCC_APB1PeriphResetCmd)
    i.RCC_APB2PeriphClockCmd                 0x08012e64   Section        0  stm32f10x_rcc.o(i.RCC_APB2PeriphClockCmd)
    i.RCC_APB2PeriphResetCmd                 0x08012e84   Section        0  stm32f10x_rcc.o(i.RCC_APB2PeriphResetCmd)
    i.RCC_GetClocksFreq                      0x08012ea4   Section        0  stm32f10x_rcc.o(i.RCC_GetClocksFreq)
    i.Read24C256                             0x08012f80   Section        0  eeprom.o(i.Read24C256)
    i.ReadComFifo                            0x08012fa0   Section        0  comfifo.o(i.ReadComFifo)
    i.ReadDSP                                0x08012fe8   Section        0  dsp.o(i.ReadDSP)
    i.Reset_Disable                          0x08013008   Section        0  reset.o(i.Reset_Disable)
    i.Reset_Enable                           0x08013016   Section        0  reset.o(i.Reset_Enable)
    i.Reset_Init                             0x08013024   Section        0  reset.o(i.Reset_Init)
    i.Reset_Open                             0x080130f4   Section        0  reset.o(i.Reset_Open)
    i.Reset_TurnToIn                         0x08013120   Section        0  reset.o(i.Reset_TurnToIn)
    i.SIGMA_SAFELOAD_WRITE_REGISTER          0x08013150   Section        0  dsp.o(i.SIGMA_SAFELOAD_WRITE_REGISTER)
    i.SIGMA_WRITE_REGISTER_BLOCK             0x08013218   Section        0  dsp.o(i.SIGMA_WRITE_REGISTER_BLOCK)
    i.SVC_Handler                            0x08013238   Section        0  stm32f10x_it.o(i.SVC_Handler)
    i.Scene_FindMsgDspExt                    0x0801323c   Section        0  scene.o(i.Scene_FindMsgDspExt)
    i.Scene_Load                             0x080132b0   Section        0  scene.o(i.Scene_Load)
    i.Scene_LoadMsgDspExt                    0x08013380   Section        0  scene.o(i.Scene_LoadMsgDspExt)
    i.Scene_Open                             0x08013444   Section        0  scene.o(i.Scene_Open)
    i.Scene_SetCurrentMode                   0x080134b8   Section        0  scene.o(i.Scene_SetCurrentMode)
    i.SendPacket                             0x080134d0   Section        0  packet.o(i.SendPacket)
    i.SendUpgradeAck                         0x08013510   Section        0  packet.o(i.SendUpgradeAck)
    i.SetSysClock                            0x08013544   Section        0  system_stm32f10x.o(i.SetSysClock)
    SetSysClock                              0x08013545   Thumb Code     8  system_stm32f10x.o(i.SetSysClock)
    i.SetSysClockTo72                        0x0801354c   Section        0  system_stm32f10x.o(i.SetSysClockTo72)
    SetSysClockTo72                          0x0801354d   Thumb Code   192  system_stm32f10x.o(i.SetSysClockTo72)
    i.SoftReset                              0x08013614   Section        0  iap.o(i.SoftReset)
    i.SysTick_Handler                        0x08013648   Section        0  stm32f10x_it.o(i.SysTick_Handler)
    i.SystemInit                             0x08013650   Section        0  system_stm32f10x.o(i.SystemInit)
    i.TPA_SetDelay                           0x080136b0   Section        0  tpa5050.o(i.TPA_SetDelay)
    i.Time_GetSysMs                          0x080136f4   Section        0  time.o(i.Time_GetSysMs)
    i.Time_Init                              0x08013700   Section        0  time.o(i.Time_Init)
    i.Time_SleepMs                           0x0801375c   Section        0  time.o(i.Time_SleepMs)
    i.Time_Update                            0x08013774   Section        0  time.o(i.Time_Update)
    i.Tpa5050_GetDelay                       0x08013788   Section        0  tpa5050.o(i.Tpa5050_GetDelay)
    Tpa5050_GetDelay                         0x08013789   Thumb Code    54  tpa5050.o(i.Tpa5050_GetDelay)
    i.Tpa5050_Open                           0x080137c0   Section        0  tpa5050.o(i.Tpa5050_Open)
    i.Tpa5050_SetDelay                       0x080137fc   Section        0  tpa5050.o(i.Tpa5050_SetDelay)
    Tpa5050_SetDelay                         0x080137fd   Thumb Code    68  tpa5050.o(i.Tpa5050_SetDelay)
    i.USART1_Configuration                   0x08013840   Section        0  uart.o(i.USART1_Configuration)
    i.USART1_IRQHandler                      0x08013990   Section        0  uart.o(i.USART1_IRQHandler)
    i.USART2_Configuration                   0x080139e8   Section        0  uart.o(i.USART2_Configuration)
    i.USART2_IRQHandler                      0x08013b20   Section        0  uart.o(i.USART2_IRQHandler)
    i.USART_Cmd                              0x08013b78   Section        0  stm32f10x_usart.o(i.USART_Cmd)
    i.USART_DMACmd                           0x08013b90   Section        0  stm32f10x_usart.o(i.USART_DMACmd)
    i.USART_DeInit                           0x08013ba4   Section        0  stm32f10x_usart.o(i.USART_DeInit)
    i.USART_GetITStatus                      0x08013c40   Section        0  stm32f10x_usart.o(i.USART_GetITStatus)
    i.USART_ITConfig                         0x08013c94   Section        0  stm32f10x_usart.o(i.USART_ITConfig)
    i.USART_Init                             0x08013ce0   Section        0  stm32f10x_usart.o(i.USART_Init)
    i.UartConfigCheck                        0x08013db8   Section        0  uart.o(i.UartConfigCheck)
    UartConfigCheck                          0x08013db9   Thumb Code   110  uart.o(i.UartConfigCheck)
    i.UintTo5p23                             0x08013e2c   Section        0  adc.o(i.UintTo5p23)
    i.UsageFault_Handler                     0x08013e40   Section        0  stm32f10x_it.o(i.UsageFault_Handler)
    i.Usart1SendData                         0x08013e44   Section        0  uart.o(i.Usart1SendData)
    i.Usart2Cfg                              0x08013e7c   Section        0  uart.o(i.Usart2Cfg)
    i.Write24C256                            0x08013f30   Section        0  eeprom.o(i.Write24C256)
    i.WriteComFifo                           0x08014000   Section        0  comfifo.o(i.WriteComFifo)
    i.__scatterload_copy                     0x08014056   Section       14  handlers.o(i.__scatterload_copy)
    i.__scatterload_null                     0x08014064   Section        2  handlers.o(i.__scatterload_null)
    i.__scatterload_zeroinit                 0x08014066   Section       14  handlers.o(i.__scatterload_zeroinit)
    i.default_download_IC_1                  0x08014074   Section        0  adau1701-gpio-test_ic_1.o(i.default_download_IC_1)
    i.findMcuMsgHeader                       0x080140e8   Section        0  mcumsg.o(i.findMcuMsgHeader)
    findMcuMsgHeader                         0x080140e9   Thumb Code    64  mcumsg.o(i.findMcuMsgHeader)
    i.free                                   0x08014128   Section        0  malloc.o(i.free)
    i.main                                   0x08014178   Section        0  main.o(i.main)
    i.malloc                                 0x08014248   Section        0  malloc.o(i.malloc)
    i.put_unaligned_le16                     0x080142b4   Section        0  dsp.o(i.put_unaligned_le16)
    put_unaligned_le16                       0x080142b5   Thumb Code    10  dsp.o(i.put_unaligned_le16)
    i.switchAudioInput                       0x080142be   Section        0  key.o(i.switchAudioInput)
    switchAudioInput                         0x080142bf   Thumb Code    88  key.o(i.switchAudioInput)
    i.switchScene                            0x08014316   Section        0  key.o(i.switchScene)
    switchScene                              0x08014317   Thumb Code    74  key.o(i.switchScene)
    .constdata                               0x08014360   Section     1024  mcumsg.o(.constdata)
    crc32tab                                 0x08014360   Data        1024  mcumsg.o(.constdata)
    .constdata                               0x08014760   Section       28  uart.o(.constdata)
    .conststring                             0x0801477c   Section       21  main.o(.conststring)
    .data                                    0x20000000   Section        2  adc.o(.data)
    oldValue                                 0x20000000   Data           2  adc.o(.data)
    .data                                    0x20000004   Section        8  key.o(.data)
    .data                                    0x2000000c   Section       12  main.o(.data)
    .data                                    0x20000018   Section       12  reset.o(.data)
    .data                                    0x20000024   Section        8  time.o(.data)
    time                                     0x20000024   Data           8  time.o(.data)
    .data                                    0x2000002c   Section       20  stm32f10x_rcc.o(.data)
    APBAHBPrescTable                         0x2000002c   Data          16  stm32f10x_rcc.o(.data)
    ADCPrescTable                            0x2000003c   Data           4  stm32f10x_rcc.o(.data)
    .data                                    0x20000040   Section       44  led.o(.data)
    runTime                                  0x20000040   Data           4  led.o(.data)
    audioInputTime                           0x20000044   Data           4  led.o(.data)
    sceneTime                                0x20000048   Data           4  led.o(.data)
    sceneLoadingTime                         0x2000004c   Data           4  led.o(.data)
    sceneLoadingTimeCnt                      0x20000050   Data           4  led.o(.data)
    .data                                    0x2000006c   Section        8  uart.o(.data)
    .data                                    0x20000074   Section       24  iap.o(.data)
    runTime                                  0x20000074   Data           4  iap.o(.data)
    runTime                                  0x20000078   Data           4  iap.o(.data)
    .data                                    0x2000008c   Section       24  adau1701-gpio-test_ic_1.o(.data)
    g_pTopoHeader                            0x2000008c   Data           4  adau1701-gpio-test_ic_1.o(.data)
    Program_Data_IC_1                        0x20000090   Data           4  adau1701-gpio-test_ic_1.o(.data)
    Param_Data_IC_1                          0x20000094   Data           4  adau1701-gpio-test_ic_1.o(.data)
    R0_COREREGISTER_IC_1_Default             0x20000098   Data           4  adau1701-gpio-test_ic_1.o(.data)
    R3_HWCONFIGURATION_IC_1_Default          0x2000009c   Data           4  adau1701-gpio-test_ic_1.o(.data)
    R4_COREREGISTER_IC_1_Default             0x200000a0   Data           4  adau1701-gpio-test_ic_1.o(.data)
    .data                                    0x200000a4   Section        4  mvars.o(.data)
    .data                                    0x200000a8   Section        4  mvars.o(.data)
    .bss                                     0x200000ac   Section     1040  packet.o(.bss)
    .bss                                     0x200004bc   Section    20504  uart.o(.bss)
    .bss                                     0x200054d4   Section     1040  iap.o(.bss)
    HEAP                                     0x200058e8   Section    20480  startup_stm32f10x_hd.o(HEAP)
    STACK                                    0x2000a8e8   Section     1536  startup_stm32f10x_hd.o(STACK)

    Global Symbols

    Symbol Name                              Value     Ov Type        Size  Object(Section)

    BuildAttributes$$THM_ISAv4$P$D$K$B$S$PE$A:L22UL41UL21$X:L11$S22US41US21$IEEE1$IW$USESV6$~STKCKD$USESV7$~SHL$OTIME$ROPI$EBA8$MICROLIB$REQ8$PRES8$EABIv2 0x00000000   Number         0  anon$$obj.o ABSOLUTE
    __ARM_use_no_argv                        0x00000000   Number         0  main.o ABSOLUTE
    __decompress                              - Undefined Weak Reference
    _clock_init                               - Undefined Weak Reference
    __Vectors_Size                           0x00000130   Number         0  startup_stm32f10x_hd.o ABSOLUTE
    __Vectors                                0x08010000   Data           4  startup_stm32f10x_hd.o(RESET)
    __Vectors_End                            0x08010130   Data           0  startup_stm32f10x_hd.o(RESET)
    __main                                   0x08010131   Thumb Code     0  entry.o(.ARM.Collect$$$$00000000)
    _main_stk                                0x08010131   Thumb Code     0  entry2.o(.ARM.Collect$$$$00000001)
    _main_scatterload                        0x08010135   Thumb Code     0  entry5.o(.ARM.Collect$$$$00000004)
    __main_after_scatterload                 0x08010139   Thumb Code     0  entry5.o(.ARM.Collect$$$$00000004)
    _main_clock                              0x08010139   Thumb Code     0  entry7b.o(.ARM.Collect$$$$00000008)
    _main_init                               0x08010139   Thumb Code     0  entry8.o(.ARM.Collect$$$$00000009)
    __get_PSP                                0x08010145   Thumb Code     6  core_cm3.o(.emb_text)
    __set_PSP                                0x0801014b   Thumb Code     6  core_cm3.o(.emb_text)
    __get_MSP                                0x08010151   Thumb Code     6  core_cm3.o(.emb_text)
    __set_MSP                                0x08010157   Thumb Code     6  core_cm3.o(.emb_text)
    __REV16                                  0x0801015d   Thumb Code     4  core_cm3.o(.emb_text)
    __REVSH                                  0x08010161   Thumb Code     4  core_cm3.o(.emb_text)
    Reset_Handler                            0x08010165   Thumb Code     8  startup_stm32f10x_hd.o(.text)
    ADC1_2_IRQHandler                        0x0801017f   Thumb Code     0  startup_stm32f10x_hd.o(.text)
    ADC3_IRQHandler                          0x0801017f   Thumb Code     0  startup_stm32f10x_hd.o(.text)
    CAN1_RX1_IRQHandler                      0x0801017f   Thumb Code     0  startup_stm32f10x_hd.o(.text)
    CAN1_SCE_IRQHandler                      0x0801017f   Thumb Code     0  startup_stm32f10x_hd.o(.text)
    DMA1_Channel1_IRQHandler                 0x0801017f   Thumb Code     0  startup_stm32f10x_hd.o(.text)
    DMA1_Channel2_IRQHandler                 0x0801017f   Thumb Code     0  startup_stm32f10x_hd.o(.text)
    DMA1_Channel3_IRQHandler                 0x0801017f   Thumb Code     0  startup_stm32f10x_hd.o(.text)
    DMA1_Channel4_IRQHandler                 0x0801017f   Thumb Code     0  startup_stm32f10x_hd.o(.text)
    DMA1_Channel7_IRQHandler                 0x0801017f   Thumb Code     0  startup_stm32f10x_hd.o(.text)
    DMA2_Channel1_IRQHandler                 0x0801017f   Thumb Code     0  startup_stm32f10x_hd.o(.text)
    DMA2_Channel2_IRQHandler                 0x0801017f   Thumb Code     0  startup_stm32f10x_hd.o(.text)
    DMA2_Channel3_IRQHandler                 0x0801017f   Thumb Code     0  startup_stm32f10x_hd.o(.text)
    DMA2_Channel4_5_IRQHandler               0x0801017f   Thumb Code     0  startup_stm32f10x_hd.o(.text)
    EXTI0_IRQHandler                         0x0801017f   Thumb Code     0  startup_stm32f10x_hd.o(.text)
    EXTI15_10_IRQHandler                     0x0801017f   Thumb Code     0  startup_stm32f10x_hd.o(.text)
    EXTI1_IRQHandler                         0x0801017f   Thumb Code     0  startup_stm32f10x_hd.o(.text)
    EXTI2_IRQHandler                         0x0801017f   Thumb Code     0  startup_stm32f10x_hd.o(.text)
    EXTI3_IRQHandler                         0x0801017f   Thumb Code     0  startup_stm32f10x_hd.o(.text)
    EXTI4_IRQHandler                         0x0801017f   Thumb Code     0  startup_stm32f10x_hd.o(.text)
    EXTI9_5_IRQHandler                       0x0801017f   Thumb Code     0  startup_stm32f10x_hd.o(.text)
    FLASH_IRQHandler                         0x0801017f   Thumb Code     0  startup_stm32f10x_hd.o(.text)
    FSMC_IRQHandler                          0x0801017f   Thumb Code     0  startup_stm32f10x_hd.o(.text)
    I2C1_ER_IRQHandler                       0x0801017f   Thumb Code     0  startup_stm32f10x_hd.o(.text)
    I2C1_EV_IRQHandler                       0x0801017f   Thumb Code     0  startup_stm32f10x_hd.o(.text)
    I2C2_ER_IRQHandler                       0x0801017f   Thumb Code     0  startup_stm32f10x_hd.o(.text)
    I2C2_EV_IRQHandler                       0x0801017f   Thumb Code     0  startup_stm32f10x_hd.o(.text)
    PVD_IRQHandler                           0x0801017f   Thumb Code     0  startup_stm32f10x_hd.o(.text)
    RCC_IRQHandler                           0x0801017f   Thumb Code     0  startup_stm32f10x_hd.o(.text)
    RTCAlarm_IRQHandler                      0x0801017f   Thumb Code     0  startup_stm32f10x_hd.o(.text)
    RTC_IRQHandler                           0x0801017f   Thumb Code     0  startup_stm32f10x_hd.o(.text)
    SDIO_IRQHandler                          0x0801017f   Thumb Code     0  startup_stm32f10x_hd.o(.text)
    SPI1_IRQHandler                          0x0801017f   Thumb Code     0  startup_stm32f10x_hd.o(.text)
    SPI2_IRQHandler                          0x0801017f   Thumb Code     0  startup_stm32f10x_hd.o(.text)
    SPI3_IRQHandler                          0x0801017f   Thumb Code     0  startup_stm32f10x_hd.o(.text)
    TAMPER_IRQHandler                        0x0801017f   Thumb Code     0  startup_stm32f10x_hd.o(.text)
    TIM1_BRK_IRQHandler                      0x0801017f   Thumb Code     0  startup_stm32f10x_hd.o(.text)
    TIM1_CC_IRQHandler                       0x0801017f   Thumb Code     0  startup_stm32f10x_hd.o(.text)
    TIM1_TRG_COM_IRQHandler                  0x0801017f   Thumb Code     0  startup_stm32f10x_hd.o(.text)
    TIM1_UP_IRQHandler                       0x0801017f   Thumb Code     0  startup_stm32f10x_hd.o(.text)
    TIM2_IRQHandler                          0x0801017f   Thumb Code     0  startup_stm32f10x_hd.o(.text)
    TIM3_IRQHandler                          0x0801017f   Thumb Code     0  startup_stm32f10x_hd.o(.text)
    TIM4_IRQHandler                          0x0801017f   Thumb Code     0  startup_stm32f10x_hd.o(.text)
    TIM5_IRQHandler                          0x0801017f   Thumb Code     0  startup_stm32f10x_hd.o(.text)
    TIM6_IRQHandler                          0x0801017f   Thumb Code     0  startup_stm32f10x_hd.o(.text)
    TIM7_IRQHandler                          0x0801017f   Thumb Code     0  startup_stm32f10x_hd.o(.text)
    TIM8_BRK_IRQHandler                      0x0801017f   Thumb Code     0  startup_stm32f10x_hd.o(.text)
    TIM8_CC_IRQHandler                       0x0801017f   Thumb Code     0  startup_stm32f10x_hd.o(.text)
    TIM8_TRG_COM_IRQHandler                  0x0801017f   Thumb Code     0  startup_stm32f10x_hd.o(.text)
    TIM8_UP_IRQHandler                       0x0801017f   Thumb Code     0  startup_stm32f10x_hd.o(.text)
    UART4_IRQHandler                         0x0801017f   Thumb Code     0  startup_stm32f10x_hd.o(.text)
    UART5_IRQHandler                         0x0801017f   Thumb Code     0  startup_stm32f10x_hd.o(.text)
    USART3_IRQHandler                        0x0801017f   Thumb Code     0  startup_stm32f10x_hd.o(.text)
    USBWakeUp_IRQHandler                     0x0801017f   Thumb Code     0  startup_stm32f10x_hd.o(.text)
    USB_HP_CAN1_TX_IRQHandler                0x0801017f   Thumb Code     0  startup_stm32f10x_hd.o(.text)
    USB_LP_CAN1_RX0_IRQHandler               0x0801017f   Thumb Code     0  startup_stm32f10x_hd.o(.text)
    WWDG_IRQHandler                          0x0801017f   Thumb Code     0  startup_stm32f10x_hd.o(.text)
    __aeabi_memcpy                           0x08010189   Thumb Code    36  memcpya.o(.text)
    __aeabi_memcpy4                          0x08010189   Thumb Code     0  memcpya.o(.text)
    __aeabi_memcpy8                          0x08010189   Thumb Code     0  memcpya.o(.text)
    __aeabi_memset                           0x080101ad   Thumb Code    14  memseta.o(.text)
    __aeabi_memset4                          0x080101ad   Thumb Code     0  memseta.o(.text)
    __aeabi_memset8                          0x080101ad   Thumb Code     0  memseta.o(.text)
    __aeabi_memclr                           0x080101bb   Thumb Code     4  memseta.o(.text)
    __aeabi_memclr4                          0x080101bb   Thumb Code     0  memseta.o(.text)
    __aeabi_memclr8                          0x080101bb   Thumb Code     0  memseta.o(.text)
    _memset$wrapper                          0x080101bf   Thumb Code    18  memseta.o(.text)
    strlen                                   0x080101d1   Thumb Code    16  strlen.o(.text)
    __aeabi_fmul                             0x080101e1   Thumb Code   108  fmul.o(.text)
    __aeabi_dadd                             0x0801024d   Thumb Code   322  dadd.o(.text)
    __aeabi_dsub                             0x0801038f   Thumb Code     6  dadd.o(.text)
    __aeabi_drsub                            0x08010395   Thumb Code     6  dadd.o(.text)
    __aeabi_ui2d                             0x0801039b   Thumb Code    26  dfltui.o(.text)
    __aeabi_f2iz                             0x080103b5   Thumb Code    50  ffixi.o(.text)
    ADC_Cmd                                  0x080103e7   Thumb Code    22  stm32f10x_adc.o(i.ADC_Cmd)
    __I$use$fp                               0x080103e7   Thumb Code     0  iusefp.o(.text)
    BusFault_Handler                         0x080103fd   Thumb Code     4  stm32f10x_it.o(i.BusFault_Handler)
    SoftVersion                              0x08010400   Data          36  main.o(.ARM.__AT_0x08010400)
    __aeabi_dmul                             0x08010425   Thumb Code   228  dmul.o(.text)
    __aeabi_ddiv                             0x08010509   Thumb Code   222  ddiv.o(.text)
    __aeabi_d2f                              0x080105e7   Thumb Code    56  d2f.o(.text)
    __aeabi_llsl                             0x0801061f   Thumb Code    30  llshl.o(.text)
    _ll_shift_l                              0x0801061f   Thumb Code     0  llshl.o(.text)
    __aeabi_lasr                             0x0801063d   Thumb Code    36  llsshr.o(.text)
    _ll_sshift_r                             0x0801063d   Thumb Code     0  llsshr.o(.text)
    _float_round                             0x08010661   Thumb Code    18  fepilogue.o(.text)
    _float_epilogue                          0x08010673   Thumb Code    90  fepilogue.o(.text)
    _double_round                            0x080106cd   Thumb Code    26  depilogue.o(.text)
    _double_epilogue                         0x080106e7   Thumb Code   164  depilogue.o(.text)
    __scatterload                            0x0801078d   Thumb Code    28  init.o(.text)
    __scatterload_rt2                        0x0801078d   Thumb Code     0  init.o(.text)
    __aeabi_llsr                             0x080107b1   Thumb Code    32  llushr.o(.text)
    _ll_ushift_r                             0x080107b1   Thumb Code     0  llushr.o(.text)
    ADC_DMACmd                               0x080107d1   Thumb Code    22  stm32f10x_adc.o(i.ADC_DMACmd)
    ADC_GetCalibrationStatus                 0x080107e7   Thumb Code    20  stm32f10x_adc.o(i.ADC_GetCalibrationStatus)
    ADC_GetResetCalibrationStatus            0x080107fb   Thumb Code    20  stm32f10x_adc.o(i.ADC_GetResetCalibrationStatus)
    ADC_Init                                 0x08010811   Thumb Code    70  stm32f10x_adc.o(i.ADC_Init)
    ADC_RegularChannelConfig                 0x08010861   Thumb Code   184  stm32f10x_adc.o(i.ADC_RegularChannelConfig)
    ADC_ResetCalibration                     0x08010919   Thumb Code    10  stm32f10x_adc.o(i.ADC_ResetCalibration)
    ADC_SoftwareStartConvCmd                 0x08010923   Thumb Code    22  stm32f10x_adc.o(i.ADC_SoftwareStartConvCmd)
    ADC_StartCalibration                     0x08010939   Thumb Code    10  stm32f10x_adc.o(i.ADC_StartCalibration)
    AP_Init                                  0x08010945   Thumb Code   158  mcumsg.o(i.AP_Init)
    AP_MsgDspTopoUpdateMode                  0x08010a19   Thumb Code    62  mcumsg.o(i.AP_MsgDspTopoUpdateMode)
    AP_MsgGetVersion                         0x08010a61   Thumb Code    40  mcumsg.o(i.AP_MsgGetVersion)
    AP_MsgReadDsp                            0x08010a8d   Thumb Code    44  mcumsg.o(i.AP_MsgReadDsp)
    AP_MsgReadEeprom                         0x08010ab9   Thumb Code    48  mcumsg.o(i.AP_MsgReadEeprom)
    AP_MsgRebootMcu                          0x08010ae9   Thumb Code    84  mcumsg.o(i.AP_MsgRebootMcu)
    AP_MsgSafeloadDsp                        0x08010b4d   Thumb Code    44  mcumsg.o(i.AP_MsgSafeloadDsp)
    AP_MsgSafeloadWithExtDsp                 0x08010b79   Thumb Code    48  mcumsg.o(i.AP_MsgSafeloadWithExtDsp)
    AP_MsgSceneChangeDsp                     0x08010ba9   Thumb Code    48  mcumsg.o(i.AP_MsgSceneChangeDsp)
    AP_MsgTopoHeaderDsp                      0x08010bd9   Thumb Code    32  mcumsg.o(i.AP_MsgTopoHeaderDsp)
    AP_MsgWriteDsp                           0x08010bf9   Thumb Code    44  mcumsg.o(i.AP_MsgWriteDsp)
    AP_MsgWriteEeprom                        0x08010c25   Thumb Code    44  mcumsg.o(i.AP_MsgWriteEeprom)
    AP_MsgWriteWithExtDsp                    0x08010c51   Thumb Code    48  mcumsg.o(i.AP_MsgWriteWithExtDsp)
    Adc_Deal                                 0x08010c81   Thumb Code   514  adc.o(i.Adc_Deal)
    Adc_GetValue                             0x08010ead   Thumb Code     8  adc.o(i.Adc_GetValue)
    Adc_Open                                 0x08010eb5   Thumb Code   256  adc.o(i.Adc_Open)
    CalcMsgCrc                               0x08010fc5   Thumb Code    26  mcumsg.o(i.CalcMsgCrc)
    Calcrc32                                 0x08010fe1   Thumb Code    40  mcumsg.o(i.Calcrc32)
    CheckMsgCrc                              0x0801100d   Thumb Code    26  mcumsg.o(i.CheckMsgCrc)
    CopyReadComFifo                          0x08011027   Thumb Code    58  comfifo.o(i.CopyReadComFifo)
    DMA1_Channel5_IRQHandler                 0x08011061   Thumb Code    68  uart.o(i.DMA1_Channel5_IRQHandler)
    DMA1_Channel6_IRQHandler                 0x080110b1   Thumb Code    68  uart.o(i.DMA1_Channel6_IRQHandler)
    DMA_ClearITPendingBit                    0x08011101   Thumb Code    18  stm32f10x_dma.o(i.DMA_ClearITPendingBit)
    DMA_Cmd                                  0x0801111d   Thumb Code    24  stm32f10x_dma.o(i.DMA_Cmd)
    DMA_DeInit                               0x08011135   Thumb Code   324  stm32f10x_dma.o(i.DMA_DeInit)
    DMA_GetCurrDataCounter                   0x08011281   Thumb Code     8  stm32f10x_dma.o(i.DMA_GetCurrDataCounter)
    DMA_GetITStatus                          0x08011289   Thumb Code    34  stm32f10x_dma.o(i.DMA_GetITStatus)
    DMA_ITConfig                             0x080112b5   Thumb Code    18  stm32f10x_dma.o(i.DMA_ITConfig)
    DMA_Init                                 0x080112c7   Thumb Code    60  stm32f10x_dma.o(i.DMA_Init)
    DMA_SetCurrDataCounter                   0x08011303   Thumb Code     4  stm32f10x_dma.o(i.DMA_SetCurrDataCounter)
    DSP_TopoUpgrade                          0x08011309   Thumb Code   208  iap.o(i.DSP_TopoUpgrade)
    DebugMon_Handler                         0x080113ed   Thumb Code     2  stm32f10x_it.o(i.DebugMon_Handler)
    Dsp_Open                                 0x080113f1   Thumb Code    34  dsp.o(i.Dsp_Open)
    Eeprom_Open                              0x08011539   Thumb Code    30  eeprom.o(i.Eeprom_Open)
    EraseDSP_Topo                            0x08011661   Thumb Code    20  iap.o(i.EraseDSP_Topo)
    FLASH_CFG_Erase                          0x0801167d   Thumb Code    36  flash_if.o(i.FLASH_CFG_Erase)
    FLASH_CFG_Write                          0x080116a9   Thumb Code    70  flash_if.o(i.FLASH_CFG_Write)
    FLASH_ErasePage                          0x080116fd   Thumb Code    72  stm32f10x_flash.o(i.FLASH_ErasePage)
    FLASH_GetBank1Status                     0x08011749   Thumb Code    48  stm32f10x_flash.o(i.FLASH_GetBank1Status)
    FLASH_If_Erase                           0x0801177d   Thumb Code    44  flash_if.o(i.FLASH_If_Erase)
    FLASH_If_Init                            0x080117a9   Thumb Code     8  flash_if.o(i.FLASH_If_Init)
    FLASH_If_Write                           0x080117b1   Thumb Code    62  flash_if.o(i.FLASH_If_Write)
    FLASH_Lock                               0x080117f5   Thumb Code    14  stm32f10x_flash.o(i.FLASH_Lock)
    FLASH_ProgramWord                        0x08011809   Thumb Code    96  stm32f10x_flash.o(i.FLASH_ProgramWord)
    FLASH_Unlock                             0x0801186d   Thumb Code    12  stm32f10x_flash.o(i.FLASH_Unlock)
    FLASH_WaitForLastOperation               0x08011885   Thumb Code    38  stm32f10x_flash.o(i.FLASH_WaitForLastOperation)
    FLASH_if_UnInit                          0x080118ab   Thumb Code     8  flash_if.o(i.FLASH_if_UnInit)
    FloatTo5p23                              0x080118b3   Thumb Code    74  adc.o(i.FloatTo5p23)
    GPIO_Init                                0x080118fd   Thumb Code   274  stm32f10x_gpio.o(i.GPIO_Init)
    GPIO_ReadInputDataBit                    0x08011a0f   Thumb Code    18  stm32f10x_gpio.o(i.GPIO_ReadInputDataBit)
    GPIO_ReadOutputDataBit                   0x08011a21   Thumb Code    18  stm32f10x_gpio.o(i.GPIO_ReadOutputDataBit)
    GPIO_ResetBits                           0x08011a33   Thumb Code     4  stm32f10x_gpio.o(i.GPIO_ResetBits)
    GPIO_SetBits                             0x08011a37   Thumb Code     4  stm32f10x_gpio.o(i.GPIO_SetBits)
    GPIO_WriteBit                            0x08011a3b   Thumb Code    10  stm32f10x_gpio.o(i.GPIO_WriteBit)
    GetDSPTopoHeader                         0x08011a45   Thumb Code     6  adau1701-gpio-test_ic_1.o(i.GetDSPTopoHeader)
    GetFifoDataLen                           0x08011a51   Thumb Code    50  comfifo.o(i.GetFifoDataLen)
    GetMcuMsg                                0x08011a83   Thumb Code    88  mcumsg.o(i.GetMcuMsg)
    Gpio_Open                                0x08011add   Thumb Code    76  gpio.o(i.Gpio_Open)
    Gpio_Read                                0x08011b39   Thumb Code    14  gpio.o(i.Gpio_Read)
    Gpio_Reset                               0x08011b47   Thumb Code    14  gpio.o(i.Gpio_Reset)
    Gpio_Reverse                             0x08011b55   Thumb Code    34  gpio.o(i.Gpio_Reverse)
    Gpio_Set                                 0x08011b77   Thumb Code    14  gpio.o(i.Gpio_Set)
    HardFault_Handler                        0x08011b85   Thumb Code     4  stm32f10x_it.o(i.HardFault_Handler)
    I2C_AcknowledgeConfig                    0x08011b89   Thumb Code    24  stm32f10x_i2c.o(i.I2C_AcknowledgeConfig)
    I2C_CheckEvent                           0x08011ba1   Thumb Code    42  stm32f10x_i2c.o(i.I2C_CheckEvent)
    I2C_Cmd                                  0x08011bcb   Thumb Code    24  stm32f10x_i2c.o(i.I2C_Cmd)
    I2C_Configuration                        0x08011be5   Thumb Code   120  i2c.o(i.I2C_Configuration)
    I2C_DeInit                               0x08011c69   Thumb Code    50  stm32f10x_i2c.o(i.I2C_DeInit)
    I2C_GenerateSTART                        0x08011ca1   Thumb Code    24  stm32f10x_i2c.o(i.I2C_GenerateSTART)
    I2C_GenerateSTOP                         0x08011cb9   Thumb Code    24  stm32f10x_i2c.o(i.I2C_GenerateSTOP)
    I2C_GetFlagStatus                        0x08011cd1   Thumb Code    42  stm32f10x_i2c.o(i.I2C_GetFlagStatus)
    I2C_Init                                 0x08011cfd   Thumb Code   222  stm32f10x_i2c.o(i.I2C_Init)
    I2C_Read_16                              0x08011de9   Thumb Code   434  i2c.o(i.I2C_Read_16)
    I2C_ReceiveData                          0x08011fa5   Thumb Code     8  stm32f10x_i2c.o(i.I2C_ReceiveData)
    I2C_Send7bitAddress                      0x08011fad   Thumb Code    18  stm32f10x_i2c.o(i.I2C_Send7bitAddress)
    I2C_SendData                             0x08011fbf   Thumb Code     4  stm32f10x_i2c.o(i.I2C_SendData)
    I2C_Write                                0x08011fc5   Thumb Code   244  i2c.o(i.I2C_Write)
    I2C_Write_16                             0x080120c1   Thumb Code   290  i2c.o(i.I2C_Write_16)
    I2C_delay                                0x080121ed   Thumb Code    14  i2c.o(i.I2C_delay)
    I2c_Open                                 0x08012211   Thumb Code   154  i2c.o(i.I2c_Open)
    I2c_ReOpen                               0x080122c9   Thumb Code    30  i2c.o(i.I2c_ReOpen)
    InitComFifo                              0x08012895   Thumb Code    18  comfifo.o(i.InitComFifo)
    IsDspTopoValid                           0x080128a9   Thumb Code    30  adau1701-gpio-test_ic_1.o(i.IsDspTopoValid)
    Jmp2Boot                                 0x080128d5   Thumb Code    48  iap.o(i.Jmp2Boot)
    Key_Deal                                 0x0801290d   Thumb Code    58  key.o(i.Key_Deal)
    Key_Init                                 0x08012951   Thumb Code    72  key.o(i.Key_Init)
    Key_Open                                 0x080129b1   Thumb Code    62  key.o(i.Key_Open)
    Key_Proc                                 0x080129f9   Thumb Code    34  key.o(i.Key_Proc)
    Key_Scan                                 0x08012a1b   Thumb Code    96  key.o(i.Key_Scan)
    Led_Off                                  0x08012a7b   Thumb Code    14  led.o(i.Led_Off)
    Led_On                                   0x08012a89   Thumb Code    14  led.o(i.Led_On)
    Led_Open                                 0x08012a99   Thumb Code    30  led.o(i.Led_Open)
    Led_Reverse                              0x08012ac5   Thumb Code    14  led.o(i.Led_Reverse)
    LedsInit                                 0x08012ad5   Thumb Code   160  led.o(i.LedsInit)
    LedsProcess                              0x08012b95   Thumb Code   284  led.o(i.LedsProcess)
    MakeMcuMsg                               0x08012ccd   Thumb Code    60  mcumsg.o(i.MakeMcuMsg)
    MemManage_Handler                        0x08012d09   Thumb Code     4  stm32f10x_it.o(i.MemManage_Handler)
    NMI_Handler                              0x08012d0d   Thumb Code     2  stm32f10x_it.o(i.NMI_Handler)
    NVIC_Configuration                       0x08012d0f   Thumb Code    22  main.o(i.NVIC_Configuration)
    NVIC_Init                                0x08012d25   Thumb Code   102  misc.o(i.NVIC_Init)
    NVIC_PriorityGroupConfig                 0x08012d99   Thumb Code    10  misc.o(i.NVIC_PriorityGroupConfig)
    NVIC_SetVectorTable                      0x08012dd5   Thumb Code    12  misc.o(i.NVIC_SetVectorTable)
    PendSV_Handler                           0x08012de9   Thumb Code     2  stm32f10x_it.o(i.PendSV_Handler)
    RCC_ADCCLKConfig                         0x08012ded   Thumb Code    18  stm32f10x_rcc.o(i.RCC_ADCCLKConfig)
    RCC_AHBPeriphClockCmd                    0x08012e05   Thumb Code    26  stm32f10x_rcc.o(i.RCC_AHBPeriphClockCmd)
    RCC_APB1PeriphClockCmd                   0x08012e25   Thumb Code    26  stm32f10x_rcc.o(i.RCC_APB1PeriphClockCmd)
    RCC_APB1PeriphResetCmd                   0x08012e45   Thumb Code    26  stm32f10x_rcc.o(i.RCC_APB1PeriphResetCmd)
    RCC_APB2PeriphClockCmd                   0x08012e65   Thumb Code    26  stm32f10x_rcc.o(i.RCC_APB2PeriphClockCmd)
    RCC_APB2PeriphResetCmd                   0x08012e85   Thumb Code    26  stm32f10x_rcc.o(i.RCC_APB2PeriphResetCmd)
    RCC_GetClocksFreq                        0x08012ea5   Thumb Code   192  stm32f10x_rcc.o(i.RCC_GetClocksFreq)
    Read24C256                               0x08012f81   Thumb Code    28  eeprom.o(i.Read24C256)
    ReadComFifo                              0x08012fa1   Thumb Code    72  comfifo.o(i.ReadComFifo)
    ReadDSP                                  0x08012fe9   Thumb Code    26  dsp.o(i.ReadDSP)
    Reset_Disable                            0x08013009   Thumb Code    14  reset.o(i.Reset_Disable)
    Reset_Enable                             0x08013017   Thumb Code    14  reset.o(i.Reset_Enable)
    Reset_Init                               0x08013025   Thumb Code   186  reset.o(i.Reset_Init)
    Reset_Open                               0x080130f5   Thumb Code    30  reset.o(i.Reset_Open)
    Reset_TurnToIn                           0x08013121   Thumb Code    46  reset.o(i.Reset_TurnToIn)
    SIGMA_SAFELOAD_WRITE_REGISTER            0x08013151   Thumb Code   194  dsp.o(i.SIGMA_SAFELOAD_WRITE_REGISTER)
    SIGMA_WRITE_REGISTER_BLOCK               0x08013219   Thumb Code    26  dsp.o(i.SIGMA_WRITE_REGISTER_BLOCK)
    SVC_Handler                              0x08013239   Thumb Code     2  stm32f10x_it.o(i.SVC_Handler)
    Scene_FindMsgDspExt                      0x0801323d   Thumb Code   112  scene.o(i.Scene_FindMsgDspExt)
    Scene_Load                               0x080132b1   Thumb Code   202  scene.o(i.Scene_Load)
    Scene_LoadMsgDspExt                      0x08013381   Thumb Code   194  scene.o(i.Scene_LoadMsgDspExt)
    Scene_Open                               0x08013445   Thumb Code    98  scene.o(i.Scene_Open)
    Scene_SetCurrentMode                     0x080134b9   Thumb Code    24  scene.o(i.Scene_SetCurrentMode)
    SendPacket                               0x080134d1   Thumb Code    60  packet.o(i.SendPacket)
    SendUpgradeAck                           0x08013511   Thumb Code    48  packet.o(i.SendUpgradeAck)
    SoftReset                                0x08013615   Thumb Code    44  iap.o(i.SoftReset)
    SysTick_Handler                          0x08013649   Thumb Code     8  stm32f10x_it.o(i.SysTick_Handler)
    SystemInit                               0x08013651   Thumb Code    78  system_stm32f10x.o(i.SystemInit)
    TPA_SetDelay                             0x080136b1   Thumb Code    62  tpa5050.o(i.TPA_SetDelay)
    Time_GetSysMs                            0x080136f5   Thumb Code     6  time.o(i.Time_GetSysMs)
    Time_Init                                0x08013701   Thumb Code    86  time.o(i.Time_Init)
    Time_SleepMs                             0x0801375d   Thumb Code    18  time.o(i.Time_SleepMs)
    Time_Update                              0x08013775   Thumb Code    16  time.o(i.Time_Update)
    Tpa5050_Open                             0x080137c1   Thumb Code    50  tpa5050.o(i.Tpa5050_Open)
    USART1_Configuration                     0x08013841   Thumb Code   320  uart.o(i.USART1_Configuration)
    USART1_IRQHandler                        0x08013991   Thumb Code    70  uart.o(i.USART1_IRQHandler)
    USART2_Configuration                     0x080139e9   Thumb Code   292  uart.o(i.USART2_Configuration)
    USART2_IRQHandler                        0x08013b21   Thumb Code    70  uart.o(i.USART2_IRQHandler)
    USART_Cmd                                0x08013b79   Thumb Code    24  stm32f10x_usart.o(i.USART_Cmd)
    USART_DMACmd                             0x08013b91   Thumb Code    18  stm32f10x_usart.o(i.USART_DMACmd)
    USART_DeInit                             0x08013ba5   Thumb Code   134  stm32f10x_usart.o(i.USART_DeInit)
    USART_GetITStatus                        0x08013c41   Thumb Code    84  stm32f10x_usart.o(i.USART_GetITStatus)
    USART_ITConfig                           0x08013c95   Thumb Code    74  stm32f10x_usart.o(i.USART_ITConfig)
    USART_Init                               0x08013ce1   Thumb Code   210  stm32f10x_usart.o(i.USART_Init)
    UintTo5p23                               0x08013e2d   Thumb Code    20  adc.o(i.UintTo5p23)
    UsageFault_Handler                       0x08013e41   Thumb Code     4  stm32f10x_it.o(i.UsageFault_Handler)
    Usart1SendData                           0x08013e45   Thumb Code    50  uart.o(i.Usart1SendData)
    Usart2Cfg                                0x08013e7d   Thumb Code   170  uart.o(i.Usart2Cfg)
    Write24C256                              0x08013f31   Thumb Code   202  eeprom.o(i.Write24C256)
    WriteComFifo                             0x08014001   Thumb Code    86  comfifo.o(i.WriteComFifo)
    __scatterload_copy                       0x08014057   Thumb Code    14  handlers.o(i.__scatterload_copy)
    __scatterload_null                       0x08014065   Thumb Code     2  handlers.o(i.__scatterload_null)
    __scatterload_zeroinit                   0x08014067   Thumb Code    14  handlers.o(i.__scatterload_zeroinit)
    default_download_IC_1                    0x08014075   Thumb Code    96  adau1701-gpio-test_ic_1.o(i.default_download_IC_1)
    free                                     0x08014129   Thumb Code    76  malloc.o(i.free)
    main                                     0x08014179   Thumb Code   200  main.o(i.main)
    malloc                                   0x08014249   Thumb Code    92  malloc.o(i.malloc)
    BAUD_RATE_TABLE                          0x08014760   Data          28  uart.o(.constdata)
    Region$$Table$$Base                      0x08014794   Number         0  anon$$obj.o(Region$$Table)
    Region$$Table$$Limit                     0x080147b4   Number         0  anon$$obj.o(Region$$Table)
    sceneKey                                 0x20000004   Data           4  key.o(.data)
    audioSrcKey                              0x20000008   Data           4  key.o(.data)
    _BuildDate                               0x2000000c   Data           4  main.o(.data)
    _BuildTime                               0x20000010   Data           4  main.o(.data)
    _SoftVersion                             0x20000014   Data           4  main.o(.data)
    resetDsp                                 0x20000018   Data           4  reset.o(.data)
    resetAdc                                 0x2000001c   Data           4  reset.o(.data)
    resetNsd                                 0x20000020   Data           4  reset.o(.data)
    ledSys                                   0x20000054   Data           4  led.o(.data)
    ledSceneLED21                            0x20000058   Data           4  led.o(.data)
    led22                                    0x2000005c   Data           4  led.o(.data)
    ledSceneLED11                            0x20000060   Data           4  led.o(.data)
    led12                                    0x20000064   Data           4  led.o(.data)
    led13                                    0x20000068   Data           4  led.o(.data)
    g_Usart2Cfg                              0x2000006c   Data           8  uart.o(.data)
    Jump_To_Bootloader                       0x2000007c   Data           4  iap.o(.data)
    Jump_To_User_Application                 0x20000080   Data           4  iap.o(.data)
    Jump_Address                             0x20000084   Data           4  iap.o(.data)
    Jump_User_Address                        0x20000088   Data           4  iap.o(.data)
    __microlib_freelist                      0x200000a4   Data           4  mvars.o(.data)
    __microlib_freelist_initialised          0x200000a8   Data           4  mvars.o(.data)
    g_msgRet                                 0x200000ac   Data        1040  packet.o(.bss)
    g_Usart1RevBuf                           0x200004bc   Data        2048  uart.o(.bss)
    g_Usart2RevBuf                           0x20000cbc   Data        2048  uart.o(.bss)
    g_ComFifo                                0x200014bc   Data        8204  uart.o(.bss)
    g_ComFifo_2                              0x200034c8   Data        8204  uart.o(.bss)
    g_msg                                    0x200054d4   Data        1040  iap.o(.bss)
    __heap_base                              0x200058e8   Data           0  startup_stm32f10x_hd.o(HEAP)
    __heap_limit                             0x2000a8e8   Data           0  startup_stm32f10x_hd.o(HEAP)
    __initial_sp                             0x2000aee8   Data           0  startup_stm32f10x_hd.o(STACK)



==============================================================================

Memory Map of the image

  Image Entry point : 0x08010131

  Load Region LR_IROM1 (Base: 0x08010000, Size: 0x00004860, Max: 0x00030000, ABSOLUTE)

    Execution Region ER_IROM1 (Base: 0x08010000, Size: 0x000047b4, Max: 0x00030000, ABSOLUTE)

    Base Addr    Size         Type   Attr      Idx    E Section Name        Object

    0x08010000   0x00000130   Data   RO         3747    RESET               startup_stm32f10x_hd.o
    0x08010130   0x00000000   Code   RO         4218  * .ARM.Collect$$$$00000000  mc_w.l(entry.o)
    0x08010130   0x00000004   Code   RO         4271    .ARM.Collect$$$$00000001  mc_w.l(entry2.o)
    0x08010134   0x00000004   Code   RO         4274    .ARM.Collect$$$$00000004  mc_w.l(entry5.o)
    0x08010138   0x00000000   Code   RO         4276    .ARM.Collect$$$$00000008  mc_w.l(entry7b.o)
    0x08010138   0x00000008   Code   RO         4277    .ARM.Collect$$$$00000009  mc_w.l(entry8.o)
    0x08010140   0x00000004   Code   RO         4272    .ARM.Collect$$$$00002712  mc_w.l(entry2.o)
    0x08010144   0x00000020   Code   RO         3734    .emb_text           core_cm3.o
    0x08010164   0x00000024   Code   RO         3748    .text               startup_stm32f10x_hd.o
    0x08010188   0x00000024   Code   RO         4221    .text               mc_w.l(memcpya.o)
    0x080101ac   0x00000024   Code   RO         4223    .text               mc_w.l(memseta.o)
    0x080101d0   0x00000010   Code   RO         4225    .text               mc_w.l(strlen.o)
    0x080101e0   0x0000006c   Code   RO         4257    .text               mf_w.l(fmul.o)
    0x0801024c   0x0000014e   Code   RO         4259    .text               mf_w.l(dadd.o)
    0x0801039a   0x0000001a   Code   RO         4265    .text               mf_w.l(dfltui.o)
    0x080103b4   0x00000032   Code   RO         4267    .text               mf_w.l(ffixi.o)
    0x080103e6   0x00000000   Code   RO         4284    .text               mc_w.l(iusefp.o)
    0x080103e6   0x00000016   Code   RO         2083    i.ADC_Cmd           stm32f10x_adc.o
    0x080103fc   0x00000004   Code   RO          583    i.BusFault_Handler  stm32f10x_it.o
    0x08010400   0x00000024   Data   RO          445    .ARM.__AT_0x08010400  main.o
    0x08010424   0x000000e4   Code   RO         4261    .text               mf_w.l(dmul.o)
    0x08010508   0x000000de   Code   RO         4263    .text               mf_w.l(ddiv.o)
    0x080105e6   0x00000038   Code   RO         4269    .text               mf_w.l(d2f.o)
    0x0801061e   0x0000001e   Code   RO         4278    .text               mc_w.l(llshl.o)
    0x0801063c   0x00000024   Code   RO         4280    .text               mc_w.l(llsshr.o)
    0x08010660   0x0000006c   Code   RO         4285    .text               mf_w.l(fepilogue.o)
    0x080106cc   0x000000be   Code   RO         4287    .text               mf_w.l(depilogue.o)
    0x0801078a   0x00000002   PAD
    0x0801078c   0x00000024   Code   RO         4289    .text               mc_w.l(init.o)
    0x080107b0   0x00000020   Code   RO         4291    .text               mc_w.l(llushr.o)
    0x080107d0   0x00000016   Code   RO         2084    i.ADC_DMACmd        stm32f10x_adc.o
    0x080107e6   0x00000014   Code   RO         2091    i.ADC_GetCalibrationStatus  stm32f10x_adc.o
    0x080107fa   0x00000014   Code   RO         2097    i.ADC_GetResetCalibrationStatus  stm32f10x_adc.o
    0x0801080e   0x00000002   PAD
    0x08010810   0x00000050   Code   RO         2101    i.ADC_Init          stm32f10x_adc.o
    0x08010860   0x000000b8   Code   RO         2105    i.ADC_RegularChannelConfig  stm32f10x_adc.o
    0x08010918   0x0000000a   Code   RO         2106    i.ADC_ResetCalibration  stm32f10x_adc.o
    0x08010922   0x00000016   Code   RO         2108    i.ADC_SoftwareStartConvCmd  stm32f10x_adc.o
    0x08010938   0x0000000a   Code   RO         2110    i.ADC_StartCalibration  stm32f10x_adc.o
    0x08010942   0x00000002   PAD
    0x08010944   0x000000d4   Code   RO         3794    i.AP_Init           mcumsg.o
    0x08010a18   0x00000048   Code   RO         3795    i.AP_MsgDspTopoUpdateMode  mcumsg.o
    0x08010a60   0x0000002c   Code   RO         3796    i.AP_MsgGetVersion  mcumsg.o
    0x08010a8c   0x0000002c   Code   RO         3797    i.AP_MsgReadDsp     mcumsg.o
    0x08010ab8   0x00000030   Code   RO         3798    i.AP_MsgReadEeprom  mcumsg.o
    0x08010ae8   0x00000064   Code   RO         3799    i.AP_MsgRebootMcu   mcumsg.o
    0x08010b4c   0x0000002c   Code   RO         3800    i.AP_MsgSafeloadDsp  mcumsg.o
    0x08010b78   0x00000030   Code   RO         3801    i.AP_MsgSafeloadWithExtDsp  mcumsg.o
    0x08010ba8   0x00000030   Code   RO         3802    i.AP_MsgSceneChangeDsp  mcumsg.o
    0x08010bd8   0x00000020   Code   RO         3803    i.AP_MsgTopoHeaderDsp  mcumsg.o
    0x08010bf8   0x0000002c   Code   RO         3804    i.AP_MsgWriteDsp    mcumsg.o
    0x08010c24   0x0000002c   Code   RO         3805    i.AP_MsgWriteEeprom  mcumsg.o
    0x08010c50   0x00000030   Code   RO         3806    i.AP_MsgWriteWithExtDsp  mcumsg.o
    0x08010c80   0x0000022c   Code   RO            1    i.Adc_Deal          adc.o
    0x08010eac   0x00000008   Code   RO            2    i.Adc_GetValue      adc.o
    0x08010eb4   0x00000110   Code   RO            3    i.Adc_Open          adc.o
    0x08010fc4   0x0000001a   Code   RO         3807    i.CalcMsgCrc        mcumsg.o
    0x08010fde   0x00000002   PAD
    0x08010fe0   0x0000002c   Code   RO         3808    i.Calcrc32          mcumsg.o
    0x0801100c   0x0000001a   Code   RO         3809    i.CheckMsgCrc       mcumsg.o
    0x08011026   0x0000003a   Code   RO         3752    i.CopyReadComFifo   comfifo.o
    0x08011060   0x00000050   Code   RO         4045    i.DMA1_Channel5_IRQHandler  uart.o
    0x080110b0   0x00000050   Code   RO         4046    i.DMA1_Channel6_IRQHandler  uart.o
    0x08011100   0x0000001c   Code   RO         1802    i.DMA_ClearITPendingBit  stm32f10x_dma.o
    0x0801111c   0x00000018   Code   RO         1803    i.DMA_Cmd           stm32f10x_dma.o
    0x08011134   0x0000014c   Code   RO         1804    i.DMA_DeInit        stm32f10x_dma.o
    0x08011280   0x00000008   Code   RO         1805    i.DMA_GetCurrDataCounter  stm32f10x_dma.o
    0x08011288   0x0000002c   Code   RO         1807    i.DMA_GetITStatus   stm32f10x_dma.o
    0x080112b4   0x00000012   Code   RO         1808    i.DMA_ITConfig      stm32f10x_dma.o
    0x080112c6   0x0000003c   Code   RO         1809    i.DMA_Init          stm32f10x_dma.o
    0x08011302   0x00000004   Code   RO         1810    i.DMA_SetCurrDataCounter  stm32f10x_dma.o
    0x08011306   0x00000002   PAD
    0x08011308   0x000000e4   Code   RO         4131    i.DSP_TopoUpgrade   iap.o
    0x080113ec   0x00000002   Code   RO          584    i.DebugMon_Handler  stm32f10x_it.o
    0x080113ee   0x00000002   PAD
    0x080113f0   0x00000030   Code   RO          153    i.Dsp_Open          dsp.o
    0x08011420   0x00000026   Code   RO          154    i.Dsp_Read          dsp.o
    0x08011446   0x000000ce   Code   RO          155    i.Dsp_SaftLoadWriteRegister  dsp.o
    0x08011514   0x00000024   Code   RO          156    i.Dsp_WriteRegisterBlock  dsp.o
    0x08011538   0x00000028   Code   RO          209    i.Eeprom_Open       eeprom.o
    0x08011560   0x00000026   Code   RO          210    i.Eeprom_Read       eeprom.o
    0x08011586   0x000000da   Code   RO          211    i.Eeprom_Write      eeprom.o
    0x08011660   0x0000001c   Code   RO         4132    i.EraseDSP_Topo     iap.o
    0x0801167c   0x0000002c   Code   RO         3925    i.FLASH_CFG_Erase   flash_if.o
    0x080116a8   0x00000054   Code   RO         3926    i.FLASH_CFG_Write   flash_if.o
    0x080116fc   0x0000004c   Code   RO         2771    i.FLASH_ErasePage   stm32f10x_flash.o
    0x08011748   0x00000034   Code   RO         2772    i.FLASH_GetBank1Status  stm32f10x_flash.o
    0x0801177c   0x0000002c   Code   RO         3927    i.FLASH_If_Erase    flash_if.o
    0x080117a8   0x00000008   Code   RO         3928    i.FLASH_If_Init     flash_if.o
    0x080117b0   0x00000044   Code   RO         3929    i.FLASH_If_Write    flash_if.o
    0x080117f4   0x00000014   Code   RO         2781    i.FLASH_Lock        stm32f10x_flash.o
    0x08011808   0x00000064   Code   RO         2786    i.FLASH_ProgramWord  stm32f10x_flash.o
    0x0801186c   0x00000018   Code   RO         2789    i.FLASH_Unlock      stm32f10x_flash.o
    0x08011884   0x00000026   Code   RO         2793    i.FLASH_WaitForLastOperation  stm32f10x_flash.o
    0x080118aa   0x00000008   Code   RO         3930    i.FLASH_if_UnInit   flash_if.o
    0x080118b2   0x0000004a   Code   RO            4    i.FloatTo5p23       adc.o
    0x080118fc   0x00000112   Code   RO          973    i.GPIO_Init         stm32f10x_gpio.o
    0x08011a0e   0x00000012   Code   RO          977    i.GPIO_ReadInputDataBit  stm32f10x_gpio.o
    0x08011a20   0x00000012   Code   RO          979    i.GPIO_ReadOutputDataBit  stm32f10x_gpio.o
    0x08011a32   0x00000004   Code   RO          980    i.GPIO_ResetBits    stm32f10x_gpio.o
    0x08011a36   0x00000004   Code   RO          981    i.GPIO_SetBits      stm32f10x_gpio.o
    0x08011a3a   0x0000000a   Code   RO          984    i.GPIO_WriteBit     stm32f10x_gpio.o
    0x08011a44   0x0000000c   Code   RO         4189    i.GetDSPTopoHeader  adau1701-gpio-test_ic_1.o
    0x08011a50   0x00000032   Code   RO         3753    i.GetFifoDataLen    comfifo.o
    0x08011a82   0x00000058   Code   RO         3810    i.GetMcuMsg         mcumsg.o
    0x08011ada   0x00000002   PAD
    0x08011adc   0x0000005c   Code   RO          249    i.Gpio_Open         gpio.o
    0x08011b38   0x0000000e   Code   RO          250    i.Gpio_Read         gpio.o
    0x08011b46   0x0000000e   Code   RO          251    i.Gpio_Reset        gpio.o
    0x08011b54   0x00000022   Code   RO          252    i.Gpio_Reverse      gpio.o
    0x08011b76   0x0000000e   Code   RO          253    i.Gpio_Set          gpio.o
    0x08011b84   0x00000004   Code   RO          585    i.HardFault_Handler  stm32f10x_it.o
    0x08011b88   0x00000018   Code   RO         1874    i.I2C_AcknowledgeConfig  stm32f10x_i2c.o
    0x08011ba0   0x0000002a   Code   RO         1876    i.I2C_CheckEvent    stm32f10x_i2c.o
    0x08011bca   0x00000018   Code   RO         1879    i.I2C_Cmd           stm32f10x_i2c.o
    0x08011be2   0x00000002   PAD
    0x08011be4   0x00000084   Code   RO          286    i.I2C_Configuration  i2c.o
    0x08011c68   0x00000038   Code   RO         1882    i.I2C_DeInit        stm32f10x_i2c.o
    0x08011ca0   0x00000018   Code   RO         1886    i.I2C_GenerateSTART  stm32f10x_i2c.o
    0x08011cb8   0x00000018   Code   RO         1887    i.I2C_GenerateSTOP  stm32f10x_i2c.o
    0x08011cd0   0x0000002a   Code   RO         1888    i.I2C_GetFlagStatus  stm32f10x_i2c.o
    0x08011cfa   0x00000002   PAD
    0x08011cfc   0x000000ec   Code   RO         1893    i.I2C_Init          stm32f10x_i2c.o
    0x08011de8   0x000001bc   Code   RO          288    i.I2C_Read_16       i2c.o
    0x08011fa4   0x00000008   Code   RO         1898    i.I2C_ReceiveData   stm32f10x_i2c.o
    0x08011fac   0x00000012   Code   RO         1900    i.I2C_Send7bitAddress  stm32f10x_i2c.o
    0x08011fbe   0x00000004   Code   RO         1901    i.I2C_SendData      stm32f10x_i2c.o
    0x08011fc2   0x00000002   PAD
    0x08011fc4   0x000000fc   Code   RO          289    i.I2C_Write         i2c.o
    0x080120c0   0x0000012c   Code   RO          290    i.I2C_Write_16      i2c.o
    0x080121ec   0x0000000e   Code   RO          291    i.I2C_delay         i2c.o
    0x080121fa   0x00000014   Code   RO          292    i.I2c_Close         i2c.o
    0x0801220e   0x00000002   PAD
    0x08012210   0x000000b8   Code   RO          293    i.I2c_Open          i2c.o
    0x080122c8   0x0000001e   Code   RO          294    i.I2c_ReOpen        i2c.o
    0x080122e6   0x00000002   PAD
    0x080122e8   0x0000019c   Code   RO          295    i.I2c_Read          i2c.o
    0x08012484   0x000001d0   Code   RO          296    i.I2c_Read_16       i2c.o
    0x08012654   0x00000108   Code   RO          297    i.I2c_Write         i2c.o
    0x0801275c   0x00000138   Code   RO          298    i.I2c_Write_16      i2c.o
    0x08012894   0x00000012   Code   RO         3755    i.InitComFifo       comfifo.o
    0x080128a6   0x00000002   PAD
    0x080128a8   0x0000002c   Code   RO         4190    i.IsDspTopoValid    adau1701-gpio-test_ic_1.o
    0x080128d4   0x00000038   Code   RO         4134    i.Jmp2Boot          iap.o
    0x0801290c   0x00000044   Code   RO          369    i.Key_Deal          key.o
    0x08012950   0x00000060   Code   RO          370    i.Key_Init          key.o
    0x080129b0   0x00000048   Code   RO          371    i.Key_Open          key.o
    0x080129f8   0x00000022   Code   RO          372    i.Key_Proc          key.o
    0x08012a1a   0x00000060   Code   RO          373    i.Key_Scan          key.o
    0x08012a7a   0x0000000e   Code   RO         3967    i.Led_Off           led.o
    0x08012a88   0x0000000e   Code   RO         3968    i.Led_On            led.o
    0x08012a96   0x00000002   PAD
    0x08012a98   0x0000002c   Code   RO         3969    i.Led_Open          led.o
    0x08012ac4   0x0000000e   Code   RO         3970    i.Led_Reverse       led.o
    0x08012ad2   0x00000002   PAD
    0x08012ad4   0x000000c0   Code   RO         3971    i.LedsInit          led.o
    0x08012b94   0x00000138   Code   RO         3972    i.LedsProcess       led.o
    0x08012ccc   0x0000003c   Code   RO         3811    i.MakeMcuMsg        mcumsg.o
    0x08012d08   0x00000004   Code   RO          586    i.MemManage_Handler  stm32f10x_it.o
    0x08012d0c   0x00000002   Code   RO          587    i.NMI_Handler       stm32f10x_it.o
    0x08012d0e   0x00000016   Code   RO          443    i.NVIC_Configuration  main.o
    0x08012d24   0x00000074   Code   RO         1081    i.NVIC_Init         misc.o
    0x08012d98   0x00000014   Code   RO         1082    i.NVIC_PriorityGroupConfig  misc.o
    0x08012dac   0x00000028   Code   RO          680    i.NVIC_SetPriority  time.o
    0x08012dd4   0x00000014   Code   RO         1083    i.NVIC_SetVectorTable  misc.o
    0x08012de8   0x00000002   Code   RO          588    i.PendSV_Handler    stm32f10x_it.o
    0x08012dea   0x00000002   PAD
    0x08012dec   0x00000018   Code   RO          767    i.RCC_ADCCLKConfig  stm32f10x_rcc.o
    0x08012e04   0x00000020   Code   RO          768    i.RCC_AHBPeriphClockCmd  stm32f10x_rcc.o
    0x08012e24   0x00000020   Code   RO          769    i.RCC_APB1PeriphClockCmd  stm32f10x_rcc.o
    0x08012e44   0x00000020   Code   RO          770    i.RCC_APB1PeriphResetCmd  stm32f10x_rcc.o
    0x08012e64   0x00000020   Code   RO          771    i.RCC_APB2PeriphClockCmd  stm32f10x_rcc.o
    0x08012e84   0x00000020   Code   RO          772    i.RCC_APB2PeriphResetCmd  stm32f10x_rcc.o
    0x08012ea4   0x000000dc   Code   RO          779    i.RCC_GetClocksFreq  stm32f10x_rcc.o
    0x08012f80   0x00000020   Code   RO          212    i.Read24C256        eeprom.o
    0x08012fa0   0x00000048   Code   RO         3756    i.ReadComFifo       comfifo.o
    0x08012fe8   0x00000020   Code   RO          157    i.ReadDSP           dsp.o
    0x08013008   0x0000000e   Code   RO          502    i.Reset_Disable     reset.o
    0x08013016   0x0000000e   Code   RO          503    i.Reset_Enable      reset.o
    0x08013024   0x000000d0   Code   RO          504    i.Reset_Init        reset.o
    0x080130f4   0x0000002c   Code   RO          505    i.Reset_Open        reset.o
    0x08013120   0x0000002e   Code   RO          506    i.Reset_TurnToIn    reset.o
    0x0801314e   0x00000002   PAD
    0x08013150   0x000000c8   Code   RO          158    i.SIGMA_SAFELOAD_WRITE_REGISTER  dsp.o
    0x08013218   0x00000020   Code   RO          159    i.SIGMA_WRITE_REGISTER_BLOCK  dsp.o
    0x08013238   0x00000002   Code   RO          589    i.SVC_Handler       stm32f10x_it.o
    0x0801323a   0x00000002   PAD
    0x0801323c   0x00000074   Code   RO          541    i.Scene_FindMsgDspExt  scene.o
    0x080132b0   0x000000d0   Code   RO          542    i.Scene_Load        scene.o
    0x08013380   0x000000c2   Code   RO          543    i.Scene_LoadMsgDspExt  scene.o
    0x08013442   0x00000002   PAD
    0x08013444   0x00000074   Code   RO          544    i.Scene_Open        scene.o
    0x080134b8   0x00000018   Code   RO          545    i.Scene_SetCurrentMode  scene.o
    0x080134d0   0x00000040   Code   RO         4021    i.SendPacket        packet.o
    0x08013510   0x00000034   Code   RO         4022    i.SendUpgradeAck    packet.o
    0x08013544   0x00000008   Code   RO          646    i.SetSysClock       system_stm32f10x.o
    0x0801354c   0x000000c8   Code   RO          647    i.SetSysClockTo72   system_stm32f10x.o
    0x08013614   0x00000034   Code   RO         4136    i.SoftReset         iap.o
    0x08013648   0x00000008   Code   RO          590    i.SysTick_Handler   stm32f10x_it.o
    0x08013650   0x00000060   Code   RO          649    i.SystemInit        system_stm32f10x.o
    0x080136b0   0x00000044   Code   RO          723    i.TPA_SetDelay      tpa5050.o
    0x080136f4   0x0000000c   Code   RO          681    i.Time_GetSysMs     time.o
    0x08013700   0x0000005c   Code   RO          682    i.Time_Init         time.o
    0x0801375c   0x00000018   Code   RO          683    i.Time_SleepMs      time.o
    0x08013774   0x00000014   Code   RO          684    i.Time_Update       time.o
    0x08013788   0x00000036   Code   RO          724    i.Tpa5050_GetDelay  tpa5050.o
    0x080137be   0x00000002   PAD
    0x080137c0   0x0000003c   Code   RO          725    i.Tpa5050_Open      tpa5050.o
    0x080137fc   0x00000044   Code   RO          726    i.Tpa5050_SetDelay  tpa5050.o
    0x08013840   0x00000150   Code   RO         4047    i.USART1_Configuration  uart.o
    0x08013990   0x00000058   Code   RO         4048    i.USART1_IRQHandler  uart.o
    0x080139e8   0x00000138   Code   RO         4049    i.USART2_Configuration  uart.o
    0x08013b20   0x00000058   Code   RO         4050    i.USART2_IRQHandler  uart.o
    0x08013b78   0x00000018   Code   RO         1439    i.USART_Cmd         stm32f10x_usart.o
    0x08013b90   0x00000012   Code   RO         1440    i.USART_DMACmd      stm32f10x_usart.o
    0x08013ba2   0x00000002   PAD
    0x08013ba4   0x0000009c   Code   RO         1441    i.USART_DeInit      stm32f10x_usart.o
    0x08013c40   0x00000054   Code   RO         1443    i.USART_GetITStatus  stm32f10x_usart.o
    0x08013c94   0x0000004a   Code   RO         1445    i.USART_ITConfig    stm32f10x_usart.o
    0x08013cde   0x00000002   PAD
    0x08013ce0   0x000000d8   Code   RO         1446    i.USART_Init        stm32f10x_usart.o
    0x08013db8   0x00000074   Code   RO         4051    i.UartConfigCheck   uart.o
    0x08013e2c   0x00000014   Code   RO            5    i.UintTo5p23        adc.o
    0x08013e40   0x00000004   Code   RO          591    i.UsageFault_Handler  stm32f10x_it.o
    0x08013e44   0x00000038   Code   RO         4053    i.Usart1SendData    uart.o
    0x08013e7c   0x000000b4   Code   RO         4054    i.Usart2Cfg         uart.o
    0x08013f30   0x000000d0   Code   RO          213    i.Write24C256       eeprom.o
    0x08014000   0x00000056   Code   RO         3757    i.WriteComFifo      comfifo.o
    0x08014056   0x0000000e   Code   RO         4295    i.__scatterload_copy  mc_w.l(handlers.o)
    0x08014064   0x00000002   Code   RO         4296    i.__scatterload_null  mc_w.l(handlers.o)
    0x08014066   0x0000000e   Code   RO         4297    i.__scatterload_zeroinit  mc_w.l(handlers.o)
    0x08014074   0x00000074   Code   RO         4191    i.default_download_IC_1  adau1701-gpio-test_ic_1.o
    0x080140e8   0x00000040   Code   RO         3812    i.findMcuMsgHeader  mcumsg.o
    0x08014128   0x00000050   Code   RO         4229    i.free              mc_w.l(malloc.o)
    0x08014178   0x000000d0   Code   RO          444    i.main              main.o
    0x08014248   0x0000006c   Code   RO         4230    i.malloc            mc_w.l(malloc.o)
    0x080142b4   0x0000000a   Code   RO          160    i.put_unaligned_le16  dsp.o
    0x080142be   0x00000058   Code   RO          374    i.switchAudioInput  key.o
    0x08014316   0x0000004a   Code   RO          375    i.switchScene       key.o
    0x08014360   0x00000400   Data   RO         3813    .constdata          mcumsg.o
    0x08014760   0x0000001c   Data   RO         4058    .constdata          uart.o
    0x0801477c   0x00000015   Data   RO          447    .conststring        main.o
    0x08014791   0x00000003   PAD
    0x08014794   0x00000020   Data   RO         4293    Region$$Table       anon$$obj.o


    Execution Region RW_IRAM1 (Base: 0x20000000, Size: 0x0000aee8, Max: 0x00010000, ABSOLUTE)

    Base Addr    Size         Type   Attr      Idx    E Section Name        Object

    0x20000000   0x00000002   Data   RW            6    .data               adc.o
    0x20000002   0x00000002   PAD
    0x20000004   0x00000008   Data   RW          376    .data               key.o
    0x2000000c   0x0000000c   Data   RW          448    .data               main.o
    0x20000018   0x0000000c   Data   RW          507    .data               reset.o
    0x20000024   0x00000008   Data   RW          685    .data               time.o
    0x2000002c   0x00000014   Data   RW          799    .data               stm32f10x_rcc.o
    0x20000040   0x0000002c   Data   RW         3973    .data               led.o
    0x2000006c   0x00000008   Data   RW         4059    .data               uart.o
    0x20000074   0x00000018   Data   RW         4138    .data               iap.o
    0x2000008c   0x00000018   Data   RW         4192    .data               adau1701-gpio-test_ic_1.o
    0x200000a4   0x00000004   Data   RW         4282    .data               mc_w.l(mvars.o)
    0x200000a8   0x00000004   Data   RW         4283    .data               mc_w.l(mvars.o)
    0x200000ac   0x00000410   Zero   RW         4023    .bss                packet.o
    0x200004bc   0x00005018   Zero   RW         4057    .bss                uart.o
    0x200054d4   0x00000410   Zero   RW         4137    .bss                iap.o
    0x200058e4   0x00000004   PAD
    0x200058e8   0x00005000   Zero   RW         3746    HEAP                startup_stm32f10x_hd.o
    0x2000a8e8   0x00000600   Zero   RW         3745    STACK               startup_stm32f10x_hd.o


==============================================================================

Image component sizes


      Code (inc. data)   RO Data    RW Data    ZI Data      Debug   Object Name

       172         40          0         24          0       3076   adau1701-gpio-test_ic_1.o
       930         58          0          2          0     276924   adc.o
       284          0          0          0          0       3234   comfifo.o
        32          0          0          0          0        616   core_cm3.o
       602         32          0          0          0       6506   dsp.o
       536         20          0          0          0       4521   eeprom.o
       256         28          0          0          0       3784   flash_if.o
       168         16          0          0          0       2723   gpio.o
      2828        110          0          0          0       9325   i2c.o
       364         44          0         24       1040       4348   iap.o
       528         44          0          8          0       8010   key.o
       590         74          0         44          0       6880   led.o
       230          8         57         12          0      21534   main.o
      1136         88       1024          0          0      15183   mcumsg.o
       156         32          0          0          0       2229   misc.o
       116          8          0          0       1040       3397   packet.o
       326         36          0         12          0       2707   reset.o
       658         28          0          0          0       6621   scene.o
        36          8        304          0      22016        888   startup_stm32f10x_hd.o
       390         10          0          0          0       7693   stm32f10x_adc.o
       518         28          0          0          0       6565   stm32f10x_dma.o
       310         30          0          0          0       5074   stm32f10x_flash.o
       328          0          0          0          0       5077   stm32f10x_gpio.o
       502         20          0          0          0       8597   stm32f10x_i2c.o
        32          0          0          0          0       3694   stm32f10x_it.o
       404         64          0         20          0       6979   stm32f10x_rcc.o
       572         28          0          0          0       5848   stm32f10x_usart.o
       304         26          0          0          0       1841   system_stm32f10x.o
       188         30          0          8          0      17876   time.o
       250         16          0          0          0       3842   tpa5050.o
      1336        118         28          8      20504       6235   uart.o

    ----------------------------------------------------------------------
     15124       1044       1448        164      44604     461827   Object Totals
         0          0         32          0          0          0   (incl. Generated)
        42          0          3          2          4          0   (incl. Padding)

    ----------------------------------------------------------------------

      Code (inc. data)   RO Data    RW Data    ZI Data      Debug   Library Member Name

         0          0          0          0          0          0   entry.o
         8          4          0          0          0          0   entry2.o
         4          0          0          0          0          0   entry5.o
         0          0          0          0          0          0   entry7b.o
         8          4          0          0          0          0   entry8.o
        30          0          0          0          0          0   handlers.o
        36          8          0          0          0         68   init.o
         0          0          0          0          0          0   iusefp.o
        30          0          0          0          0         68   llshl.o
        36          0          0          0          0         68   llsshr.o
        32          0          0          0          0         68   llushr.o
       188         20          0          0          0        160   malloc.o
        36          0          0          0          0         68   memcpya.o
        36          0          0          0          0        108   memseta.o
         0          0          0          8          0          0   mvars.o
        16          0          0          0          0         68   strlen.o
        56          0          0          0          0         88   d2f.o
       334          0          0          0          0        144   dadd.o
       222          0          0          0          0        100   ddiv.o
       190          0          0          0          0        176   depilogue.o
        26          0          0          0          0         76   dfltui.o
       228          0          0          0          0         92   dmul.o
       108          0          0          0          0        168   fepilogue.o
        50          0          0          0          0         68   ffixi.o
       108          0          0          0          0         76   fmul.o

    ----------------------------------------------------------------------
      1784         36          0          8          0       1664   Library Totals
         2          0          0          0          0          0   (incl. Padding)

    ----------------------------------------------------------------------

      Code (inc. data)   RO Data    RW Data    ZI Data      Debug   Library Name

       460         36          0          8          0        676   mc_w.l
      1322          0          0          0          0        988   mf_w.l

    ----------------------------------------------------------------------
      1784         36          0          8          0       1664   Library Totals

    ----------------------------------------------------------------------

==============================================================================


      Code (inc. data)   RO Data    RW Data    ZI Data      Debug   

     16908       1080       1448        172      44604     453195   Grand Totals
     16908       1080       1448        172      44604     453195   ELF Image Totals
     16908       1080       1448        172          0          0   ROM Totals

==============================================================================

    Total RO  Size (Code + RO Data)                18356 (  17.93kB)
    Total RW  Size (RW Data + ZI Data)             44776 (  43.73kB)
    Total ROM Size (Code + RO Data + RW Data)      18528 (  18.09kB)

==============================================================================

