<html>
<body>
<pre>
<h1>µVision Build Log</h1>
<h2>Project:</h2>
C:\Users\wfn88\Documents\Project\ActiveAmplifier\Code\stm32\Project\AP\MDK-ARM\Project.uvproj
Project File Date:  01/08/2020

<h2>Output:</h2>
Build target 'AP'
linking...
Program Size: Code=16908 RO-data=1448 RW-data=172 ZI-data=44604  
FromELF: creating hex file...
User command #1: fromelf.exe --bincombined --output "C:\Users\wfn88\Documents\Project\ActiveAmplifier\Code\stm32\Project\AP\MDK-ARM\Build\AP.bin" "C:\Users\wfn88\Documents\Project\ActiveAmplifier\Code\stm32\Project\AP\MDK-ARM\Build\AP.axf
".\Build\AP.axf" - 0 Error(s), 0 Warning(s).
Rebuild target 'AP'
compiling Adc.c...
..\User\Adc.c(78): warning:  #223-D: function "malloc" declared implicitly
..\User\Adc.c(163): warning:  #223-D: function "free" declared implicitly
..\User\Adc.c(174): warning:  #223-D: function "malloc" declared implicitly
compiling dsp.c...
..\User\dsp.c(92): warning:  #223-D: function "memcpy" declared implicitly
..\User\dsp.c(127): warning:  #69-D: integer conversion resulted in truncation
..\User\dsp.c(137): warning:  #223-D: function "memcpy" declared implicitly
..\User\dsp.c(146): warning:  #69-D: integer conversion resulted in truncation
..\User\dsp.c(151): warning:  #223-D: function "malloc" declared implicitly
compiling eeprom.c...
..\User\eeprom.c(119): warning:  #223-D: function "malloc" declared implicitly
compiling Gpio.c...
..\User\Gpio.c(15): warning:  #188-D: enumerated type mixed with another type
..\User\Gpio.c(25): warning:  #223-D: function "malloc" declared implicitly
..\User\Gpio.c(43): warning:  #1-D: last line of file ends without a newline
compiling I2C.c...
..\User\I2C.c(815): warning:  #223-D: function "free" declared implicitly
..\User\I2C.c(824): warning:  #223-D: function "malloc" declared implicitly
..\User\I2C.c(863): warning:  #223-D: function "memcpy" declared implicitly
..\User\I2C.c(864): warning:  #223-D: function "free" declared implicitly
..\User\I2C.c(61): warning:  #177-D: function "I2C_AcknowledgePolling" was declared but never referenced
compiling key.c...
..\User\key.c(70): warning:  #188-D: enumerated type mixed with another type
compiling main.c...
..\User\main.c(54): warning:  #161-D: unrecognized #pragma
compiling reset.c...
..\User\reset.c(125): warning:  #223-D: function "memcpy" declared implicitly
..\User\reset.c(126): warning:  #223-D: function "free" declared implicitly
..\User\reset.c(131): warning:  #223-D: function "malloc" declared implicitly
compiling Scene.c...
..\User\Scene.c(36): warning:  #188-D: enumerated type mixed with another type
..\User\Scene.c(72): warning:  #550-D: parameter "pMsgDspExt" was set but never used
..\User\Scene.c(165): warning:  #223-D: function "memcpy" declared implicitly
..\User\Scene.c(179): warning:  #223-D: function "malloc" declared implicitly
compiling stm32f10x_it.c...
compiling system_stm32f10x.c...
compiling Time.c...
compiling tpa5050.c...
..\User\tpa5050.c(86): warning:  #223-D: function "malloc" declared implicitly
compiling stm32f10x_rcc.c...
compiling stm32f10x_gpio.c...
compiling misc.c...
compiling stm32f10x_exti.c...
compiling stm32f10x_spi.c...
compiling stm32f10x_fsmc.c...
compiling stm32f10x_usart.c...
compiling stm32f10x_sdio.c...
compiling stm32f10x_dma.c...
compiling stm32f10x_i2c.c...
compiling stm32f10x_adc.c...
compiling stm32f10x_bkp.c...
compiling stm32f10x_can.c...
compiling stm32f10x_cec.c...
compiling stm32f10x_crc.c...
compiling stm32f10x_dac.c...
compiling stm32f10x_dbgmcu.c...
compiling stm32f10x_flash.c...
compiling stm32f10x_iwdg.c...
compiling stm32f10x_pwr.c...
compiling stm32f10x_rtc.c...
compiling stm32f10x_tim.c...
compiling stm32f10x_wwdg.c...
compiling core_cm3.c...
assembling startup_stm32f10x_hd.s...
compiling comfifo.c...
compiling McuMsg.c...
..\..\..\mcuIf\McuMsg.c(191): warning:  #223-D: function "memcpy" declared implicitly
..\..\..\mcuIf\McuMsg.c(218): warning:  #223-D: function "Jmp2Boot" declared implicitly
..\..\..\mcuIf\McuMsg.c(238): warning:  #111-D: statement is unreachable
..\..\..\mcuIf\McuMsg.c(243): warning:  #223-D: function "strlen" declared implicitly
..\..\..\mcuIf\McuMsg.c(347): warning:  #188-D: enumerated type mixed with another type
..\..\..\mcuIf\McuMsg.c(355): warning:  #223-D: function "memset" declared implicitly
compiling flash_if.c...
compiling led.c...
..\..\..\Common\led.c(73): warning:  #188-D: enumerated type mixed with another type
..\..\..\Common\led.c(37): warning:  #177-D: variable "audioInputTime" was declared but never referenced
..\..\..\Common\led.c(127): warning:  #223-D: function "malloc" declared implicitly
compiling packet.c...
..\..\..\Common\packet.c(8): warning:  #223-D: function "memset" declared implicitly
..\..\..\Common\packet.c(10): warning:  #223-D: function "Usart1SendData" declared implicitly
..\..\..\Common\packet.c(11): warning:  #940-D: missing return statement at end of non-void function "SendUpgradeAck"
..\..\..\Common\packet.c(15): warning:  #223-D: function "memset" declared implicitly
..\..\..\Common\packet.c(17): warning:  #223-D: function "Usart1SendData" declared implicitly
..\..\..\Common\packet.c(18): warning:  #940-D: missing return statement at end of non-void function "SendPacket"
compiling uart.c...
..\..\..\Common\uart.c(124): warning:  #177-D: variable "USART_InitStructure" was declared but never referenced
..\..\..\Common\uart.c(197): warning:  #167-D: argument of type "volatile unsigned char *" is incompatible with parameter of type "char *"
..\..\..\Common\uart.c(290): warning:  #167-D: argument of type "volatile unsigned char *" is incompatible with parameter of type "char *"
..\..\..\Common\uart.c(303): warning:  #167-D: argument of type "volatile unsigned char *" is incompatible with parameter of type "char *"
..\..\..\Common\uart.c(317): warning:  #167-D: argument of type "volatile unsigned char *" is incompatible with parameter of type "char *"
..\..\..\Common\uart.c(348): warning:  #167-D: argument of type "unsigned char *" is incompatible with parameter of type "char *"
..\..\..\Common\uart.c(353): warning:  #167-D: argument of type "unsigned char *" is incompatible with parameter of type "char *"
compiling iap.c...
compiling ADAU1701-gpio-test_IC_1.c...
linking...
Program Size: Code=16908 RO-data=1448 RW-data=172 ZI-data=44604  
FromELF: creating hex file...
User command #1: fromelf.exe --bincombined --output "C:\Users\wfn88\Documents\Project\ActiveAmplifier\Code\stm32\Project\AP\MDK-ARM\Build\AP.bin" "C:\Users\wfn88\Documents\Project\ActiveAmplifier\Code\stm32\Project\AP\MDK-ARM\Build\AP.axf
".\Build\AP.axf" - 0 Error(s), 49 Warning(s).
