ARM Linker, 5.02 [Build 28] [MDK-ARM Standard]

==============================================================================

Section Cross References

    system_stm32f10x.o(i.SystemCoreClockUpdate) refers to system_stm32f10x.o(.data) for .data
    system_stm32f10x.o(i.SystemInit) refers to system_stm32f10x.o(i.SetSysClockTo72) for SetSysClockTo72
    startup_stm32f10x_hd.o(RESET) refers to startup_stm32f10x_hd.o(STACK) for __initial_sp
    startup_stm32f10x_hd.o(RESET) refers to startup_stm32f10x_hd.o(.text) for Reset_Handler
    startup_stm32f10x_hd.o(RESET) refers to stm32f10x_it.o(i.NMI_Handler) for NMI_Handler
    startup_stm32f10x_hd.o(RESET) refers to stm32f10x_it.o(i.HardFault_Handler) for HardFault_Handler
    startup_stm32f10x_hd.o(RESET) refers to stm32f10x_it.o(i.MemManage_Handler) for MemManage_Handler
    startup_stm32f10x_hd.o(RESET) refers to stm32f10x_it.o(i.BusFault_Handler) for BusFault_Handler
    startup_stm32f10x_hd.o(RESET) refers to stm32f10x_it.o(i.UsageFault_Handler) for UsageFault_Handler
    startup_stm32f10x_hd.o(RESET) refers to stm32f10x_it.o(i.SVC_Handler) for SVC_Handler
    startup_stm32f10x_hd.o(RESET) refers to stm32f10x_it.o(i.DebugMon_Handler) for DebugMon_Handler
    startup_stm32f10x_hd.o(RESET) refers to stm32f10x_it.o(i.PendSV_Handler) for PendSV_Handler
    startup_stm32f10x_hd.o(RESET) refers to stm32f10x_it.o(i.SysTick_Handler) for SysTick_Handler
    startup_stm32f10x_hd.o(RESET) refers to uart.o(i.DMA1_Channel5_IRQHandler) for DMA1_Channel5_IRQHandler
    startup_stm32f10x_hd.o(RESET) refers to uart.o(i.DMA1_Channel6_IRQHandler) for DMA1_Channel6_IRQHandler
    startup_stm32f10x_hd.o(RESET) refers to uart.o(i.USART1_IRQHandler) for USART1_IRQHandler
    startup_stm32f10x_hd.o(RESET) refers to uart.o(i.USART2_IRQHandler) for USART2_IRQHandler
    startup_stm32f10x_hd.o(.text) refers to system_stm32f10x.o(i.SystemInit) for SystemInit
    startup_stm32f10x_hd.o(.text) refers to entry.o(.ARM.Collect$$$$00000000) for __main
    stm32f10x_adc.o(i.ADC_DeInit) refers to stm32f10x_rcc.o(i.RCC_APB2PeriphResetCmd) for RCC_APB2PeriphResetCmd
    stm32f10x_bkp.o(i.BKP_DeInit) refers to stm32f10x_rcc.o(i.RCC_BackupResetCmd) for RCC_BackupResetCmd
    stm32f10x_can.o(i.CAN_DeInit) refers to stm32f10x_rcc.o(i.RCC_APB1PeriphResetCmd) for RCC_APB1PeriphResetCmd
    stm32f10x_can.o(i.CAN_GetITStatus) refers to stm32f10x_can.o(i.CheckITStatus) for CheckITStatus
    stm32f10x_cec.o(i.CEC_DeInit) refers to stm32f10x_rcc.o(i.RCC_APB1PeriphResetCmd) for RCC_APB1PeriphResetCmd
    stm32f10x_dac.o(i.DAC_DeInit) refers to stm32f10x_rcc.o(i.RCC_APB1PeriphResetCmd) for RCC_APB1PeriphResetCmd
    stm32f10x_flash.o(i.FLASH_EnableWriteProtection) refers to stm32f10x_flash.o(i.FLASH_WaitForLastOperation) for FLASH_WaitForLastOperation
    stm32f10x_flash.o(i.FLASH_EraseAllBank1Pages) refers to stm32f10x_flash.o(i.FLASH_WaitForLastBank1Operation) for FLASH_WaitForLastBank1Operation
    stm32f10x_flash.o(i.FLASH_EraseAllPages) refers to stm32f10x_flash.o(i.FLASH_WaitForLastOperation) for FLASH_WaitForLastOperation
    stm32f10x_flash.o(i.FLASH_EraseOptionBytes) refers to stm32f10x_flash.o(i.FLASH_GetReadOutProtectionStatus) for FLASH_GetReadOutProtectionStatus
    stm32f10x_flash.o(i.FLASH_EraseOptionBytes) refers to stm32f10x_flash.o(i.FLASH_WaitForLastOperation) for FLASH_WaitForLastOperation
    stm32f10x_flash.o(i.FLASH_ErasePage) refers to stm32f10x_flash.o(i.FLASH_WaitForLastOperation) for FLASH_WaitForLastOperation
    stm32f10x_flash.o(i.FLASH_ProgramHalfWord) refers to stm32f10x_flash.o(i.FLASH_WaitForLastOperation) for FLASH_WaitForLastOperation
    stm32f10x_flash.o(i.FLASH_ProgramOptionByteData) refers to stm32f10x_flash.o(i.FLASH_WaitForLastOperation) for FLASH_WaitForLastOperation
    stm32f10x_flash.o(i.FLASH_ProgramWord) refers to stm32f10x_flash.o(i.FLASH_WaitForLastOperation) for FLASH_WaitForLastOperation
    stm32f10x_flash.o(i.FLASH_ReadOutProtection) refers to stm32f10x_flash.o(i.FLASH_WaitForLastOperation) for FLASH_WaitForLastOperation
    stm32f10x_flash.o(i.FLASH_UserOptionByteConfig) refers to stm32f10x_flash.o(i.FLASH_WaitForLastOperation) for FLASH_WaitForLastOperation
    stm32f10x_flash.o(i.FLASH_WaitForLastBank1Operation) refers to stm32f10x_flash.o(i.FLASH_GetBank1Status) for FLASH_GetBank1Status
    stm32f10x_flash.o(i.FLASH_WaitForLastOperation) refers to stm32f10x_flash.o(i.FLASH_GetBank1Status) for FLASH_GetBank1Status
    stm32f10x_gpio.o(i.GPIO_AFIODeInit) refers to stm32f10x_rcc.o(i.RCC_APB2PeriphResetCmd) for RCC_APB2PeriphResetCmd
    stm32f10x_gpio.o(i.GPIO_DeInit) refers to stm32f10x_rcc.o(i.RCC_APB2PeriphResetCmd) for RCC_APB2PeriphResetCmd
    stm32f10x_i2c.o(i.I2C_DeInit) refers to stm32f10x_rcc.o(i.RCC_APB1PeriphResetCmd) for RCC_APB1PeriphResetCmd
    stm32f10x_i2c.o(i.I2C_Init) refers to stm32f10x_rcc.o(i.RCC_GetClocksFreq) for RCC_GetClocksFreq
[...]
    ../clib/microlib/string/memcpy.c         0x00000000   Number         0  memcpyb.o ABSOLUTE
    ../clib/microlib/string/memset.c         0x00000000   Number         0  memseta.o ABSOLUTE
    ../clib/microlib/string/strlen.c         0x00000000   Number         0  strlen.o ABSOLUTE
    ../clib/microlib/stubs.s                 0x00000000   Number         0  iusefp.o ABSOLUTE
    ../fplib/microlib/d2f.c                  0x00000000   Number         0  d2f.o ABSOLUTE
    ../fplib/microlib/fpadd.c                0x00000000   Number         0  dadd.o ABSOLUTE
    ../fplib/microlib/fpdiv.c                0x00000000   Number         0  ddiv.o ABSOLUTE
    ../fplib/microlib/fpepilogue.c           0x00000000   Number         0  fepilogue.o ABSOLUTE
    ../fplib/microlib/fpepilogue.c           0x00000000   Number         0  depilogue.o ABSOLUTE
    ../fplib/microlib/fpfix.c                0x00000000   Number         0  ffixi.o ABSOLUTE
    ../fplib/microlib/fpflt.c                0x00000000   Number         0  dfltui.o ABSOLUTE
    ../fplib/microlib/fpmul.c                0x00000000   Number         0  dmul.o ABSOLUTE
    ../fplib/microlib/fpscalb.c              0x00000000   Number         0  fscalb.o ABSOLUTE
    ../fplib/microlib/fpscalb.c              0x00000000   Number         0  dscalb.o ABSOLUTE
    ..\Libraries\CMSIS\CM3\CoreSupport\core_cm3.c 0x00000000   Number         0  core_cm3.o ABSOLUTE
    ..\Libraries\CMSIS\CM3\DeviceSupport\ST\STM32F10x\startup\arm\startup_stm32f10x_hd.s 0x00000000   Number         0  startup_stm32f10x_hd.o ABSOLUTE
    ..\Libraries\CMSIS\CM3\DeviceSupport\ST\STM32F10x\system_stm32f10x.c 0x00000000   Number         0  system_stm32f10x.o ABSOLUTE
    ..\Libraries\STM32F10x_StdPeriph_Driver\src\misc.c 0x00000000   Number         0  misc.o ABSOLUTE
    ..\Libraries\STM32F10x_StdPeriph_Driver\src\stm32f10x_adc.c 0x00000000   Number         0  stm32f10x_adc.o ABSOLUTE
    ..\Libraries\STM32F10x_StdPeriph_Driver\src\stm32f10x_bkp.c 0x00000000   Number         0  stm32f10x_bkp.o ABSOLUTE
    ..\Libraries\STM32F10x_StdPeriph_Driver\src\stm32f10x_can.c 0x00000000   Number         0  stm32f10x_can.o ABSOLUTE
    ..\Libraries\STM32F10x_StdPeriph_Driver\src\stm32f10x_cec.c 0x00000000   Number         0  stm32f10x_cec.o ABSOLUTE
    ..\Libraries\STM32F10x_StdPeriph_Driver\src\stm32f10x_crc.c 0x00000000   Number         0  stm32f10x_crc.o ABSOLUTE
    ..\Libraries\STM32F10x_StdPeriph_Driver\src\stm32f10x_dac.c 0x00000000   Number         0  stm32f10x_dac.o ABSOLUTE
    ..\Libraries\STM32F10x_StdPeriph_Driver\src\stm32f10x_dbgmcu.c 0x00000000   Number         0  stm32f10x_dbgmcu.o ABSOLUTE
    ..\Libraries\STM32F10x_StdPeriph_Driver\src\stm32f10x_dma.c 0x00000000   Number         0  stm32f10x_dma.o ABSOLUTE
    ..\Libraries\STM32F10x_StdPeriph_Driver\src\stm32f10x_exti.c 0x00000000   Number         0  stm32f10x_exti.o ABSOLUTE
    ..\Libraries\STM32F10x_StdPeriph_Driver\src\stm32f10x_flash.c 0x00000000   Number         0  stm32f10x_flash.o ABSOLUTE
    ..\Libraries\STM32F10x_StdPeriph_Driver\src\stm32f10x_fsmc.c 0x00000000   Number         0  stm32f10x_fsmc.o ABSOLUTE
    ..\Libraries\STM32F10x_StdPeriph_Driver\src\stm32f10x_gpio.c 0x00000000   Number         0  stm32f10x_gpio.o ABSOLUTE
    ..\Libraries\STM32F10x_StdPeriph_Driver\src\stm32f10x_i2c.c 0x00000000   Number         0  stm32f10x_i2c.o ABSOLUTE
    ..\Libraries\STM32F10x_StdPeriph_Driver\src\stm32f10x_iwdg.c 0x00000000   Number         0  stm32f10x_iwdg.o ABSOLUTE
    ..\Libraries\STM32F10x_StdPeriph_Driver\src\stm32f10x_pwr.c 0x00000000   Number         0  stm32f10x_pwr.o ABSOLUTE
    ..\Libraries\STM32F10x_StdPeriph_Driver\src\stm32f10x_rcc.c 0x00000000   Number         0  stm32f10x_rcc.o ABSOLUTE
    ..\Libraries\STM32F10x_StdPeriph_Driver\src\stm32f10x_rtc.c 0x00000000   Number         0  stm32f10x_rtc.o ABSOLUTE
    ..\Libraries\STM32F10x_StdPeriph_Driver\src\stm32f10x_sdio.c 0x00000000   Number         0  stm32f10x_sdio.o ABSOLUTE
    ..\Libraries\STM32F10x_StdPeriph_Driver\src\stm32f10x_spi.c 0x00000000   Number         0  stm32f10x_spi.o ABSOLUTE
    ..\Libraries\STM32F10x_StdPeriph_Driver\src\stm32f10x_tim.c 0x00000000   Number         0  stm32f10x_tim.o ABSOLUTE
    ..\Libraries\STM32F10x_StdPeriph_Driver\src\stm32f10x_usart.c 0x00000000   Number         0  stm32f10x_usart.o ABSOLUTE
    ..\Libraries\STM32F10x_StdPeriph_Driver\src\stm32f10x_wwdg.c 0x00000000   Number         0  stm32f10x_wwdg.o ABSOLUTE
    ..\User\ADAU1701\ADAU1701-gpio-test_IC_1.cpp 0x00000000   Number         0  adau1701-gpio-test_ic_1.o ABSOLUTE
    ..\User\AP\Adc.cpp                       0x00000000   Number         0  adc.o ABSOLUTE
    ..\User\AP\Gpio.cpp                      0x00000000   Number         0  gpio.o ABSOLUTE
    ..\User\AP\I2C.cpp                       0x00000000   Number         0  i2c.o ABSOLUTE
    ..\User\AP\Scene.cpp                     0x00000000   Number         0  scene.o ABSOLUTE
    ..\User\AP\Time.cpp                      0x00000000   Number         0  time.o ABSOLUTE
    ..\User\AP\dsp.cpp                       0x00000000   Number         0  dsp.o ABSOLUTE
    ..\User\AP\eeprom.cpp                    0x00000000   Number         0  eeprom.o ABSOLUTE
    ..\User\AP\key.cpp                       0x00000000   Number         0  key.o ABSOLUTE
    ..\User\AP\main.cpp                      0x00000000   Number         0  main.o ABSOLUTE
    ..\User\AP\reset.cpp                     0x00000000   Number         0  reset.o ABSOLUTE
    ..\User\AP\stm32f10x_it.c                0x00000000   Number         0  stm32f10x_it.o ABSOLUTE
    ..\User\AP\tpa5050.cpp                   0x00000000   Number         0  tpa5050.o ABSOLUTE
    ..\User\Common\flash_if.cpp              0x00000000   Number         0  flash_if.o ABSOLUTE
    ..\User\Common\iap.cpp                   0x00000000   Number         0  iap.o ABSOLUTE
    ..\User\Common\led.cpp                   0x00000000   Number         0  led.o ABSOLUTE
    ..\User\Common\packet.cpp                0x00000000   Number         0  packet.o ABSOLUTE
    ..\User\Common\uart.cpp                  0x00000000   Number         0  uart.o ABSOLUTE
    ..\User\McuIf\McuMsg.cpp                 0x00000000   Number         0  mcumsg.o ABSOLUTE
    ..\User\McuIf\comfifo.cpp                0x00000000   Number         0  comfifo.o ABSOLUTE
    ..\\Libraries\\CMSIS\\CM3\\CoreSupport\\core_cm3.c 0x00000000   Number         0  core_cm3.o ABSOLUTE
    dc.s                                     0x00000000   Number         0  dc.o ABSOLUTE
    handlers.s                               0x00000000   Number         0  handlers.o ABSOLUTE
    init.s                                   0x00000000   Number         0  init.o ABSOLUTE
    RESET                                    0x08000000   Section      304  startup_stm32f10x_hd.o(RESET)
    .ARM.Collect$$$$00000000                 0x08000130   Section        0  entry.o(.ARM.Collect$$$$00000000)
    .ARM.Collect$$$$00000001                 0x08000130   Section        4  entry2.o(.ARM.Collect$$$$00000001)
    .ARM.Collect$$$$00000004                 0x08000134   Section        4  entry5.o(.ARM.Collect$$$$00000004)
    .ARM.Collect$$$$00000008                 0x08000138   Section        0  entry7b.o(.ARM.Collect$$$$00000008)
    .ARM.Collect$$$$00000009                 0x08000138   Section        8  entry8.o(.ARM.Collect$$$$00000009)
    .ARM.Collect$$$$00002712                 0x08000140   Section        4  entry2.o(.ARM.Collect$$$$00002712)
    __lit__00000000                          0x08000140   Data           4  entry2.o(.ARM.Collect$$$$00002712)
    .emb_text                                0x08000144   Section       32  core_cm3.o(.emb_text)
    .text                                    0x08000164   Section       36  startup_stm32f10x_hd.o(.text)
    .text                                    0x08000188   Section        0  memcpya.o(.text)
    .text                                    0x080001ac   Section        0  memseta.o(.text)
    .text                                    0x080001d0   Section        0  strlen.o(.text)
    .text                                    0x080001e0   Section        0  fscalb.o(.text)
    .text                                    0x080001f8   Section        0  dadd.o(.text)
    .text                                    0x08000346   Section        0  dmul.o(.text)
    .text                                    0x0800042a   Section        0  ddiv.o(.text)
    .text                                    0x08000508   Section        0  dscalb.o(.text)
    .text                                    0x08000536   Section        0  dfltui.o(.text)
    .text                                    0x08000550   Section        0  ffixi.o(.text)
    .text                                    0x08000582   Section        0  d2f.o(.text)
    .text                                    0x080005ba   Section        0  llshl.o(.text)
    .text                                    0x080005d8   Section        0  llsshr.o(.text)
    .text                                    0x080005fc   Section        0  fepilogue.o(.text)
    .text                                    0x080005fc   Section        0  iusefp.o(.text)
    .text                                    0x08000668   Section        0  depilogue.o(.text)
    .text                                    0x08000728   Section       36  init.o(.text)
    .text                                    0x0800074c   Section        0  llushr.o(.text)
    i.ADC_Cmd                                0x0800076c   Section        0  stm32f10x_adc.o(i.ADC_Cmd)
    i.ADC_DMACmd                             0x08000780   Section        0  stm32f10x_adc.o(i.ADC_DMACmd)
    i.ADC_GetCalibrationStatus               0x08000794   Section        0  stm32f10x_adc.o(i.ADC_GetCalibrationStatus)
    i.ADC_GetResetCalibrationStatus          0x080007a2   Section        0  stm32f10x_adc.o(i.ADC_GetResetCalibrationStatus)
    i.ADC_Init                               0x080007b0   Section        0  stm32f10x_adc.o(i.ADC_Init)
    i.ADC_RegularChannelConfig               0x080007f8   Section        0  stm32f10x_adc.o(i.ADC_RegularChannelConfig)
    i.ADC_ResetCalibration                   0x0800086c   Section        0  stm32f10x_adc.o(i.ADC_ResetCalibration)
    i.ADC_SoftwareStartConvCmd               0x08000876   Section        0  stm32f10x_adc.o(i.ADC_SoftwareStartConvCmd)
    i.ADC_StartCalibration                   0x0800088a   Section        0  stm32f10x_adc.o(i.ADC_StartCalibration)
    i.AP_Init                                0x08000894   Section        0  mcumsg.o(i.AP_Init)
    i.AP_MsgDspTopoUpdateMode                0x08000954   Section        0  mcumsg.o(i.AP_MsgDspTopoUpdateMode)
    i.AP_MsgGetVersion                       0x08000998   Section        0  mcumsg.o(i.AP_MsgGetVersion)
    i.AP_MsgReadDsp                          0x080009c0   Section        0  mcumsg.o(i.AP_MsgReadDsp)
    i.AP_MsgReadEeprom                       0x080009ea   Section        0  mcumsg.o(i.AP_MsgReadEeprom)
    i.AP_MsgRebootMcu                        0x08000a18   Section        0  mcumsg.o(i.AP_MsgRebootMcu)
    i.AP_MsgSafeloadDsp                      0x08000a78   Section        0  mcumsg.o(i.AP_MsgSafeloadDsp)
    i.AP_MsgSafeloadWithExtDsp               0x08000aa2   Section        0  mcumsg.o(i.AP_MsgSafeloadWithExtDsp)
    i.AP_MsgSceneChangeDsp                   0x08000ace   Section        0  mcumsg.o(i.AP_MsgSceneChangeDsp)
    i.AP_MsgTopoHeaderDsp                    0x08000af8   Section        0  mcumsg.o(i.AP_MsgTopoHeaderDsp)
    i.AP_MsgWriteDsp                         0x08000b12   Section        0  mcumsg.o(i.AP_MsgWriteDsp)
    i.AP_MsgWriteEeprom                      0x08000b3c   Section        0  mcumsg.o(i.AP_MsgWriteEeprom)
    i.AP_MsgWriteWithExtDsp                  0x08000b66   Section        0  mcumsg.o(i.AP_MsgWriteWithExtDsp)
    i.Adc_Deal                               0x08000b94   Section        0  adc.o(i.Adc_Deal)
    i.Adc_GetValue                           0x08000d40   Section        0  adc.o(i.Adc_GetValue)
    i.Adc_Open                               0x08000d48   Section        0  adc.o(i.Adc_Open)
    i.BusFault_Handler                       0x08000e4c   Section        0  stm32f10x_it.o(i.BusFault_Handler)
    i.CalcMsgCrc                             0x08000e4e   Section        0  mcumsg.o(i.CalcMsgCrc)
    i.Calcrc32                               0x08000e64   Section        0  mcumsg.o(i.Calcrc32)
    i.CheckMsgCrc                            0x08000e8c   Section        0  mcumsg.o(i.CheckMsgCrc)
    i.CopyReadComFifo                        0x08000ea4   Section        0  comfifo.o(i.CopyReadComFifo)
    i.DMA1_Channel5_IRQHandler               0x08000ed4   Section        0  uart.o(i.DMA1_Channel5_IRQHandler)
    i.DMA1_Channel6_IRQHandler               0x08000f28   Section        0  uart.o(i.DMA1_Channel6_IRQHandler)
    i.DMA_ClearITPendingBit                  0x08000f7c   Section        0  stm32f10x_dma.o(i.DMA_ClearITPendingBit)
    i.DMA_Cmd                                0x08000f94   Section        0  stm32f10x_dma.o(i.DMA_Cmd)
    i.DMA_DeInit                             0x08000fac   Section        0  stm32f10x_dma.o(i.DMA_DeInit)
    i.DMA_GetCurrDataCounter                 0x08001090   Section        0  stm32f10x_dma.o(i.DMA_GetCurrDataCounter)
    i.DMA_GetITStatus                        0x08001098   Section        0  stm32f10x_dma.o(i.DMA_GetITStatus)
    i.DMA_ITConfig                           0x080010b8   Section        0  stm32f10x_dma.o(i.DMA_ITConfig)
    i.DMA_Init                               0x080010c8   Section        0  stm32f10x_dma.o(i.DMA_Init)
    i.DMA_SetCurrDataCounter                 0x08001102   Section        0  stm32f10x_dma.o(i.DMA_SetCurrDataCounter)
    i.DSP_TopoUpgrade                        0x08001108   Section        0  iap.o(i.DSP_TopoUpgrade)
    i.DebugMon_Handler                       0x080011cc   Section        0  stm32f10x_it.o(i.DebugMon_Handler)
    i.Dsp_Open                               0x080011d0   Section        0  dsp.o(i.Dsp_Open)
    i.Dsp_Read                               0x080011fc   Section        0  dsp.o(i.Dsp_Read)
    Dsp_Read                                 0x080011fd   Thumb Code    24  dsp.o(i.Dsp_Read)
    i.Dsp_SaftLoadWriteRegister              0x08001214   Section        0  dsp.o(i.Dsp_SaftLoadWriteRegister)
    Dsp_SaftLoadWriteRegister                0x08001215   Thumb Code   190  dsp.o(i.Dsp_SaftLoadWriteRegister)
    i.Dsp_WriteRegisterBlock                 0x080012d2   Section        0  dsp.o(i.Dsp_WriteRegisterBlock)
    Dsp_WriteRegisterBlock                   0x080012d3   Thumb Code    22  dsp.o(i.Dsp_WriteRegisterBlock)
    i.Eeprom_Open                            0x080012e8   Section        0  eeprom.o(i.Eeprom_Open)
    i.Eeprom_Read                            0x0800130c   Section        0  eeprom.o(i.Eeprom_Read)
    Eeprom_Read                              0x0800130d   Thumb Code    24  eeprom.o(i.Eeprom_Read)
    i.Eeprom_Write                           0x08001324   Section        0  eeprom.o(i.Eeprom_Write)
    Eeprom_Write                             0x08001325   Thumb Code   126  eeprom.o(i.Eeprom_Write)
    i.EraseDSP_Topo                          0x080013a4   Section        0  iap.o(i.EraseDSP_Topo)
    i.FLASH_CFG_Erase                        0x080013c4   Section        0  flash_if.o(i.FLASH_CFG_Erase)
    i.FLASH_CFG_Write                        0x080013e8   Section        0  flash_if.o(i.FLASH_CFG_Write)
    i.FLASH_ErasePage                        0x08001428   Section        0  stm32f10x_flash.o(i.FLASH_ErasePage)
    i.FLASH_GetBank1Status                   0x08001464   Section        0  stm32f10x_flash.o(i.FLASH_GetBank1Status)
    i.FLASH_If_Erase                         0x0800148c   Section        0  flash_if.o(i.FLASH_If_Erase)
    i.FLASH_If_Init                          0x080014b0   Section        0  flash_if.o(i.FLASH_If_Init)
    i.FLASH_If_Write                         0x080014b4   Section        0  flash_if.o(i.FLASH_If_Write)
    i.FLASH_Lock                             0x080014ec   Section        0  stm32f10x_flash.o(i.FLASH_Lock)
    i.FLASH_ProgramWord                      0x080014fc   Section        0  stm32f10x_flash.o(i.FLASH_ProgramWord)
    i.FLASH_Unlock                           0x08001544   Section        0  stm32f10x_flash.o(i.FLASH_Unlock)
    i.FLASH_WaitForLastOperation             0x0800155c   Section        0  stm32f10x_flash.o(i.FLASH_WaitForLastOperation)
    i.FLASH_if_UnInit                        0x08001580   Section        0  flash_if.o(i.FLASH_if_UnInit)
    i.FloatTo5p23                            0x08001584   Section        0  adc.o(i.FloatTo5p23)
    i.GPIO_Init                              0x080015bc   Section        0  stm32f10x_gpio.o(i.GPIO_Init)
    i.GPIO_ReadInputDataBit                  0x0800165e   Section        0  stm32f10x_gpio.o(i.GPIO_ReadInputDataBit)
    i.GPIO_ReadOutputDataBit                 0x0800166c   Section        0  stm32f10x_gpio.o(i.GPIO_ReadOutputDataBit)
    i.GPIO_ResetBits                         0x0800167a   Section        0  stm32f10x_gpio.o(i.GPIO_ResetBits)
    i.GPIO_SetBits                           0x0800167e   Section        0  stm32f10x_gpio.o(i.GPIO_SetBits)
    i.GPIO_WriteBit                          0x08001682   Section        0  stm32f10x_gpio.o(i.GPIO_WriteBit)
    i.GetDSPTopoHeader                       0x0800168c   Section        0  adau1701-gpio-test_ic_1.o(i.GetDSPTopoHeader)
    i.GetFifoDataLen                         0x08001698   Section        0  comfifo.o(i.GetFifoDataLen)
    i.GetMcuMsg                              0x080016b2   Section        0  mcumsg.o(i.GetMcuMsg)
    i.Gpio_Open                              0x08001728   Section        0  gpio.o(i.Gpio_Open)
    i.Gpio_Read                              0x08001784   Section        0  gpio.o(i.Gpio_Read)
    i.Gpio_Reset                             0x0800178c   Section        0  gpio.o(i.Gpio_Reset)
    i.Gpio_Reverse                           0x08001794   Section        0  gpio.o(i.Gpio_Reverse)
    i.Gpio_Set                               0x080017b4   Section        0  gpio.o(i.Gpio_Set)
    i.HardFault_Handler                      0x080017bc   Section        0  stm32f10x_it.o(i.HardFault_Handler)
    i.I2C_AcknowledgeConfig                  0x080017be   Section        0  stm32f10x_i2c.o(i.I2C_AcknowledgeConfig)
    i.I2C_CheckEvent                         0x080017d2   Section        0  stm32f10x_i2c.o(i.I2C_CheckEvent)
    i.I2C_Cmd                                0x080017ea   Section        0  stm32f10x_i2c.o(i.I2C_Cmd)
    i.I2C_Configuration                      0x08001800   Section        0  i2c.o(i.I2C_Configuration)
    i.I2C_DeInit                             0x08001884   Section        0  stm32f10x_i2c.o(i.I2C_DeInit)
    i.I2C_GenerateSTART                      0x080018b0   Section        0  stm32f10x_i2c.o(i.I2C_GenerateSTART)
    i.I2C_GenerateSTOP                       0x080018c4   Section        0  stm32f10x_i2c.o(i.I2C_GenerateSTOP)
    i.I2C_GetFlagStatus                      0x080018d8   Section        0  stm32f10x_i2c.o(i.I2C_GetFlagStatus)
    i.I2C_Init                               0x080018f8   Section        0  stm32f10x_i2c.o(i.I2C_Init)
    i.I2C_Read_16                            0x080019b0   Section        0  i2c.o(i.I2C_Read_16)
    i.I2C_ReceiveData                        0x08001b30   Section        0  stm32f10x_i2c.o(i.I2C_ReceiveData)
    i.I2C_Send7bitAddress                    0x08001b36   Section        0  stm32f10x_i2c.o(i.I2C_Send7bitAddress)
    i.I2C_SendData                           0x08001b46   Section        0  stm32f10x_i2c.o(i.I2C_SendData)
    i.I2C_Write                              0x08001b4c   Section        0  i2c.o(i.I2C_Write)
    i.I2C_Write_16                           0x08001c30   Section        0  i2c.o(i.I2C_Write_16)
    i.I2c_Close                              0x08001d38   Section        0  i2c.o(i.I2c_Close)
    I2c_Close                                0x08001d39   Thumb Code    24  i2c.o(i.I2c_Close)
    i.I2c_Open                               0x08001d50   Section        0  i2c.o(i.I2c_Open)
    i.I2c_ReOpen                             0x08001e08   Section        0  i2c.o(i.I2c_ReOpen)
    i.I2c_Read                               0x08001e28   Section        0  i2c.o(i.I2c_Read)
    I2c_Read                                 0x08001e29   Thumb Code   330  i2c.o(i.I2c_Read)
    i.I2c_Read_16                            0x08001f7c   Section        0  i2c.o(i.I2c_Read_16)
    I2c_Read_16                              0x08001f7d   Thumb Code   370  i2c.o(i.I2c_Read_16)
    i.I2c_Write                              0x080020f8   Section        0  i2c.o(i.I2c_Write)
    I2c_Write                                0x080020f9   Thumb Code   224  i2c.o(i.I2c_Write)
    i.I2c_Write_16                           0x080021e0   Section        0  i2c.o(i.I2c_Write_16)
    I2c_Write_16                             0x080021e1   Thumb Code   256  i2c.o(i.I2c_Write_16)
    i.InitComFifo                            0x080022e8   Section        0  comfifo.o(i.InitComFifo)
    i.IsDspTopoValid                         0x080022fc   Section        0  adau1701-gpio-test_ic_1.o(i.IsDspTopoValid)
    i.Jmp2Boot                               0x08002324   Section        0  iap.o(i.Jmp2Boot)
    i.Key_Deal                               0x0800234c   Section        0  key.o(i.Key_Deal)
    i.Key_Init                               0x08002378   Section        0  key.o(i.Key_Init)
    i.Key_Open                               0x080023cc   Section        0  key.o(i.Key_Open)
    i.Key_Proc                               0x0800240c   Section        0  key.o(i.Key_Proc)
    i.Key_Scan                               0x0800242a   Section        0  key.o(i.Key_Scan)
    i.Led_Off                                0x0800247c   Section        0  led.o(i.Led_Off)
    i.Led_On                                 0x08002482   Section        0  led.o(i.Led_On)
    i.Led_Open                               0x08002488   Section        0  led.o(i.Led_Open)
    i.Led_Reverse                            0x080024b0   Section        0  led.o(i.Led_Reverse)
    i.LedsInit                               0x080024b8   Section        0  led.o(i.LedsInit)
    i.LedsProcess                            0x08002548   Section        0  led.o(i.LedsProcess)
    i.MakeMcuMsg                             0x08002604   Section        0  mcumsg.o(i.MakeMcuMsg)
    i.MemManage_Handler                      0x08002638   Section        0  stm32f10x_it.o(i.MemManage_Handler)
    i.NMI_Handler                            0x0800263a   Section        0  stm32f10x_it.o(i.NMI_Handler)
    i.NVIC_Init                              0x0800263c   Section        0  misc.o(i.NVIC_Init)
    i.NVIC_PriorityGroupConfig               0x080026a0   Section        0  misc.o(i.NVIC_PriorityGroupConfig)
    i.NVIC_SetPriority                       0x080026b4   Section        0  time.o(i.NVIC_SetPriority)
    NVIC_SetPriority                         0x080026b5   Thumb Code    22  time.o(i.NVIC_SetPriority)
    i.NVIC_SetVectorTable                    0x080026d4   Section        0  misc.o(i.NVIC_SetVectorTable)
    i.PendSV_Handler                         0x080026e8   Section        0  stm32f10x_it.o(i.PendSV_Handler)
    i.RCC_ADCCLKConfig                       0x080026ec   Section        0  stm32f10x_rcc.o(i.RCC_ADCCLKConfig)
    i.RCC_AHBPeriphClockCmd                  0x08002700   Section        0  stm32f10x_rcc.o(i.RCC_AHBPeriphClockCmd)
    i.RCC_APB1PeriphClockCmd                 0x08002718   Section        0  stm32f10x_rcc.o(i.RCC_APB1PeriphClockCmd)
    i.RCC_APB1PeriphResetCmd                 0x08002730   Section        0  stm32f10x_rcc.o(i.RCC_APB1PeriphResetCmd)
    i.RCC_APB2PeriphClockCmd                 0x08002748   Section        0  stm32f10x_rcc.o(i.RCC_APB2PeriphClockCmd)
    i.RCC_APB2PeriphResetCmd                 0x08002760   Section        0  stm32f10x_rcc.o(i.RCC_APB2PeriphResetCmd)
    i.RCC_GetClocksFreq                      0x08002778   Section        0  stm32f10x_rcc.o(i.RCC_GetClocksFreq)
    i.Read24C256                             0x08002820   Section        0  eeprom.o(i.Read24C256)
    i.ReadComFifo                            0x08002838   Section        0  comfifo.o(i.ReadComFifo)
    i.ReadDSP                                0x0800286c   Section        0  dsp.o(i.ReadDSP)
    i.Reset_Disable                          0x08002884   Section        0  reset.o(i.Reset_Disable)
    i.Reset_Enable                           0x0800288a   Section        0  reset.o(i.Reset_Enable)
    i.Reset_Init                             0x08002890   Section        0  reset.o(i.Reset_Init)
    i.Reset_Open                             0x08002924   Section        0  reset.o(i.Reset_Open)
    i.Reset_TurnToIn                         0x0800294c   Section        0  reset.o(i.Reset_TurnToIn)
    i.SIGMA_SAFELOAD_WRITE_REGISTER          0x08002978   Section        0  dsp.o(i.SIGMA_SAFELOAD_WRITE_REGISTER)
    i.SIGMA_WRITE_REGISTER_BLOCK             0x08002a34   Section        0  dsp.o(i.SIGMA_WRITE_REGISTER_BLOCK)
    i.SVC_Handler                            0x08002a48   Section        0  stm32f10x_it.o(i.SVC_Handler)
    i.Scene_FindMsgDspExt                    0x08002a4c   Section        0  scene.o(i.Scene_FindMsgDspExt)
    i.Scene_Load                             0x08002aa0   Section        0  scene.o(i.Scene_Load)
    i.Scene_LoadMsgDspExt                    0x08002b2c   Section        0  scene.o(i.Scene_LoadMsgDspExt)
    i.Scene_Open                             0x08002b98   Section        0  scene.o(i.Scene_Open)
    i.Scene_SetCurrentMode                   0x08002bf8   Section        0  scene.o(i.Scene_SetCurrentMode)
    i.SendPacket                             0x08002c08   Section        0  packet.o(i.SendPacket)
    i.SendUpgradeAck                         0x08002c44   Section        0  packet.o(i.SendUpgradeAck)
    i.SetSysClockTo72                        0x08002c78   Section        0  system_stm32f10x.o(i.SetSysClockTo72)
    SetSysClockTo72                          0x08002c79   Thumb Code   138  system_stm32f10x.o(i.SetSysClockTo72)
    i.SoftReset                              0x08002d0c   Section        0  iap.o(i.SoftReset)
    i.SysTick_Handler                        0x08002d30   Section        0  stm32f10x_it.o(i.SysTick_Handler)
    i.SystemInit                             0x08002d34   Section        0  system_stm32f10x.o(i.SystemInit)
    i.TPA_SetDelay                           0x08002d84   Section        0  tpa5050.o(i.TPA_SetDelay)
    i.Time_GetSysMs                          0x08002dc0   Section        0  time.o(i.Time_GetSysMs)
    i.Time_Init                              0x08002dcc   Section        0  time.o(i.Time_Init)
    i.Time_SleepMs                           0x08002e18   Section        0  time.o(i.Time_SleepMs)
    i.Time_Update                            0x08002e2c   Section        0  time.o(i.Time_Update)
    i.Tpa5050_GetDelay                       0x08002e3c   Section        0  tpa5050.o(i.Tpa5050_GetDelay)
    Tpa5050_GetDelay                         0x08002e3d   Thumb Code    42  tpa5050.o(i.Tpa5050_GetDelay)
    i.Tpa5050_Open                           0x08002e68   Section        0  tpa5050.o(i.Tpa5050_Open)
    i.Tpa5050_SetDelay                       0x08002ea4   Section        0  tpa5050.o(i.Tpa5050_SetDelay)
    Tpa5050_SetDelay                         0x08002ea5   Thumb Code    56  tpa5050.o(i.Tpa5050_SetDelay)
    i.USART1_Configuration                   0x08002edc   Section        0  uart.o(i.USART1_Configuration)
    i.USART1_IRQHandler                      0x08003024   Section        0  uart.o(i.USART1_IRQHandler)
    i.USART2_Configuration                   0x0800307c   Section        0  uart.o(i.USART2_Configuration)
    i.USART2_IRQHandler                      0x080031a4   Section        0  uart.o(i.USART2_IRQHandler)
    i.USART_Cmd                              0x08003200   Section        0  stm32f10x_usart.o(i.USART_Cmd)
    i.USART_DMACmd                           0x08003214   Section        0  stm32f10x_usart.o(i.USART_DMACmd)
    i.USART_DeInit                           0x08003224   Section        0  stm32f10x_usart.o(i.USART_DeInit)
    i.USART_GetITStatus                      0x08003298   Section        0  stm32f10x_usart.o(i.USART_GetITStatus)
    i.USART_ITConfig                         0x080032d6   Section        0  stm32f10x_usart.o(i.USART_ITConfig)
    i.USART_Init                             0x08003308   Section        0  stm32f10x_usart.o(i.USART_Init)
    i.UintTo5p23                             0x080033bc   Section        0  adc.o(i.UintTo5p23)
    i.UsageFault_Handler                     0x080033d0   Section        0  stm32f10x_it.o(i.UsageFault_Handler)
    i.Usart1SendData                         0x080033d4   Section        0  uart.o(i.Usart1SendData)
    i.Usart2Cfg                              0x080033fc   Section        0  uart.o(i.Usart2Cfg)
    i.Write24C256                            0x080034d0   Section        0  eeprom.o(i.Write24C256)
    i.WriteComFifo                           0x0800354c   Section        0  comfifo.o(i.WriteComFifo)
    i.__scatterload_copy                     0x0800358e   Section       14  handlers.o(i.__scatterload_copy)
    i.__scatterload_null                     0x0800359c   Section        2  handlers.o(i.__scatterload_null)
    i.__scatterload_zeroinit                 0x0800359e   Section       14  handlers.o(i.__scatterload_zeroinit)
    i.default_download_IC_1                  0x080035ac   Section        0  adau1701-gpio-test_ic_1.o(i.default_download_IC_1)
    i.free                                   0x08003608   Section        0  malloc.o(i.free)
    i.main                                   0x08003658   Section        0  main.o(i.main)
    i.malloc                                 0x08003718   Section        0  malloc.o(i.malloc)
    i.switchAudioInput                       0x08003784   Section        0  key.o(i.switchAudioInput)
    switchAudioInput                         0x08003785   Thumb Code    78  key.o(i.switchAudioInput)
    i.switchScene                            0x080037d2   Section        0  key.o(i.switchScene)
    switchScene                              0x080037d3   Thumb Code    68  key.o(i.switchScene)
    .constdata                               0x08003818   Section       28  uart.o(.constdata)
    .constdata                               0x08003834   Section     1024  mcumsg.o(.constdata)
    crc32tab                                 0x08003834   Data        1024  mcumsg.o(.constdata)
    .ARM.__AT_0x08010400                     0x08010400   Section       36  main.o(.ARM.__AT_0x08010400)
    .data                                    0x20000000   Section       20  stm32f10x_rcc.o(.data)
    ADCPrescTable                            0x20000000   Data           4  stm32f10x_rcc.o(.data)
    APBAHBPrescTable                         0x20000004   Data          16  stm32f10x_rcc.o(.data)
    .data                                    0x20000014   Section       24  adau1701-gpio-test_ic_1.o(.data)
    g_pTopoHeader                            0x20000014   Data           4  adau1701-gpio-test_ic_1.o(.data)
    Program_Data_IC_1                        0x20000018   Data           4  adau1701-gpio-test_ic_1.o(.data)
    Param_Data_IC_1                          0x2000001c   Data           4  adau1701-gpio-test_ic_1.o(.data)
    R0_COREREGISTER_IC_1_Default             0x20000020   Data           4  adau1701-gpio-test_ic_1.o(.data)
    R3_HWCONFIGURATION_IC_1_Default          0x20000024   Data           4  adau1701-gpio-test_ic_1.o(.data)
    R4_COREREGISTER_IC_1_Default             0x20000028   Data           4  adau1701-gpio-test_ic_1.o(.data)
    .data                                    0x2000002c   Section        2  adc.o(.data)
    oldValue                                 0x2000002c   Data           2  adc.o(.data)
    .data                                    0x20000030   Section        8  key.o(.data)
    .data                                    0x20000038   Section        4  main.o(.data)
    .data                                    0x2000003c   Section       12  reset.o(.data)
    .data                                    0x20000048   Section        8  time.o(.data)
    time                                     0x20000048   Data           8  time.o(.data)
    .data                                    0x20000050   Section       24  iap.o(.data)
    runTime                                  0x20000050   Data           4  iap.o(.data)
    runTime                                  0x20000054   Data           4  iap.o(.data)
    .data                                    0x20000068   Section       40  led.o(.data)
    runTime                                  0x20000068   Data           4  led.o(.data)
    sceneTime                                0x2000006c   Data           4  led.o(.data)
    sceneLoadingTime                         0x20000070   Data           4  led.o(.data)
    sceneLoadingTimeCnt                      0x20000074   Data           4  led.o(.data)
    .data                                    0x20000090   Section        8  uart.o(.data)
    .data                                    0x20000098   Section        4  mvars.o(.data)
    .data                                    0x2000009c   Section        4  mvars.o(.data)
    .bss                                     0x200000a0   Section     1040  iap.o(.bss)
    .bss                                     0x200004b0   Section     1040  packet.o(.bss)
    .bss                                     0x200008c0   Section    20504  uart.o(.bss)
    HEAP                                     0x200058d8   Section    20480  startup_stm32f10x_hd.o(HEAP)
    STACK                                    0x2000a8d8   Section     1536  startup_stm32f10x_hd.o(STACK)

    Global Symbols

    Symbol Name                              Value     Ov Type        Size  Object(Section)

    BuildAttributes$$THM_ISAv4$P$D$K$B$S$PE$A:L22UL41UL21$X:L11$S22US41US21$IEEE1$IW$USESV6$~STKCKD$USESV7$~SHL$OTIME$ROPI$EBA8$MICROLIB$REQ8$PRES8$EABIv2 0x00000000   Number         0  anon$$obj.o ABSOLUTE
    __ARM_use_no_argv                        0x00000000   Number         0  main.o ABSOLUTE
    __decompress                              - Undefined Weak Reference
    _clock_init                               - Undefined Weak Reference
    __Vectors_Size                           0x00000130   Number         0  startup_stm32f10x_hd.o ABSOLUTE
    __Vectors                                0x08000000   Data           4  startup_stm32f10x_hd.o(RESET)
    __Vectors_End                            0x08000130   Data           0  startup_stm32f10x_hd.o(RESET)
    __main                                   0x08000131   Thumb Code     0  entry.o(.ARM.Collect$$$$00000000)
    _main_stk                                0x08000131   Thumb Code     0  entry2.o(.ARM.Collect$$$$00000001)
    _main_scatterload                        0x08000135   Thumb Code     0  entry5.o(.ARM.Collect$$$$00000004)
    __main_after_scatterload                 0x08000139   Thumb Code     0  entry5.o(.ARM.Collect$$$$00000004)
    _main_clock                              0x08000139   Thumb Code     0  entry7b.o(.ARM.Collect$$$$00000008)
    _main_init                               0x08000139   Thumb Code     0  entry8.o(.ARM.Collect$$$$00000009)
    __get_PSP                                0x08000145   Thumb Code     6  core_cm3.o(.emb_text)
    __set_PSP                                0x0800014b   Thumb Code     6  core_cm3.o(.emb_text)
    __get_MSP                                0x08000151   Thumb Code     6  core_cm3.o(.emb_text)
    __set_MSP                                0x08000157   Thumb Code     6  core_cm3.o(.emb_text)
    __REV16                                  0x0800015d   Thumb Code     4  core_cm3.o(.emb_text)
    __REVSH                                  0x08000161   Thumb Code     4  core_cm3.o(.emb_text)
    Reset_Handler                            0x08000165   Thumb Code     8  startup_stm32f10x_hd.o(.text)
    ADC1_2_IRQHandler                        0x0800017f   Thumb Code     0  startup_stm32f10x_hd.o(.text)
    ADC3_IRQHandler                          0x0800017f   Thumb Code     0  startup_stm32f10x_hd.o(.text)
    CAN1_RX1_IRQHandler                      0x0800017f   Thumb Code     0  startup_stm32f10x_hd.o(.text)
    CAN1_SCE_IRQHandler                      0x0800017f   Thumb Code     0  startup_stm32f10x_hd.o(.text)
    DMA1_Channel1_IRQHandler                 0x0800017f   Thumb Code     0  startup_stm32f10x_hd.o(.text)
    DMA1_Channel2_IRQHandler                 0x0800017f   Thumb Code     0  startup_stm32f10x_hd.o(.text)
    DMA1_Channel3_IRQHandler                 0x0800017f   Thumb Code     0  startup_stm32f10x_hd.o(.text)
    DMA1_Channel4_IRQHandler                 0x0800017f   Thumb Code     0  startup_stm32f10x_hd.o(.text)
    DMA1_Channel7_IRQHandler                 0x0800017f   Thumb Code     0  startup_stm32f10x_hd.o(.text)
    DMA2_Channel1_IRQHandler                 0x0800017f   Thumb Code     0  startup_stm32f10x_hd.o(.text)
    DMA2_Channel2_IRQHandler                 0x0800017f   Thumb Code     0  startup_stm32f10x_hd.o(.text)
    DMA2_Channel3_IRQHandler                 0x0800017f   Thumb Code     0  startup_stm32f10x_hd.o(.text)
    DMA2_Channel4_5_IRQHandler               0x0800017f   Thumb Code     0  startup_stm32f10x_hd.o(.text)
    EXTI0_IRQHandler                         0x0800017f   Thumb Code     0  startup_stm32f10x_hd.o(.text)
    EXTI15_10_IRQHandler                     0x0800017f   Thumb Code     0  startup_stm32f10x_hd.o(.text)
    EXTI1_IRQHandler                         0x0800017f   Thumb Code     0  startup_stm32f10x_hd.o(.text)
    EXTI2_IRQHandler                         0x0800017f   Thumb Code     0  startup_stm32f10x_hd.o(.text)
    EXTI3_IRQHandler                         0x0800017f   Thumb Code     0  startup_stm32f10x_hd.o(.text)
    EXTI4_IRQHandler                         0x0800017f   Thumb Code     0  startup_stm32f10x_hd.o(.text)
    EXTI9_5_IRQHandler                       0x0800017f   Thumb Code     0  startup_stm32f10x_hd.o(.text)
    FLASH_IRQHandler                         0x0800017f   Thumb Code     0  startup_stm32f10x_hd.o(.text)
    FSMC_IRQHandler                          0x0800017f   Thumb Code     0  startup_stm32f10x_hd.o(.text)
    I2C1_ER_IRQHandler                       0x0800017f   Thumb Code     0  startup_stm32f10x_hd.o(.text)
    I2C1_EV_IRQHandler                       0x0800017f   Thumb Code     0  startup_stm32f10x_hd.o(.text)
    I2C2_ER_IRQHandler                       0x0800017f   Thumb Code     0  startup_stm32f10x_hd.o(.text)
    I2C2_EV_IRQHandler                       0x0800017f   Thumb Code     0  startup_stm32f10x_hd.o(.text)
    PVD_IRQHandler                           0x0800017f   Thumb Code     0  startup_stm32f10x_hd.o(.text)
    RCC_IRQHandler                           0x0800017f   Thumb Code     0  startup_stm32f10x_hd.o(.text)
    RTCAlarm_IRQHandler                      0x0800017f   Thumb Code     0  startup_stm32f10x_hd.o(.text)
    RTC_IRQHandler                           0x0800017f   Thumb Code     0  startup_stm32f10x_hd.o(.text)
    SDIO_IRQHandler                          0x0800017f   Thumb Code     0  startup_stm32f10x_hd.o(.text)
    SPI1_IRQHandler                          0x0800017f   Thumb Code     0  startup_stm32f10x_hd.o(.text)
    SPI2_IRQHandler                          0x0800017f   Thumb Code     0  startup_stm32f10x_hd.o(.text)
    SPI3_IRQHandler                          0x0800017f   Thumb Code     0  startup_stm32f10x_hd.o(.text)
    TAMPER_IRQHandler                        0x0800017f   Thumb Code     0  startup_stm32f10x_hd.o(.text)
    TIM1_BRK_IRQHandler                      0x0800017f   Thumb Code     0  startup_stm32f10x_hd.o(.text)
    TIM1_CC_IRQHandler                       0x0800017f   Thumb Code     0  startup_stm32f10x_hd.o(.text)
    TIM1_TRG_COM_IRQHandler                  0x0800017f   Thumb Code     0  startup_stm32f10x_hd.o(.text)
    TIM1_UP_IRQHandler                       0x0800017f   Thumb Code     0  startup_stm32f10x_hd.o(.text)
    TIM2_IRQHandler                          0x0800017f   Thumb Code     0  startup_stm32f10x_hd.o(.text)
    TIM3_IRQHandler                          0x0800017f   Thumb Code     0  startup_stm32f10x_hd.o(.text)
    TIM4_IRQHandler                          0x0800017f   Thumb Code     0  startup_stm32f10x_hd.o(.text)
    TIM5_IRQHandler                          0x0800017f   Thumb Code     0  startup_stm32f10x_hd.o(.text)
    TIM6_IRQHandler                          0x0800017f   Thumb Code     0  startup_stm32f10x_hd.o(.text)
    TIM7_IRQHandler                          0x0800017f   Thumb Code     0  startup_stm32f10x_hd.o(.text)
    TIM8_BRK_IRQHandler                      0x0800017f   Thumb Code     0  startup_stm32f10x_hd.o(.text)
    TIM8_CC_IRQHandler                       0x0800017f   Thumb Code     0  startup_stm32f10x_hd.o(.text)
    TIM8_TRG_COM_IRQHandler                  0x0800017f   Thumb Code     0  startup_stm32f10x_hd.o(.text)
    TIM8_UP_IRQHandler                       0x0800017f   Thumb Code     0  startup_stm32f10x_hd.o(.text)
    UART4_IRQHandler                         0x0800017f   Thumb Code     0  startup_stm32f10x_hd.o(.text)
    UART5_IRQHandler                         0x0800017f   Thumb Code     0  startup_stm32f10x_hd.o(.text)
    USART3_IRQHandler                        0x0800017f   Thumb Code     0  startup_stm32f10x_hd.o(.text)
    USBWakeUp_IRQHandler                     0x0800017f   Thumb Code     0  startup_stm32f10x_hd.o(.text)
    USB_HP_CAN1_TX_IRQHandler                0x0800017f   Thumb Code     0  startup_stm32f10x_hd.o(.text)
    USB_LP_CAN1_RX0_IRQHandler               0x0800017f   Thumb Code     0  startup_stm32f10x_hd.o(.text)
    WWDG_IRQHandler                          0x0800017f   Thumb Code     0  startup_stm32f10x_hd.o(.text)
    __aeabi_memcpy                           0x08000189   Thumb Code    36  memcpya.o(.text)
    __aeabi_memcpy4                          0x08000189   Thumb Code     0  memcpya.o(.text)
    __aeabi_memcpy8                          0x08000189   Thumb Code     0  memcpya.o(.text)
    __aeabi_memset                           0x080001ad   Thumb Code    14  memseta.o(.text)
    __aeabi_memset4                          0x080001ad   Thumb Code     0  memseta.o(.text)
    __aeabi_memset8                          0x080001ad   Thumb Code     0  memseta.o(.text)
    __aeabi_memclr                           0x080001bb   Thumb Code     4  memseta.o(.text)
    __aeabi_memclr4                          0x080001bb   Thumb Code     0  memseta.o(.text)
    __aeabi_memclr8                          0x080001bb   Thumb Code     0  memseta.o(.text)
    _memset$wrapper                          0x080001bf   Thumb Code    18  memseta.o(.text)
    strlen                                   0x080001d1   Thumb Code    16  strlen.o(.text)
    __ARM_scalbnf                            0x080001e1   Thumb Code    24  fscalb.o(.text)
    scalbnf                                  0x080001e1   Thumb Code     0  fscalb.o(.text)
    __aeabi_dadd                             0x080001f9   Thumb Code   322  dadd.o(.text)
    __aeabi_dsub                             0x0800033b   Thumb Code     6  dadd.o(.text)
    __aeabi_drsub                            0x08000341   Thumb Code     6  dadd.o(.text)
    __aeabi_dmul                             0x08000347   Thumb Code   228  dmul.o(.text)
    __aeabi_ddiv                             0x0800042b   Thumb Code   222  ddiv.o(.text)
    __ARM_scalbn                             0x08000509   Thumb Code    46  dscalb.o(.text)
    scalbn                                   0x08000509   Thumb Code     0  dscalb.o(.text)
    __aeabi_ui2d                             0x08000537   Thumb Code    26  dfltui.o(.text)
    __aeabi_f2iz                             0x08000551   Thumb Code    50  ffixi.o(.text)
    __aeabi_d2f                              0x08000583   Thumb Code    56  d2f.o(.text)
    __aeabi_llsl                             0x080005bb   Thumb Code    30  llshl.o(.text)
    _ll_shift_l                              0x080005bb   Thumb Code     0  llshl.o(.text)
    __aeabi_lasr                             0x080005d9   Thumb Code    36  llsshr.o(.text)
    _ll_sshift_r                             0x080005d9   Thumb Code     0  llsshr.o(.text)
    __I$use$fp                               0x080005fd   Thumb Code     0  iusefp.o(.text)
    _float_round                             0x080005fd   Thumb Code    18  fepilogue.o(.text)
    _float_epilogue                          0x0800060f   Thumb Code    90  fepilogue.o(.text)
    _double_round                            0x08000669   Thumb Code    26  depilogue.o(.text)
    _double_epilogue                         0x08000683   Thumb Code   164  depilogue.o(.text)
    __scatterload                            0x08000729   Thumb Code    28  init.o(.text)
    __scatterload_rt2                        0x08000729   Thumb Code     0  init.o(.text)
    __aeabi_llsr                             0x0800074d   Thumb Code    32  llushr.o(.text)
    _ll_ushift_r                             0x0800074d   Thumb Code     0  llushr.o(.text)
    ADC_Cmd                                  0x0800076d   Thumb Code    20  stm32f10x_adc.o(i.ADC_Cmd)
    ADC_DMACmd                               0x08000781   Thumb Code    20  stm32f10x_adc.o(i.ADC_DMACmd)
    ADC_GetCalibrationStatus                 0x08000795   Thumb Code    14  stm32f10x_adc.o(i.ADC_GetCalibrationStatus)
    ADC_GetResetCalibrationStatus            0x080007a3   Thumb Code    14  stm32f10x_adc.o(i.ADC_GetResetCalibrationStatus)
    ADC_Init                                 0x080007b1   Thumb Code    62  stm32f10x_adc.o(i.ADC_Init)
    ADC_RegularChannelConfig                 0x080007f9   Thumb Code   116  stm32f10x_adc.o(i.ADC_RegularChannelConfig)
    ADC_ResetCalibration                     0x0800086d   Thumb Code    10  stm32f10x_adc.o(i.ADC_ResetCalibration)
    ADC_SoftwareStartConvCmd                 0x08000877   Thumb Code    20  stm32f10x_adc.o(i.ADC_SoftwareStartConvCmd)
    ADC_StartCalibration                     0x0800088b   Thumb Code    10  stm32f10x_adc.o(i.ADC_StartCalibration)
    AP_Init                                  0x08000895   Thumb Code   140  mcumsg.o(i.AP_Init)
    AP_MsgDspTopoUpdateMode                  0x08000955   Thumb Code    60  mcumsg.o(i.AP_MsgDspTopoUpdateMode)
    AP_MsgGetVersion                         0x08000999   Thumb Code    34  mcumsg.o(i.AP_MsgGetVersion)
    AP_MsgReadDsp                            0x080009c1   Thumb Code    42  mcumsg.o(i.AP_MsgReadDsp)
    AP_MsgReadEeprom                         0x080009eb   Thumb Code    46  mcumsg.o(i.AP_MsgReadEeprom)
    AP_MsgRebootMcu                          0x08000a19   Thumb Code    78  mcumsg.o(i.AP_MsgRebootMcu)
    AP_MsgSafeloadDsp                        0x08000a79   Thumb Code    42  mcumsg.o(i.AP_MsgSafeloadDsp)
    AP_MsgSafeloadWithExtDsp                 0x08000aa3   Thumb Code    44  mcumsg.o(i.AP_MsgSafeloadWithExtDsp)
    AP_MsgSceneChangeDsp                     0x08000acf   Thumb Code    42  mcumsg.o(i.AP_MsgSceneChangeDsp)
    AP_MsgTopoHeaderDsp                      0x08000af9   Thumb Code    26  mcumsg.o(i.AP_MsgTopoHeaderDsp)
    AP_MsgWriteDsp                           0x08000b13   Thumb Code    42  mcumsg.o(i.AP_MsgWriteDsp)
    AP_MsgWriteEeprom                        0x08000b3d   Thumb Code    42  mcumsg.o(i.AP_MsgWriteEeprom)
    AP_MsgWriteWithExtDsp                    0x08000b67   Thumb Code    44  mcumsg.o(i.AP_MsgWriteWithExtDsp)
    Adc_Deal                                 0x08000b95   Thumb Code   390  adc.o(i.Adc_Deal)
    Adc_GetValue                             0x08000d41   Thumb Code     6  adc.o(i.Adc_GetValue)
    Adc_Open                                 0x08000d49   Thumb Code   242  adc.o(i.Adc_Open)
    BusFault_Handler                         0x08000e4d   Thumb Code     2  stm32f10x_it.o(i.BusFault_Handler)
    CalcMsgCrc                               0x08000e4f   Thumb Code    22  mcumsg.o(i.CalcMsgCrc)
    Calcrc32                                 0x08000e65   Thumb Code    36  mcumsg.o(i.Calcrc32)
    CheckMsgCrc                              0x08000e8d   Thumb Code    24  mcumsg.o(i.CheckMsgCrc)
    CopyReadComFifo                          0x08000ea5   Thumb Code    46  comfifo.o(i.CopyReadComFifo)
    DMA1_Channel5_IRQHandler                 0x08000ed5   Thumb Code    74  uart.o(i.DMA1_Channel5_IRQHandler)
    DMA1_Channel6_IRQHandler                 0x08000f29   Thumb Code    72  uart.o(i.DMA1_Channel6_IRQHandler)
    DMA_ClearITPendingBit                    0x08000f7d   Thumb Code    16  stm32f10x_dma.o(i.DMA_ClearITPendingBit)
    DMA_Cmd                                  0x08000f95   Thumb Code    22  stm32f10x_dma.o(i.DMA_Cmd)
    DMA_DeInit                               0x08000fad   Thumb Code   218  stm32f10x_dma.o(i.DMA_DeInit)
    DMA_GetCurrDataCounter                   0x08001091   Thumb Code     6  stm32f10x_dma.o(i.DMA_GetCurrDataCounter)
    DMA_GetITStatus                          0x08001099   Thumb Code    24  stm32f10x_dma.o(i.DMA_GetITStatus)
    DMA_ITConfig                             0x080010b9   Thumb Code    16  stm32f10x_dma.o(i.DMA_ITConfig)
    DMA_Init                                 0x080010c9   Thumb Code    58  stm32f10x_dma.o(i.DMA_Init)
    DMA_SetCurrDataCounter                   0x08001103   Thumb Code     4  stm32f10x_dma.o(i.DMA_SetCurrDataCounter)
    DSP_TopoUpgrade                          0x08001109   Thumb Code   174  iap.o(i.DSP_TopoUpgrade)
    DebugMon_Handler                         0x080011cd   Thumb Code     2  stm32f10x_it.o(i.DebugMon_Handler)
    Dsp_Open                                 0x080011d1   Thumb Code    30  dsp.o(i.Dsp_Open)
    Eeprom_Open                              0x080012e9   Thumb Code    26  eeprom.o(i.Eeprom_Open)
    EraseDSP_Topo                            0x080013a5   Thumb Code    22  iap.o(i.EraseDSP_Topo)
    FLASH_CFG_Erase                          0x080013c5   Thumb Code    30  flash_if.o(i.FLASH_CFG_Erase)
    FLASH_CFG_Write                          0x080013e9   Thumb Code    56  flash_if.o(i.FLASH_CFG_Write)
    FLASH_ErasePage                          0x08001429   Thumb Code    56  stm32f10x_flash.o(i.FLASH_ErasePage)
    FLASH_GetBank1Status                     0x08001465   Thumb Code    34  stm32f10x_flash.o(i.FLASH_GetBank1Status)
    FLASH_If_Erase                           0x0800148d   Thumb Code    36  flash_if.o(i.FLASH_If_Erase)
    FLASH_If_Init                            0x080014b1   Thumb Code     4  flash_if.o(i.FLASH_If_Init)
    FLASH_If_Write                           0x080014b5   Thumb Code    52  flash_if.o(i.FLASH_If_Write)
    FLASH_Lock                               0x080014ed   Thumb Code    12  stm32f10x_flash.o(i.FLASH_Lock)
    FLASH_ProgramWord                        0x080014fd   Thumb Code    68  stm32f10x_flash.o(i.FLASH_ProgramWord)
    FLASH_Unlock                             0x08001545   Thumb Code    12  stm32f10x_flash.o(i.FLASH_Unlock)
    FLASH_WaitForLastOperation               0x0800155d   Thumb Code    36  stm32f10x_flash.o(i.FLASH_WaitForLastOperation)
    FLASH_if_UnInit                          0x08001581   Thumb Code     4  flash_if.o(i.FLASH_if_UnInit)
    FloatTo5p23                              0x08001585   Thumb Code    54  adc.o(i.FloatTo5p23)
    GPIO_Init                                0x080015bd   Thumb Code   162  stm32f10x_gpio.o(i.GPIO_Init)
    GPIO_ReadInputDataBit                    0x0800165f   Thumb Code    14  stm32f10x_gpio.o(i.GPIO_ReadInputDataBit)
    GPIO_ReadOutputDataBit                   0x0800166d   Thumb Code    14  stm32f10x_gpio.o(i.GPIO_ReadOutputDataBit)
    GPIO_ResetBits                           0x0800167b   Thumb Code     4  stm32f10x_gpio.o(i.GPIO_ResetBits)
    GPIO_SetBits                             0x0800167f   Thumb Code     4  stm32f10x_gpio.o(i.GPIO_SetBits)
    GPIO_WriteBit                            0x08001683   Thumb Code    10  stm32f10x_gpio.o(i.GPIO_WriteBit)
    GetDSPTopoHeader                         0x0800168d   Thumb Code     6  adau1701-gpio-test_ic_1.o(i.GetDSPTopoHeader)
    GetFifoDataLen                           0x08001699   Thumb Code    26  comfifo.o(i.GetFifoDataLen)
    GetMcuMsg                                0x080016b3   Thumb Code   118  mcumsg.o(i.GetMcuMsg)
    Gpio_Open                                0x08001729   Thumb Code    76  gpio.o(i.Gpio_Open)
    Gpio_Read                                0x08001785   Thumb Code     8  gpio.o(i.Gpio_Read)
    Gpio_Reset                               0x0800178d   Thumb Code     8  gpio.o(i.Gpio_Reset)
    Gpio_Reverse                             0x08001795   Thumb Code    32  gpio.o(i.Gpio_Reverse)
    Gpio_Set                                 0x080017b5   Thumb Code     8  gpio.o(i.Gpio_Set)
    HardFault_Handler                        0x080017bd   Thumb Code     2  stm32f10x_it.o(i.HardFault_Handler)
    I2C_AcknowledgeConfig                    0x080017bf   Thumb Code    20  stm32f10x_i2c.o(i.I2C_AcknowledgeConfig)
    I2C_CheckEvent                           0x080017d3   Thumb Code    24  stm32f10x_i2c.o(i.I2C_CheckEvent)
    I2C_Cmd                                  0x080017eb   Thumb Code    20  stm32f10x_i2c.o(i.I2C_Cmd)
    I2C_Configuration                        0x08001801   Thumb Code   120  i2c.o(i.I2C_Configuration)
    I2C_DeInit                               0x08001885   Thumb Code    38  stm32f10x_i2c.o(i.I2C_DeInit)
    I2C_GenerateSTART                        0x080018b1   Thumb Code    20  stm32f10x_i2c.o(i.I2C_GenerateSTART)
    I2C_GenerateSTOP                         0x080018c5   Thumb Code    20  stm32f10x_i2c.o(i.I2C_GenerateSTOP)
    I2C_GetFlagStatus                        0x080018d9   Thumb Code    30  stm32f10x_i2c.o(i.I2C_GetFlagStatus)
    I2C_Init                                 0x080018f9   Thumb Code   176  stm32f10x_i2c.o(i.I2C_Init)
    I2C_Read_16                              0x080019b1   Thumb Code   376  i2c.o(i.I2C_Read_16)
    I2C_ReceiveData                          0x08001b31   Thumb Code     6  stm32f10x_i2c.o(i.I2C_ReceiveData)
    I2C_Send7bitAddress                      0x08001b37   Thumb Code    16  stm32f10x_i2c.o(i.I2C_Send7bitAddress)
    I2C_SendData                             0x08001b47   Thumb Code     4  stm32f10x_i2c.o(i.I2C_SendData)
    I2C_Write                                0x08001b4d   Thumb Code   218  i2c.o(i.I2C_Write)
    I2C_Write_16                             0x08001c31   Thumb Code   254  i2c.o(i.I2C_Write_16)
    I2c_Open                                 0x08001d51   Thumb Code   154  i2c.o(i.I2c_Open)
    I2c_ReOpen                               0x08001e09   Thumb Code    32  i2c.o(i.I2c_ReOpen)
    InitComFifo                              0x080022e9   Thumb Code    18  comfifo.o(i.InitComFifo)
    IsDspTopoValid                           0x080022fd   Thumb Code    26  adau1701-gpio-test_ic_1.o(i.IsDspTopoValid)
    Jmp2Boot                                 0x08002325   Thumb Code    36  iap.o(i.Jmp2Boot)
    Key_Deal                                 0x0800234d   Thumb Code    38  key.o(i.Key_Deal)
    Key_Init                                 0x08002379   Thumb Code    64  key.o(i.Key_Init)
    Key_Open                                 0x080023cd   Thumb Code    56  key.o(i.Key_Open)
    Key_Proc                                 0x0800240d   Thumb Code    30  key.o(i.Key_Proc)
    Key_Scan                                 0x0800242b   Thumb Code    82  key.o(i.Key_Scan)
    Led_Off                                  0x0800247d   Thumb Code     6  led.o(i.Led_Off)
    Led_On                                   0x08002483   Thumb Code     6  led.o(i.Led_On)
    Led_Open                                 0x08002489   Thumb Code    26  led.o(i.Led_Open)
    Led_Reverse                              0x080024b1   Thumb Code     6  led.o(i.Led_Reverse)
    LedsInit                                 0x080024b9   Thumb Code   132  led.o(i.LedsInit)
    LedsProcess                              0x08002549   Thumb Code   182  led.o(i.LedsProcess)
    MakeMcuMsg                               0x08002605   Thumb Code    52  mcumsg.o(i.MakeMcuMsg)
    MemManage_Handler                        0x08002639   Thumb Code     2  stm32f10x_it.o(i.MemManage_Handler)
    NMI_Handler                              0x0800263b   Thumb Code     2  stm32f10x_it.o(i.NMI_Handler)
    NVIC_Init                                0x0800263d   Thumb Code    90  misc.o(i.NVIC_Init)
    NVIC_PriorityGroupConfig                 0x080026a1   Thumb Code    10  misc.o(i.NVIC_PriorityGroupConfig)
    NVIC_SetVectorTable                      0x080026d5   Thumb Code    12  misc.o(i.NVIC_SetVectorTable)
    PendSV_Handler                           0x080026e9   Thumb Code     2  stm32f10x_it.o(i.PendSV_Handler)
    RCC_ADCCLKConfig                         0x080026ed   Thumb Code    14  stm32f10x_rcc.o(i.RCC_ADCCLKConfig)
    RCC_AHBPeriphClockCmd                    0x08002701   Thumb Code    18  stm32f10x_rcc.o(i.RCC_AHBPeriphClockCmd)
    RCC_APB1PeriphClockCmd                   0x08002719   Thumb Code    18  stm32f10x_rcc.o(i.RCC_APB1PeriphClockCmd)
    RCC_APB1PeriphResetCmd                   0x08002731   Thumb Code    18  stm32f10x_rcc.o(i.RCC_APB1PeriphResetCmd)
    RCC_APB2PeriphClockCmd                   0x08002749   Thumb Code    18  stm32f10x_rcc.o(i.RCC_APB2PeriphClockCmd)
    RCC_APB2PeriphResetCmd                   0x08002761   Thumb Code    18  stm32f10x_rcc.o(i.RCC_APB2PeriphResetCmd)
    RCC_GetClocksFreq                        0x08002779   Thumb Code   142  stm32f10x_rcc.o(i.RCC_GetClocksFreq)
    Read24C256                               0x08002821   Thumb Code    20  eeprom.o(i.Read24C256)
    ReadComFifo                              0x08002839   Thumb Code    50  comfifo.o(i.ReadComFifo)
    ReadDSP                                  0x0800286d   Thumb Code    20  dsp.o(i.ReadDSP)
    Reset_Disable                            0x08002885   Thumb Code     6  reset.o(i.Reset_Disable)
    Reset_Enable                             0x0800288b   Thumb Code     6  reset.o(i.Reset_Enable)
    Reset_Init                               0x08002891   Thumb Code   136  reset.o(i.Reset_Init)
    Reset_Open                               0x08002925   Thumb Code    26  reset.o(i.Reset_Open)
    Reset_TurnToIn                           0x0800294d   Thumb Code    44  reset.o(i.Reset_TurnToIn)
    SIGMA_SAFELOAD_WRITE_REGISTER            0x08002979   Thumb Code   184  dsp.o(i.SIGMA_SAFELOAD_WRITE_REGISTER)
    SIGMA_WRITE_REGISTER_BLOCK               0x08002a35   Thumb Code    16  dsp.o(i.SIGMA_WRITE_REGISTER_BLOCK)
    SVC_Handler                              0x08002a49   Thumb Code     2  stm32f10x_it.o(i.SVC_Handler)
    Scene_FindMsgDspExt                      0x08002a4d   Thumb Code    78  scene.o(i.Scene_FindMsgDspExt)
    Scene_Load                               0x08002aa1   Thumb Code   136  scene.o(i.Scene_Load)
    Scene_LoadMsgDspExt                      0x08002b2d   Thumb Code   108  scene.o(i.Scene_LoadMsgDspExt)
    Scene_Open                               0x08002b99   Thumb Code    80  scene.o(i.Scene_Open)
    Scene_SetCurrentMode                     0x08002bf9   Thumb Code    16  scene.o(i.Scene_SetCurrentMode)
    SendPacket                               0x08002c09   Thumb Code    56  packet.o(i.SendPacket)
    SendUpgradeAck                           0x08002c45   Thumb Code    46  packet.o(i.SendUpgradeAck)
    SoftReset                                0x08002d0d   Thumb Code    32  iap.o(i.SoftReset)
    SysTick_Handler                          0x08002d31   Thumb Code     4  stm32f10x_it.o(i.SysTick_Handler)
    SystemInit                               0x08002d35   Thumb Code    64  system_stm32f10x.o(i.SystemInit)
    TPA_SetDelay                             0x08002d85   Thumb Code    56  tpa5050.o(i.TPA_SetDelay)
    Time_GetSysMs                            0x08002dc1   Thumb Code     6  time.o(i.Time_GetSysMs)
    Time_Init                                0x08002dcd   Thumb Code    72  time.o(i.Time_Init)
    Time_SleepMs                             0x08002e19   Thumb Code    14  time.o(i.Time_SleepMs)
    Time_Update                              0x08002e2d   Thumb Code    12  time.o(i.Time_Update)
    Tpa5050_Open                             0x08002e69   Thumb Code    50  tpa5050.o(i.Tpa5050_Open)
    USART1_Configuration                     0x08002edd   Thumb Code   312  uart.o(i.USART1_Configuration)
    USART1_IRQHandler                        0x08003025   Thumb Code    76  uart.o(i.USART1_IRQHandler)
    USART2_Configuration                     0x0800307d   Thumb Code   274  uart.o(i.USART2_Configuration)
    USART2_IRQHandler                        0x080031a5   Thumb Code    74  uart.o(i.USART2_IRQHandler)
    USART_Cmd                                0x08003201   Thumb Code    20  stm32f10x_usart.o(i.USART_Cmd)
    USART_DMACmd                             0x08003215   Thumb Code    16  stm32f10x_usart.o(i.USART_DMACmd)
    USART_DeInit                             0x08003225   Thumb Code    96  stm32f10x_usart.o(i.USART_DeInit)
    USART_GetITStatus                        0x08003299   Thumb Code    62  stm32f10x_usart.o(i.USART_GetITStatus)
    USART_ITConfig                           0x080032d7   Thumb Code    48  stm32f10x_usart.o(i.USART_ITConfig)
    USART_Init                               0x08003309   Thumb Code   176  stm32f10x_usart.o(i.USART_Init)
    UintTo5p23                               0x080033bd   Thumb Code    20  adc.o(i.UintTo5p23)
    UsageFault_Handler                       0x080033d1   Thumb Code     2  stm32f10x_it.o(i.UsageFault_Handler)
    Usart1SendData                           0x080033d5   Thumb Code    34  uart.o(i.Usart1SendData)
    Usart2Cfg                                0x080033fd   Thumb Code   198  uart.o(i.Usart2Cfg)
    Write24C256                              0x080034d1   Thumb Code   118  eeprom.o(i.Write24C256)
    WriteComFifo                             0x0800354d   Thumb Code    66  comfifo.o(i.WriteComFifo)
    __scatterload_copy                       0x0800358f   Thumb Code    14  handlers.o(i.__scatterload_copy)
    __scatterload_null                       0x0800359d   Thumb Code     2  handlers.o(i.__scatterload_null)
    __scatterload_zeroinit                   0x0800359f   Thumb Code    14  handlers.o(i.__scatterload_zeroinit)
    default_download_IC_1                    0x080035ad   Thumb Code    88  adau1701-gpio-test_ic_1.o(i.default_download_IC_1)
    free                                     0x08003609   Thumb Code    76  malloc.o(i.free)
    main                                     0x08003659   Thumb Code   184  main.o(i.main)
    malloc                                   0x08003719   Thumb Code    92  malloc.o(i.malloc)
    BAUD_RATE_TABLE                          0x08003818   Data          28  uart.o(.constdata)
    Region$$Table$$Base                      0x08003c34   Number         0  anon$$obj.o(Region$$Table)
    Region$$Table$$Limit                     0x08003c54   Number         0  anon$$obj.o(Region$$Table)
    SoftVersion                              0x08010400   Data          36  main.o(.ARM.__AT_0x08010400)
    sceneKey                                 0x20000030   Data           4  key.o(.data)
    audioSrcKey                              0x20000034   Data           4  key.o(.data)
    _SoftVersion                             0x20000038   Data           4  main.o(.data)
    resetDsp                                 0x2000003c   Data           4  reset.o(.data)
    resetAdc                                 0x20000040   Data           4  reset.o(.data)
    resetNsd                                 0x20000044   Data           4  reset.o(.data)
    Jump_To_Bootloader                       0x20000058   Data           4  iap.o(.data)
    Jump_To_User_Application                 0x2000005c   Data           4  iap.o(.data)
    Jump_Address                             0x20000060   Data           4  iap.o(.data)
    Jump_User_Address                        0x20000064   Data           4  iap.o(.data)
    ledSys                                   0x20000078   Data           4  led.o(.data)
    ledSceneLED21                            0x2000007c   Data           4  led.o(.data)
    led22                                    0x20000080   Data           4  led.o(.data)
    ledSceneLED11                            0x20000084   Data           4  led.o(.data)
    led12                                    0x20000088   Data           4  led.o(.data)
    led13                                    0x2000008c   Data           4  led.o(.data)
    g_Usart2Cfg                              0x20000090   Data           8  uart.o(.data)
    __microlib_freelist                      0x20000098   Data           4  mvars.o(.data)
    __microlib_freelist_initialised          0x2000009c   Data           4  mvars.o(.data)
    g_msg                                    0x200000a0   Data        1040  iap.o(.bss)
    g_msgRet                                 0x200004b0   Data        1040  packet.o(.bss)
    g_Usart1RevBuf                           0x200008c0   Data        2048  uart.o(.bss)
    g_Usart2RevBuf                           0x200010c0   Data        2048  uart.o(.bss)
    g_ComFifo                                0x200018c0   Data        8204  uart.o(.bss)
    g_ComFifo_2                              0x200038cc   Data        8204  uart.o(.bss)
    __heap_base                              0x200058d8   Data           0  startup_stm32f10x_hd.o(HEAP)
    __heap_limit                             0x2000a8d8   Data           0  startup_stm32f10x_hd.o(HEAP)
    __initial_sp                             0x2000aed8   Data           0  startup_stm32f10x_hd.o(STACK)



==============================================================================

Memory Map of the image

  Image Entry point : 0x08000131

  Load Region LR_IROM1 (Base: 0x08000000, Size: 0x000104c4, Max: 0x00080000, ABSOLUTE)

    Execution Region ER_IROM1 (Base: 0x08000000, Size: 0x00010424, Max: 0x00080000, ABSOLUTE)

    Base Addr    Size         Type   Attr      Idx    E Section Name        Object

    0x08000000   0x00000130   Data   RO          127    RESET               startup_stm32f10x_hd.o
    0x08000130   0x00000000   Code   RO         4174  * .ARM.Collect$$$$00000000  mc_w.l(entry.o)
    0x08000130   0x00000004   Code   RO         4229    .ARM.Collect$$$$00000001  mc_w.l(entry2.o)
    0x08000134   0x00000004   Code   RO         4232    .ARM.Collect$$$$00000004  mc_w.l(entry5.o)
    0x08000138   0x00000000   Code   RO         4234    .ARM.Collect$$$$00000008  mc_w.l(entry7b.o)
    0x08000138   0x00000008   Code   RO         4235    .ARM.Collect$$$$00000009  mc_w.l(entry8.o)
    0x08000140   0x00000004   Code   RO         4230    .ARM.Collect$$$$00002712  mc_w.l(entry2.o)
    0x08000144   0x00000020   Code   RO            1    .emb_text           core_cm3.o
    0x08000164   0x00000024   Code   RO          128    .text               startup_stm32f10x_hd.o
    0x08000188   0x00000024   Code   RO         4177    .text               mc_w.l(memcpya.o)
    0x080001ac   0x00000024   Code   RO         4179    .text               mc_w.l(memseta.o)
    0x080001d0   0x00000010   Code   RO         4181    .text               mc_w.l(strlen.o)
    0x080001e0   0x00000018   Code   RO         4213    .text               mf_w.l(fscalb.o)
    0x080001f8   0x0000014e   Code   RO         4215    .text               mf_w.l(dadd.o)
    0x08000346   0x000000e4   Code   RO         4217    .text               mf_w.l(dmul.o)
    0x0800042a   0x000000de   Code   RO         4219    .text               mf_w.l(ddiv.o)
    0x08000508   0x0000002e   Code   RO         4221    .text               mf_w.l(dscalb.o)
    0x08000536   0x0000001a   Code   RO         4223    .text               mf_w.l(dfltui.o)
    0x08000550   0x00000032   Code   RO         4225    .text               mf_w.l(ffixi.o)
    0x08000582   0x00000038   Code   RO         4227    .text               mf_w.l(d2f.o)
    0x080005ba   0x0000001e   Code   RO         4236    .text               mc_w.l(llshl.o)
    0x080005d8   0x00000024   Code   RO         4238    .text               mc_w.l(llsshr.o)
    0x080005fc   0x00000000   Code   RO         4242    .text               mc_w.l(iusefp.o)
    0x080005fc   0x0000006c   Code   RO         4243    .text               mf_w.l(fepilogue.o)
    0x08000668   0x000000be   Code   RO         4245    .text               mf_w.l(depilogue.o)
    0x08000726   0x00000002   PAD
    0x08000728   0x00000024   Code   RO         4247    .text               mc_w.l(init.o)
    0x0800074c   0x00000020   Code   RO         4249    .text               mc_w.l(llushr.o)
    0x0800076c   0x00000014   Code   RO          178    i.ADC_Cmd           stm32f10x_adc.o
    0x08000780   0x00000014   Code   RO          179    i.ADC_DMACmd        stm32f10x_adc.o
    0x08000794   0x0000000e   Code   RO          186    i.ADC_GetCalibrationStatus  stm32f10x_adc.o
    0x080007a2   0x0000000e   Code   RO          192    i.ADC_GetResetCalibrationStatus  stm32f10x_adc.o
    0x080007b0   0x00000048   Code   RO          196    i.ADC_Init          stm32f10x_adc.o
    0x080007f8   0x00000074   Code   RO          200    i.ADC_RegularChannelConfig  stm32f10x_adc.o
    0x0800086c   0x0000000a   Code   RO          201    i.ADC_ResetCalibration  stm32f10x_adc.o
    0x08000876   0x00000014   Code   RO          203    i.ADC_SoftwareStartConvCmd  stm32f10x_adc.o
    0x0800088a   0x0000000a   Code   RO          205    i.ADC_StartCalibration  stm32f10x_adc.o
    0x08000894   0x000000c0   Code   RO         4051    i.AP_Init           mcumsg.o
    0x08000954   0x00000044   Code   RO         4052    i.AP_MsgDspTopoUpdateMode  mcumsg.o
    0x08000998   0x00000028   Code   RO         4053    i.AP_MsgGetVersion  mcumsg.o
    0x080009c0   0x0000002a   Code   RO         4054    i.AP_MsgReadDsp     mcumsg.o
    0x080009ea   0x0000002e   Code   RO         4055    i.AP_MsgReadEeprom  mcumsg.o
    0x08000a18   0x00000060   Code   RO         4056    i.AP_MsgRebootMcu   mcumsg.o
    0x08000a78   0x0000002a   Code   RO         4057    i.AP_MsgSafeloadDsp  mcumsg.o
    0x08000aa2   0x0000002c   Code   RO         4058    i.AP_MsgSafeloadWithExtDsp  mcumsg.o
    0x08000ace   0x0000002a   Code   RO         4059    i.AP_MsgSceneChangeDsp  mcumsg.o
    0x08000af8   0x0000001a   Code   RO         4060    i.AP_MsgTopoHeaderDsp  mcumsg.o
    0x08000b12   0x0000002a   Code   RO         4061    i.AP_MsgWriteDsp    mcumsg.o
    0x08000b3c   0x0000002a   Code   RO         4062    i.AP_MsgWriteEeprom  mcumsg.o
    0x08000b66   0x0000002c   Code   RO         4063    i.AP_MsgWriteWithExtDsp  mcumsg.o
    0x08000b92   0x00000002   PAD
    0x08000b94   0x000001ac   Code   RO         3216    i.Adc_Deal          adc.o
    0x08000d40   0x00000006   Code   RO         3217    i.Adc_GetValue      adc.o
    0x08000d46   0x00000002   PAD
    0x08000d48   0x00000104   Code   RO         3218    i.Adc_Open          adc.o
    0x08000e4c   0x00000002   Code   RO         3150    i.BusFault_Handler  stm32f10x_it.o
    0x08000e4e   0x00000016   Code   RO         4064    i.CalcMsgCrc        mcumsg.o
    0x08000e64   0x00000028   Code   RO         4065    i.Calcrc32          mcumsg.o
    0x08000e8c   0x00000018   Code   RO         4066    i.CheckMsgCrc       mcumsg.o
    0x08000ea4   0x0000002e   Code   RO         4009    i.CopyReadComFifo   comfifo.o
    0x08000ed2   0x00000002   PAD
    0x08000ed4   0x00000054   Code   RO         3929    i.DMA1_Channel5_IRQHandler  uart.o
    0x08000f28   0x00000054   Code   RO         3930    i.DMA1_Channel6_IRQHandler  uart.o
    0x08000f7c   0x00000018   Code   RO          862    i.DMA_ClearITPendingBit  stm32f10x_dma.o
    0x08000f94   0x00000016   Code   RO          863    i.DMA_Cmd           stm32f10x_dma.o
    0x08000faa   0x00000002   PAD
    0x08000fac   0x000000e4   Code   RO          864    i.DMA_DeInit        stm32f10x_dma.o
    0x08001090   0x00000006   Code   RO          865    i.DMA_GetCurrDataCounter  stm32f10x_dma.o
    0x08001096   0x00000002   PAD
    0x08001098   0x00000020   Code   RO          867    i.DMA_GetITStatus   stm32f10x_dma.o
    0x080010b8   0x00000010   Code   RO          868    i.DMA_ITConfig      stm32f10x_dma.o
    0x080010c8   0x0000003a   Code   RO          869    i.DMA_Init          stm32f10x_dma.o
    0x08001102   0x00000004   Code   RO          870    i.DMA_SetCurrDataCounter  stm32f10x_dma.o
    0x08001106   0x00000002   PAD
    0x08001108   0x000000c4   Code   RO         3793    i.DSP_TopoUpgrade   iap.o
    0x080011cc   0x00000002   Code   RO         3151    i.DebugMon_Handler  stm32f10x_it.o
    0x080011ce   0x00000002   PAD
    0x080011d0   0x0000002c   Code   RO         3265    i.Dsp_Open          dsp.o
    0x080011fc   0x00000018   Code   RO         3266    i.Dsp_Read          dsp.o
    0x08001214   0x000000be   Code   RO         3267    i.Dsp_SaftLoadWriteRegister  dsp.o
    0x080012d2   0x00000016   Code   RO         3268    i.Dsp_WriteRegisterBlock  dsp.o
    0x080012e8   0x00000024   Code   RO         3310    i.Eeprom_Open       eeprom.o
    0x0800130c   0x00000018   Code   RO         3311    i.Eeprom_Read       eeprom.o
    0x08001324   0x0000007e   Code   RO         3312    i.Eeprom_Write      eeprom.o
    0x080013a2   0x00000002   PAD
    0x080013a4   0x00000020   Code   RO         3794    i.EraseDSP_Topo     iap.o
    0x080013c4   0x00000024   Code   RO         3750    i.FLASH_CFG_Erase   flash_if.o
    0x080013e8   0x00000040   Code   RO         3751    i.FLASH_CFG_Write   flash_if.o
    0x08001428   0x0000003c   Code   RO          992    i.FLASH_ErasePage   stm32f10x_flash.o
    0x08001464   0x00000028   Code   RO          993    i.FLASH_GetBank1Status  stm32f10x_flash.o
    0x0800148c   0x00000024   Code   RO         3752    i.FLASH_If_Erase    flash_if.o
    0x080014b0   0x00000004   Code   RO         3753    i.FLASH_If_Init     flash_if.o
    0x080014b4   0x00000038   Code   RO         3754    i.FLASH_If_Write    flash_if.o
    0x080014ec   0x00000010   Code   RO         1002    i.FLASH_Lock        stm32f10x_flash.o
    0x080014fc   0x00000048   Code   RO         1007    i.FLASH_ProgramWord  stm32f10x_flash.o
    0x08001544   0x00000018   Code   RO         1010    i.FLASH_Unlock      stm32f10x_flash.o
    0x0800155c   0x00000024   Code   RO         1014    i.FLASH_WaitForLastOperation  stm32f10x_flash.o
    0x08001580   0x00000004   Code   RO         3755    i.FLASH_if_UnInit   flash_if.o
    0x08001584   0x00000036   Code   RO         3219    i.FloatTo5p23       adc.o
    0x080015ba   0x00000002   PAD
    0x080015bc   0x000000a2   Code   RO         1285    i.GPIO_Init         stm32f10x_gpio.o
    0x0800165e   0x0000000e   Code   RO         1289    i.GPIO_ReadInputDataBit  stm32f10x_gpio.o
    0x0800166c   0x0000000e   Code   RO         1291    i.GPIO_ReadOutputDataBit  stm32f10x_gpio.o
    0x0800167a   0x00000004   Code   RO         1292    i.GPIO_ResetBits    stm32f10x_gpio.o
    0x0800167e   0x00000004   Code   RO         1293    i.GPIO_SetBits      stm32f10x_gpio.o
    0x08001682   0x0000000a   Code   RO         1296    i.GPIO_WriteBit     stm32f10x_gpio.o
    0x0800168c   0x0000000c   Code   RO         3085    i.GetDSPTopoHeader  adau1701-gpio-test_ic_1.o
    0x08001698   0x0000001a   Code   RO         4010    i.GetFifoDataLen    comfifo.o
    0x080016b2   0x00000076   Code   RO         4067    i.GetMcuMsg         mcumsg.o
    0x08001728   0x0000005c   Code   RO         3347    i.Gpio_Open         gpio.o
    0x08001784   0x00000008   Code   RO         3348    i.Gpio_Read         gpio.o
    0x0800178c   0x00000008   Code   RO         3349    i.Gpio_Reset        gpio.o
    0x08001794   0x00000020   Code   RO         3350    i.Gpio_Reverse      gpio.o
    0x080017b4   0x00000008   Code   RO         3351    i.Gpio_Set          gpio.o
    0x080017bc   0x00000002   Code   RO         3152    i.HardFault_Handler  stm32f10x_it.o
    0x080017be   0x00000014   Code   RO         1394    i.I2C_AcknowledgeConfig  stm32f10x_i2c.o
    0x080017d2   0x00000018   Code   RO         1396    i.I2C_CheckEvent    stm32f10x_i2c.o
    0x080017ea   0x00000014   Code   RO         1399    i.I2C_Cmd           stm32f10x_i2c.o
    0x080017fe   0x00000002   PAD
    0x08001800   0x00000084   Code   RO         3383    i.I2C_Configuration  i2c.o
    0x08001884   0x0000002c   Code   RO         1402    i.I2C_DeInit        stm32f10x_i2c.o
    0x080018b0   0x00000014   Code   RO         1406    i.I2C_GenerateSTART  stm32f10x_i2c.o
    0x080018c4   0x00000014   Code   RO         1407    i.I2C_GenerateSTOP  stm32f10x_i2c.o
    0x080018d8   0x0000001e   Code   RO         1408    i.I2C_GetFlagStatus  stm32f10x_i2c.o
    0x080018f6   0x00000002   PAD
    0x080018f8   0x000000b8   Code   RO         1413    i.I2C_Init          stm32f10x_i2c.o
    0x080019b0   0x00000180   Code   RO         3385    i.I2C_Read_16       i2c.o
    0x08001b30   0x00000006   Code   RO         1418    i.I2C_ReceiveData   stm32f10x_i2c.o
    0x08001b36   0x00000010   Code   RO         1420    i.I2C_Send7bitAddress  stm32f10x_i2c.o
    0x08001b46   0x00000004   Code   RO         1421    i.I2C_SendData      stm32f10x_i2c.o
    0x08001b4a   0x00000002   PAD
    0x08001b4c   0x000000e4   Code   RO         3386    i.I2C_Write         i2c.o
    0x08001c30   0x00000108   Code   RO         3387    i.I2C_Write_16      i2c.o
    0x08001d38   0x00000018   Code   RO         3389    i.I2c_Close         i2c.o
    0x08001d50   0x000000b8   Code   RO         3390    i.I2c_Open          i2c.o
    0x08001e08   0x00000020   Code   RO         3391    i.I2c_ReOpen        i2c.o
    0x08001e28   0x00000154   Code   RO         3392    i.I2c_Read          i2c.o
    0x08001f7c   0x0000017c   Code   RO         3393    i.I2c_Read_16       i2c.o
    0x080020f8   0x000000e8   Code   RO         3394    i.I2c_Write         i2c.o
    0x080021e0   0x00000108   Code   RO         3395    i.I2c_Write_16      i2c.o
    0x080022e8   0x00000012   Code   RO         4012    i.InitComFifo       comfifo.o
    0x080022fa   0x00000002   PAD
    0x080022fc   0x00000028   Code   RO         3086    i.IsDspTopoValid    adau1701-gpio-test_ic_1.o
    0x08002324   0x00000028   Code   RO         3796    i.Jmp2Boot          iap.o
    0x0800234c   0x0000002c   Code   RO         3461    i.Key_Deal          key.o
    0x08002378   0x00000054   Code   RO         3462    i.Key_Init          key.o
    0x080023cc   0x00000040   Code   RO         3463    i.Key_Open          key.o
    0x0800240c   0x0000001e   Code   RO         3464    i.Key_Proc          key.o
    0x0800242a   0x00000052   Code   RO         3465    i.Key_Scan          key.o
    0x0800247c   0x00000006   Code   RO         3854    i.Led_Off           led.o
    0x08002482   0x00000006   Code   RO         3855    i.Led_On            led.o
    0x08002488   0x00000028   Code   RO         3856    i.Led_Open          led.o
    0x080024b0   0x00000006   Code   RO         3857    i.Led_Reverse       led.o
    0x080024b6   0x00000002   PAD
    0x080024b8   0x00000090   Code   RO         3858    i.LedsInit          led.o
    0x08002548   0x000000bc   Code   RO         3859    i.LedsProcess       led.o
    0x08002604   0x00000034   Code   RO         4068    i.MakeMcuMsg        mcumsg.o
    0x08002638   0x00000002   Code   RO         3153    i.MemManage_Handler  stm32f10x_it.o
    0x0800263a   0x00000002   Code   RO         3154    i.NMI_Handler       stm32f10x_it.o
    0x0800263c   0x00000064   Code   RO          132    i.NVIC_Init         misc.o
    0x080026a0   0x00000014   Code   RO          133    i.NVIC_PriorityGroupConfig  misc.o
    0x080026b4   0x00000020   Code   RO         3663    i.NVIC_SetPriority  time.o
    0x080026d4   0x00000014   Code   RO          134    i.NVIC_SetVectorTable  misc.o
    0x080026e8   0x00000002   Code   RO         3155    i.PendSV_Handler    stm32f10x_it.o
    0x080026ea   0x00000002   PAD
    0x080026ec   0x00000014   Code   RO         1699    i.RCC_ADCCLKConfig  stm32f10x_rcc.o
    0x08002700   0x00000018   Code   RO         1700    i.RCC_AHBPeriphClockCmd  stm32f10x_rcc.o
    0x08002718   0x00000018   Code   RO         1701    i.RCC_APB1PeriphClockCmd  stm32f10x_rcc.o
    0x08002730   0x00000018   Code   RO         1702    i.RCC_APB1PeriphResetCmd  stm32f10x_rcc.o
    0x08002748   0x00000018   Code   RO         1703    i.RCC_APB2PeriphClockCmd  stm32f10x_rcc.o
    0x08002760   0x00000018   Code   RO         1704    i.RCC_APB2PeriphResetCmd  stm32f10x_rcc.o
    0x08002778   0x000000a8   Code   RO         1711    i.RCC_GetClocksFreq  stm32f10x_rcc.o
    0x08002820   0x00000018   Code   RO         3313    i.Read24C256        eeprom.o
    0x08002838   0x00000032   Code   RO         4013    i.ReadComFifo       comfifo.o
    0x0800286a   0x00000002   PAD
    0x0800286c   0x00000018   Code   RO         3269    i.ReadDSP           dsp.o
    0x08002884   0x00000006   Code   RO         3582    i.Reset_Disable     reset.o
    0x0800288a   0x00000006   Code   RO         3583    i.Reset_Enable      reset.o
    0x08002890   0x00000094   Code   RO         3584    i.Reset_Init        reset.o
    0x08002924   0x00000028   Code   RO         3585    i.Reset_Open        reset.o
    0x0800294c   0x0000002c   Code   RO         3586    i.Reset_TurnToIn    reset.o
    0x08002978   0x000000bc   Code   RO         3270    i.SIGMA_SAFELOAD_WRITE_REGISTER  dsp.o
    0x08002a34   0x00000014   Code   RO         3271    i.SIGMA_WRITE_REGISTER_BLOCK  dsp.o
    0x08002a48   0x00000002   Code   RO         3156    i.SVC_Handler       stm32f10x_it.o
    0x08002a4a   0x00000002   PAD
    0x08002a4c   0x00000054   Code   RO         3621    i.Scene_FindMsgDspExt  scene.o
    0x08002aa0   0x0000008c   Code   RO         3622    i.Scene_Load        scene.o
    0x08002b2c   0x0000006c   Code   RO         3623    i.Scene_LoadMsgDspExt  scene.o
    0x08002b98   0x00000060   Code   RO         3624    i.Scene_Open        scene.o
    0x08002bf8   0x00000010   Code   RO         3625    i.Scene_SetCurrentMode  scene.o
    0x08002c08   0x0000003c   Code   RO         3908    i.SendPacket        packet.o
    0x08002c44   0x00000034   Code   RO         3909    i.SendUpgradeAck    packet.o
    0x08002c78   0x00000094   Code   RO           17    i.SetSysClockTo72   system_stm32f10x.o
    0x08002d0c   0x00000024   Code   RO         3798    i.SoftReset         iap.o
    0x08002d30   0x00000004   Code   RO         3157    i.SysTick_Handler   stm32f10x_it.o
    0x08002d34   0x00000050   Code   RO           19    i.SystemInit        system_stm32f10x.o
    0x08002d84   0x0000003c   Code   RO         3706    i.TPA_SetDelay      tpa5050.o
    0x08002dc0   0x0000000c   Code   RO         3664    i.Time_GetSysMs     time.o
    0x08002dcc   0x0000004c   Code   RO         3665    i.Time_Init         time.o
    0x08002e18   0x00000014   Code   RO         3666    i.Time_SleepMs      time.o
    0x08002e2c   0x00000010   Code   RO         3667    i.Time_Update       time.o
    0x08002e3c   0x0000002a   Code   RO         3707    i.Tpa5050_GetDelay  tpa5050.o
    0x08002e66   0x00000002   PAD
    0x08002e68   0x0000003c   Code   RO         3708    i.Tpa5050_Open      tpa5050.o
    0x08002ea4   0x00000038   Code   RO         3709    i.Tpa5050_SetDelay  tpa5050.o
    0x08002edc   0x00000148   Code   RO         3931    i.USART1_Configuration  uart.o
    0x08003024   0x00000058   Code   RO         3932    i.USART1_IRQHandler  uart.o
    0x0800307c   0x00000128   Code   RO         3933    i.USART2_Configuration  uart.o
    0x080031a4   0x0000005c   Code   RO         3934    i.USART2_IRQHandler  uart.o
    0x08003200   0x00000014   Code   RO         2855    i.USART_Cmd         stm32f10x_usart.o
    0x08003214   0x00000010   Code   RO         2856    i.USART_DMACmd      stm32f10x_usart.o
    0x08003224   0x00000074   Code   RO         2857    i.USART_DeInit      stm32f10x_usart.o
    0x08003298   0x0000003e   Code   RO         2859    i.USART_GetITStatus  stm32f10x_usart.o
    0x080032d6   0x00000030   Code   RO         2861    i.USART_ITConfig    stm32f10x_usart.o
    0x08003306   0x00000002   PAD
    0x08003308   0x000000b4   Code   RO         2862    i.USART_Init        stm32f10x_usart.o
    0x080033bc   0x00000014   Code   RO         3220    i.UintTo5p23        adc.o
    0x080033d0   0x00000002   Code   RO         3158    i.UsageFault_Handler  stm32f10x_it.o
    0x080033d2   0x00000002   PAD
    0x080033d4   0x00000028   Code   RO         3936    i.Usart1SendData    uart.o
    0x080033fc   0x000000d4   Code   RO         3937    i.Usart2Cfg         uart.o
    0x080034d0   0x0000007c   Code   RO         3314    i.Write24C256       eeprom.o
    0x0800354c   0x00000042   Code   RO         4014    i.WriteComFifo      comfifo.o
    0x0800358e   0x0000000e   Code   RO         4253    i.__scatterload_copy  mc_w.l(handlers.o)
    0x0800359c   0x00000002   Code   RO         4254    i.__scatterload_null  mc_w.l(handlers.o)
    0x0800359e   0x0000000e   Code   RO         4255    i.__scatterload_zeroinit  mc_w.l(handlers.o)
    0x080035ac   0x0000005c   Code   RO         3087    i.default_download_IC_1  adau1701-gpio-test_ic_1.o
    0x08003608   0x00000050   Code   RO         4185    i.free              mc_w.l(malloc.o)
    0x08003658   0x000000c0   Code   RO         3530    i.main              main.o
    0x08003718   0x0000006c   Code   RO         4186    i.malloc            mc_w.l(malloc.o)
    0x08003784   0x0000004e   Code   RO         3466    i.switchAudioInput  key.o
    0x080037d2   0x00000044   Code   RO         3467    i.switchScene       key.o
    0x08003816   0x00000002   PAD
    0x08003818   0x0000001c   Data   RO         3941    .constdata          uart.o
    0x08003834   0x00000400   Data   RO         4069    .constdata          mcumsg.o
    0x08003c34   0x00000020   Data   RO         4251    Region$$Table       anon$$obj.o
    0x08003c54   0x0000c7ac   PAD
    0x08010400   0x00000024   Data   RO         3531    .ARM.__AT_0x08010400  main.o


    Execution Region RW_IRAM1 (Base: 0x20000000, Size: 0x0000aed8, Max: 0x00010000, ABSOLUTE)

    Base Addr    Size         Type   Attr      Idx    E Section Name        Object

    0x20000000   0x00000014   Data   RW         1731    .data               stm32f10x_rcc.o
    0x20000014   0x00000018   Data   RW         3088    .data               adau1701-gpio-test_ic_1.o
    0x2000002c   0x00000002   Data   RW         3221    .data               adc.o
    0x2000002e   0x00000002   PAD
    0x20000030   0x00000008   Data   RW         3468    .data               key.o
    0x20000038   0x00000004   Data   RW         3537    .data               main.o
    0x2000003c   0x0000000c   Data   RW         3587    .data               reset.o
    0x20000048   0x00000008   Data   RW         3668    .data               time.o
    0x20000050   0x00000018   Data   RW         3800    .data               iap.o
    0x20000068   0x00000028   Data   RW         3860    .data               led.o
    0x20000090   0x00000008   Data   RW         3942    .data               uart.o
    0x20000098   0x00000004   Data   RW         4240    .data               mc_w.l(mvars.o)
    0x2000009c   0x00000004   Data   RW         4241    .data               mc_w.l(mvars.o)
    0x200000a0   0x00000410   Zero   RW         3799    .bss                iap.o
    0x200004b0   0x00000410   Zero   RW         3910    .bss                packet.o
    0x200008c0   0x00005018   Zero   RW         3940    .bss                uart.o
    0x200058d8   0x00005000   Zero   RW          126    HEAP                startup_stm32f10x_hd.o
    0x2000a8d8   0x00000600   Zero   RW          125    STACK               startup_stm32f10x_hd.o


==============================================================================

Image component sizes


      Code (inc. data)   RO Data    RW Data    ZI Data      Debug   Object Name

       144         24          0         24          0      10836   adau1701-gpio-test_ic_1.o
       768         56          0          2          0       6984   adc.o
       206          0          0          0          0       2878   comfifo.o
        32          0          0          0          0       4788   core_cm3.o
       512         26          0          0          0       4826   dsp.o
       334         20          0          0          0       3645   eeprom.o
       200         18          0          0          0       3288   flash_if.o
       148         16          0          0          0       2403   gpio.o
      2464        106          0          0          0       8851   i2c.o
       304         40          0         24       1040       5792   iap.o
       450         34          0          8          0       4746   key.o
       390         32          0         40          0       6892   led.o
       192          8         36          4          0      20378   main.o
      1022         88       1024          0          0      13533   mcumsg.o
       140         28          0          0          0       1941   misc.o
       112         10          0          0       1040       1493   packet.o
       244         26          0         12          0       2779   reset.o
       444         26          0          0          0       6109   scene.o
        36          8        304          0      22016        856   startup_stm32f10x_hd.o
       296         10          0          0          0       7141   stm32f10x_adc.o
       390         26          0          0          0       6045   stm32f10x_dma.o
       248         30          0          0          0       5247   stm32f10x_flash.o
       208          0          0          0          0       4481   stm32f10x_gpio.o
       388         14          0          0          0       7773   stm32f10x_i2c.o
        20          0          0          0          0       3858   stm32f10x_it.o
       308         62          0         20          0       6455   stm32f10x_rcc.o
       442         24          0          0          0       5388   stm32f10x_usart.o
       228         26          0          0          0     263261   system_stm32f10x.o
       156         30          0          8          0      17668   time.o
       218         14          0          0          0       3550   tpa5050.o
      1224        110         28          8      20504       5683   uart.o

    ----------------------------------------------------------------------
     12310        912      52540        152      44600     449568   Object Totals
         0          0         32          0          0          0   (incl. Generated)
        42          0      51116          2          0          0   (incl. Padding)

    ----------------------------------------------------------------------

      Code (inc. data)   RO Data    RW Data    ZI Data      Debug   Library Member Name

         0          0          0          0          0          0   entry.o
         8          4          0          0          0          0   entry2.o
         4          0          0          0          0          0   entry5.o
         0          0          0          0          0          0   entry7b.o
         8          4          0          0          0          0   entry8.o
        30          0          0          0          0          0   handlers.o
        36          8          0          0          0         68   init.o
         0          0          0          0          0          0   iusefp.o
        30          0          0          0          0         68   llshl.o
        36          0          0          0          0         68   llsshr.o
        32          0          0          0          0         68   llushr.o
       188         20          0          0          0        160   malloc.o
        36          0          0          0          0         68   memcpya.o
        36          0          0          0          0        108   memseta.o
         0          0          0          8          0          0   mvars.o
        16          0          0          0          0         68   strlen.o
        56          0          0          0          0         88   d2f.o
       334          0          0          0          0        144   dadd.o
       222          0          0          0          0        100   ddiv.o
       190          0          0          0          0        176   depilogue.o
        26          0          0          0          0         76   dfltui.o
       228          0          0          0          0         92   dmul.o
        46          0          0          0          0         80   dscalb.o
       108          0          0          0          0        168   fepilogue.o
        50          0          0          0          0         68   ffixi.o
        24          0          0          0          0         68   fscalb.o

    ----------------------------------------------------------------------
      1746         36          0          8          0       1736   Library Totals
         2          0          0          0          0          0   (incl. Padding)

    ----------------------------------------------------------------------

      Code (inc. data)   RO Data    RW Data    ZI Data      Debug   Library Name

       460         36          0          8          0        676   mc_w.l
      1284          0          0          0          0       1060   mf_w.l

    ----------------------------------------------------------------------
      1746         36          0          8          0       1736   Library Totals

    ----------------------------------------------------------------------

==============================================================================


      Code (inc. data)   RO Data    RW Data    ZI Data      Debug   

     14056        948      52540        160      44600     441164   Grand Totals
     14056        948      52540        160      44600     441164   ELF Image Totals
     14056        948      52540        160          0          0   ROM Totals

==============================================================================

    Total RO  Size (Code + RO Data)                66596 (  65.04kB)
    Total RW  Size (RW Data + ZI Data)             44760 (  43.71kB)
    Total ROM Size (Code + RO Data + RW Data)      66756 (  65.19kB)

==============================================================================

