Component: ARM Compiler 5.06 update 6 (build 750) Tool: armlink [4d35ed]

==============================================================================

Section Cross References

    system_stm32f10x.o(i.SystemCoreClockUpdate) refers to system_stm32f10x.o(.data) for .data
    system_stm32f10x.o(i.SystemInit) refers to system_stm32f10x.o(i._ZN40_INTERNAL_18_system_stm32f10x_c_5d646a6715SetSysClockTo72Ev) for [local to system_stm32f10x_c]::SetSysClockTo72()
    system_stm32f10x.o(.ARM.exidx) refers to system_stm32f10x.o(i._ZN40_INTERNAL_18_system_stm32f10x_c_5d646a6715SetSysClockTo72Ev) for i._ZN40_INTERNAL_18_system_stm32f10x_c_5d646a6715SetSysClockTo72Ev
    system_stm32f10x.o(.ARM.exidx) refers to system_stm32f10x.o(i.SystemInit) for i.SystemInit
    system_stm32f10x.o(.ARM.exidx) refers to system_stm32f10x.o(i.SystemCoreClockUpdate) for i.SystemCoreClockUpdate
    startup_stm32f10x_hd.o(STACK) refers (Special) to heapauxi.o(.text) for __use_two_region_memory
    startup_stm32f10x_hd.o(HEAP) refers (Special) to heapauxi.o(.text) for __use_two_region_memory
    startup_stm32f10x_hd.o(RESET) refers (Special) to heapauxi.o(.text) for __use_two_region_memory
    startup_stm32f10x_hd.o(RESET) refers to startup_stm32f10x_hd.o(STACK) for __initial_sp
    startup_stm32f10x_hd.o(RESET) refers to startup_stm32f10x_hd.o(.text) for Reset_Handler
    startup_stm32f10x_hd.o(RESET) refers to stm32f10x_it.o(i.NMI_Handler) for NMI_Handler
    startup_stm32f10x_hd.o(RESET) refers to stm32f10x_it.o(i.HardFault_Handler) for HardFault_Handler
    startup_stm32f10x_hd.o(RESET) refers to stm32f10x_it.o(i.MemManage_Handler) for MemManage_Handler
    startup_stm32f10x_hd.o(RESET) refers to stm32f10x_it.o(i.BusFault_Handler) for BusFault_Handler
    startup_stm32f10x_hd.o(RESET) refers to stm32f10x_it.o(i.UsageFault_Handler) for UsageFault_Handler
    startup_stm32f10x_hd.o(RESET) refers to stm32f10x_it.o(i.SVC_Handler) for SVC_Handler
    startup_stm32f10x_hd.o(RESET) refers to stm32f10x_it.o(i.DebugMon_Handler) for DebugMon_Handler
    startup_stm32f10x_hd.o(RESET) refers to stm32f10x_it.o(i.PendSV_Handler) for PendSV_Handler
    startup_stm32f10x_hd.o(RESET) refers to stm32f10x_it.o(i.SysTick_Handler) for SysTick_Handler
    startup_stm32f10x_hd.o(RESET) refers to uart.o(i.DMA1_Channel5_IRQHandler) for DMA1_Channel5_IRQHandler
    startup_stm32f10x_hd.o(RESET) refers to uart.o(i.DMA1_Channel6_IRQHandler) for DMA1_Channel6_IRQHandler
    startup_stm32f10x_hd.o(RESET) refers to uart.o(i.USART1_IRQHandler) for USART1_IRQHandler
    startup_stm32f10x_hd.o(RESET) refers to uart.o(i.USART2_IRQHandler) for USART2_IRQHandler
    startup_stm32f10x_hd.o(.text) refers (Special) to heapauxi.o(.text) for __use_two_region_memory
    startup_stm32f10x_hd.o(.text) refers to system_stm32f10x.o(i.SystemInit) for SystemInit
    startup_stm32f10x_hd.o(.text) refers to __main.o(!!!main) for __main
    startup_stm32f10x_hd.o(.text) refers to startup_stm32f10x_hd.o(HEAP) for Heap_Mem
    startup_stm32f10x_hd.o(.text) refers to startup_stm32f10x_hd.o(STACK) for Stack_Mem
    misc.o(.ARM.exidx) refers to misc.o(i.NVIC_PriorityGroupConfig) for i.NVIC_PriorityGroupConfig
    misc.o(.ARM.exidx) refers to misc.o(i.NVIC_Init) for i.NVIC_Init
    misc.o(.ARM.exidx) refers to misc.o(i.NVIC_SetVectorTable) for i.NVIC_SetVectorTable
    misc.o(.ARM.exidx) refers to misc.o(i.NVIC_SystemLPConfig) for i.NVIC_SystemLPConfig
    misc.o(.ARM.exidx) refers to misc.o(i.SysTick_CLKSourceConfig) for i.SysTick_CLKSourceConfig
    stm32f10x_adc.o(i.ADC_DeInit) refers to stm32f10x_rcc.o(i.RCC_APB2PeriphResetCmd) for RCC_APB2PeriphResetCmd
    stm32f10x_adc.o(.ARM.exidx) refers to stm32f10x_adc.o(i.ADC_DeInit) for i.ADC_DeInit
    stm32f10x_adc.o(.ARM.exidx) refers to stm32f10x_adc.o(i.ADC_Init) for i.ADC_Init
    stm32f10x_adc.o(.ARM.exidx) refers to stm32f10x_adc.o(i.ADC_StructInit) for i.ADC_StructInit
    stm32f10x_adc.o(.ARM.exidx) refers to stm32f10x_adc.o(i.ADC_Cmd) for i.ADC_Cmd
    stm32f10x_adc.o(.ARM.exidx) refers to stm32f10x_adc.o(i.ADC_DMACmd) for i.ADC_DMACmd
    stm32f10x_adc.o(.ARM.exidx) refers to stm32f10x_adc.o(i.ADC_ITConfig) for i.ADC_ITConfig
    stm32f10x_adc.o(.ARM.exidx) refers to stm32f10x_adc.o(i.ADC_ResetCalibration) for i.ADC_ResetCalibration
    stm32f10x_adc.o(.ARM.exidx) refers to stm32f10x_adc.o(i.ADC_GetResetCalibrationStatus) for i.ADC_GetResetCalibrationStatus
    stm32f10x_adc.o(.ARM.exidx) refers to stm32f10x_adc.o(i.ADC_StartCalibration) for i.ADC_StartCalibration
    stm32f10x_adc.o(.ARM.exidx) refers to stm32f10x_adc.o(i.ADC_GetCalibrationStatus) for i.ADC_GetCalibrationStatus
    stm32f10x_adc.o(.ARM.exidx) refers to stm32f10x_adc.o(i.ADC_SoftwareStartConvCmd) for i.ADC_SoftwareStartConvCmd
    stm32f10x_adc.o(.ARM.exidx) refers to stm32f10x_adc.o(i.ADC_GetSoftwareStartConvStatus) for i.ADC_GetSoftwareStartConvStatus
[...]
    [local to key_cpp]::switchAudioInput(AP_Instance*) 0x080031f7   Thumb Code    78  key.o(i._ZN28_INTERNAL_7_key_cpp_afc27afd16switchAudioInputEP11AP_Instance)
    i._ZN29_INTERNAL_8_Time_cpp_948ecdb516NVIC_SetPriorityE4IRQnj 0x08003244   Section        0  time.o(i._ZN29_INTERNAL_8_Time_cpp_948ecdb516NVIC_SetPriorityE4IRQnj)
    [local to Time_cpp]::NVIC_SetPriority(IRQn, unsigned) 0x08003245   Thumb Code    32  time.o(i._ZN29_INTERNAL_8_Time_cpp_948ecdb516NVIC_SetPriorityE4IRQnj)
    i._ZN32_INTERNAL_10_eeprom_cpp_1a14007d11Eeprom_ReadEP6EepromtPht 0x08003264   Section        0  eeprom.o(i._ZN32_INTERNAL_10_eeprom_cpp_1a14007d11Eeprom_ReadEP6EepromtPht)
    [local to eeprom_cpp]::Eeprom_Read(Eeprom*, unsigned short, unsigned char*, unsigned short) 0x08003265   Thumb Code    24  eeprom.o(i._ZN32_INTERNAL_10_eeprom_cpp_1a14007d11Eeprom_ReadEP6EepromtPht)
    i._ZN32_INTERNAL_10_eeprom_cpp_1a14007d12Eeprom_WriteEP6EepromtPht 0x0800327c   Section        0  eeprom.o(i._ZN32_INTERNAL_10_eeprom_cpp_1a14007d12Eeprom_WriteEP6EepromtPht)
    [local to eeprom_cpp]::Eeprom_Write(Eeprom*, unsigned short, unsigned char*, unsigned short) 0x0800327d   Thumb Code   126  eeprom.o(i._ZN32_INTERNAL_10_eeprom_cpp_1a14007d12Eeprom_WriteEP6EepromtPht)
    i._ZN33_INTERNAL_11_tpa5050_cpp_70157c1216Tpa5050_GetDelayEP7Tpa5050h 0x080032fa   Section        0  tpa5050.o(i._ZN33_INTERNAL_11_tpa5050_cpp_70157c1216Tpa5050_GetDelayEP7Tpa5050h)
    [local to tpa5050_cpp]::Tpa5050_GetDelay(Tpa5050*, unsigned char) 0x080032fb   Thumb Code    42  tpa5050.o(i._ZN33_INTERNAL_11_tpa5050_cpp_70157c1216Tpa5050_GetDelayEP7Tpa5050h)
    i._ZN33_INTERNAL_11_tpa5050_cpp_70157c1216Tpa5050_SetDelayEP7Tpa5050th 0x08003324   Section        0  tpa5050.o(i._ZN33_INTERNAL_11_tpa5050_cpp_70157c1216Tpa5050_SetDelayEP7Tpa5050th)
    [local to tpa5050_cpp]::Tpa5050_SetDelay(Tpa5050*, unsigned short, unsigned char) 0x08003325   Thumb Code    56  tpa5050.o(i._ZN33_INTERNAL_11_tpa5050_cpp_70157c1216Tpa5050_SetDelayEP7Tpa5050th)
    i._ZN40_INTERNAL_18_system_stm32f10x_c_5d646a6715SetSysClockTo72Ev 0x0800335c   Section        0  system_stm32f10x.o(i._ZN40_INTERNAL_18_system_stm32f10x_c_5d646a6715SetSysClockTo72Ev)
    [local to system_stm32f10x_c]::SetSysClockTo72() 0x0800335d   Thumb Code   160  system_stm32f10x.o(i._ZN40_INTERNAL_18_system_stm32f10x_c_5d646a6715SetSysClockTo72Ev)
    i._ZN7SysTime4InitEj                     0x08003404   Section        0  time.o(i._ZN7SysTime4InitEj)
    i._ZN7SysTime5GetMsEv                    0x08003450   Section        0  time.o(i._ZN7SysTime5GetMsEv)
    i._ZN7SysTime6UpdateEv                   0x0800345c   Section        0  time.o(i._ZN7SysTime6UpdateEv)
    i._ZN7SysTime7SleepMsEj                  0x0800346c   Section        0  time.o(i._ZN7SysTime7SleepMsEj)
    i.main                                   0x08003484   Section        0  main.o(i.main)
    x$fpl$d2f                                0x08003524   Section       98  d2f.o(x$fpl$d2f)
    x$fpl$dadd                               0x08003588   Section      336  daddsub_clz.o(x$fpl$dadd)
    _dadd1                                   0x08003599   Thumb Code     0  daddsub_clz.o(x$fpl$dadd)
    x$fpl$dcheck1                            0x080036d8   Section       16  dcheck1.o(x$fpl$dcheck1)
    x$fpl$ddiv                               0x080036e8   Section      688  ddiv.o(x$fpl$ddiv)
    ddiv_entry                               0x080036ef   Thumb Code     0  ddiv.o(x$fpl$ddiv)
    x$fpl$dfltu                              0x08003998   Section       38  dflt_clz.o(x$fpl$dfltu)
    x$fpl$dmul                               0x080039c0   Section      340  dmul.o(x$fpl$dmul)
    x$fpl$dnaninf                            0x08003b14   Section      156  dnaninf.o(x$fpl$dnaninf)
    x$fpl$dretinf                            0x08003bb0   Section       12  dretinf.o(x$fpl$dretinf)
    x$fpl$drsb                               0x08003bbc   Section       22  daddsub_clz.o(x$fpl$drsb)
    x$fpl$dsub                               0x08003bd4   Section      468  daddsub_clz.o(x$fpl$dsub)
    _dsub1                                   0x08003be5   Thumb Code     0  daddsub_clz.o(x$fpl$dsub)
    x$fpl$fcheck1                            0x08003da8   Section       12  fcheck1.o(x$fpl$fcheck1)
    x$fpl$ffix                               0x08003db4   Section       54  ffix.o(x$fpl$ffix)
    x$fpl$fnaninf                            0x08003dea   Section      140  fnaninf.o(x$fpl$fnaninf)
    x$fpl$fretinf                            0x08003e76   Section       10  fretinf.o(x$fpl$fretinf)
    x$fpl$retnan                             0x08003e80   Section      100  retnan.o(x$fpl$retnan)
    x$fpl$scalbn                             0x08003ee4   Section       92  scalbn.o(x$fpl$scalbn)
    x$fpl$scalbnf                            0x08003f40   Section       76  scalbnf.o(x$fpl$scalbnf)
    x$fpl$trapveneer                         0x08003f8c   Section       48  trapv.o(x$fpl$trapveneer)
    .constdata                               0x08003fbc   Section       36  main.o(.constdata)
    x$fpl$usenofp                            0x08003fbc   Section        0  usenofp.o(x$fpl$usenofp)
    SoftVersion                              0x08003fbc   Data          36  main.o(.constdata)
    .constdata                               0x08003fe0   Section     1024  mcumsg.o(.constdata)
    crc32tab                                 0x08003fe0   Data        1024  mcumsg.o(.constdata)
    .data                                    0x20000000   Section       20  stm32f10x_rcc.o(.data)
    ADCPrescTable                            0x20000000   Data           4  stm32f10x_rcc.o(.data)
    APBAHBPrescTable                         0x20000004   Data          16  stm32f10x_rcc.o(.data)
    .data                                    0x20000014   Section       24  adau1701-gpio-test_ic_1.o(.data)
    g_pTopoHeader                            0x20000014   Data           4  adau1701-gpio-test_ic_1.o(.data)
    Program_Data_IC_1                        0x20000018   Data           4  adau1701-gpio-test_ic_1.o(.data)
    Param_Data_IC_1                          0x2000001c   Data           4  adau1701-gpio-test_ic_1.o(.data)
    R0_COREREGISTER_IC_1_Default             0x20000020   Data           4  adau1701-gpio-test_ic_1.o(.data)
    R3_HWCONFIGURATION_IC_1_Default          0x20000024   Data           4  adau1701-gpio-test_ic_1.o(.data)
    R4_COREREGISTER_IC_1_Default             0x20000028   Data           4  adau1701-gpio-test_ic_1.o(.data)
    .data                                    0x2000002c   Section        2  adc.o(.data)
    Adc_Deal(AP_Instance*)::oldValue         0x2000002c   Data           2  adc.o(.data)
    .data                                    0x20000030   Section        8  key.o(.data)
    .data                                    0x20000038   Section        4  main.o(.data)
    .data                                    0x2000003c   Section       12  reset.o(.data)
    .data                                    0x20000048   Section        8  time.o(.data)
    .data                                    0x20000050   Section        8  iap.o(.data)
    BeginUpgrade(tagComFifo_t*)::runTime     0x20000050   Data           4  iap.o(.data)
    DSP_TopoUpgrade(tagComFifo_t*)::runTime  0x20000054   Data           4  iap.o(.data)
    .data                                    0x20000058   Section       40  led.o(.data)
    LedsProcess(AP_Instance*)::runTime       0x20000058   Data           4  led.o(.data)
    LedsProcess(AP_Instance*)::sceneTime     0x2000005c   Data           4  led.o(.data)
    LedsProcess(AP_Instance*)::sceneLoadingTime 0x20000060   Data           4  led.o(.data)
    LedsProcess(AP_Instance*)::sceneLoadingTimeCnt 0x20000064   Data           4  led.o(.data)
    .bss                                     0x20000080   Section     1040  iap.o(.bss)
    .bss                                     0x20000490   Section     1040  packet.o(.bss)
    .bss                                     0x200008a0   Section    20504  uart.o(.bss)
    .bss                                     0x200058b8   Section       96  libspace.o(.bss)
    HEAP                                     0x20005918   Section    20480  startup_stm32f10x_hd.o(HEAP)
    Heap_Mem                                 0x20005918   Data       20480  startup_stm32f10x_hd.o(HEAP)
    STACK                                    0x2000a918   Section     1536  startup_stm32f10x_hd.o(STACK)
    Stack_Mem                                0x2000a918   Data        1536  startup_stm32f10x_hd.o(STACK)
    __initial_sp                             0x2000af18   Data           0  startup_stm32f10x_hd.o(STACK)

    Global Symbols

    Symbol Name                              Value     Ov Type        Size  Object(Section)

    BuildAttributes$$THM_ISAv4$P$D$K$B$S$PE$A:L22UL41UL21$X:L11$S22US41US21$IEEE1$IW$USESV6$~STKCKD$USESV7$~SHL$OTIME$ROPI$EBA8$UX$STANDARDLIB$REQ8$PRES8$EABIv2 0x00000000   Number         0  anon$$obj.o ABSOLUTE
    __ARM_use_no_argv                        0x00000000   Number         0  main.o ABSOLUTE
    __ARM_exceptions_init                     - Undefined Weak Reference
    __alloca_initialize                       - Undefined Weak Reference
    __arm_preinit_                            - Undefined Weak Reference
    __cpp_initialize__aeabi_                  - Undefined Weak Reference
    __cxa_finalize                            - Undefined Weak Reference
    __rt_locale                               - Undefined Weak Reference
    __sigvec_lookup                           - Undefined Weak Reference
    __user_heap_extent                        - Undefined Weak Reference
    _atexit_init                              - Undefined Weak Reference
    _call_atexit_fns                          - Undefined Weak Reference
    _clock_init                               - Undefined Weak Reference
    _fp_trap_init                             - Undefined Weak Reference
    _fp_trap_shutdown                         - Undefined Weak Reference
    _get_lc_collate                           - Undefined Weak Reference
    _get_lc_ctype                             - Undefined Weak Reference
    _get_lc_monetary                          - Undefined Weak Reference
    _get_lc_numeric                           - Undefined Weak Reference
    _get_lc_time                              - Undefined Weak Reference
    _getenv_init                              - Undefined Weak Reference
    _handle_redirection                       - Undefined Weak Reference
    _initio                                   - Undefined Weak Reference
    _mutex_acquire                            - Undefined Weak Reference
    _mutex_free                               - Undefined Weak Reference
    _mutex_release                            - Undefined Weak Reference
    _rand_init                                - Undefined Weak Reference
    _signal_finish                            - Undefined Weak Reference
    _signal_init                              - Undefined Weak Reference
    _terminateio                              - Undefined Weak Reference
    __Vectors_Size                           0x00000130   Number         0  startup_stm32f10x_hd.o ABSOLUTE
    __Vectors                                0x08000000   Data           4  startup_stm32f10x_hd.o(RESET)
    __Vectors_End                            0x08000130   Data           0  startup_stm32f10x_hd.o(RESET)
    __main                                   0x08000131   Thumb Code     8  __main.o(!!!main)
    __scatterload                            0x08000139   Thumb Code     0  __scatter.o(!!!scatter)
    __scatterload_rt2                        0x08000139   Thumb Code    44  __scatter.o(!!!scatter)
    __scatterload_rt2_thumb_only             0x08000139   Thumb Code     0  __scatter.o(!!!scatter)
    __scatterload_null                       0x08000147   Thumb Code     0  __scatter.o(!!!scatter)
    __scatterload_copy                       0x0800016d   Thumb Code    26  __scatter_copy.o(!!handler_copy)
    __scatterload_zeroinit                   0x08000189   Thumb Code    28  __scatter_zi.o(!!handler_zi)
    __rt_lib_init                            0x080001a5   Thumb Code     0  libinit.o(.ARM.Collect$$libinit$$00000000)
    __rt_lib_init_fp_1                       0x080001a7   Thumb Code     0  libinit2.o(.ARM.Collect$$libinit$$00000002)
    __rt_lib_init_heap_2                     0x080001a7   Thumb Code     0  libinit2.o(.ARM.Collect$$libinit$$00000005)
    __rt_lib_init_preinit_1                  0x080001a7   Thumb Code     0  libinit2.o(.ARM.Collect$$libinit$$00000004)
    __rt_lib_init_alloca_1                   0x080001af   Thumb Code     0  libinit2.o(.ARM.Collect$$libinit$$0000002E)
    __rt_lib_init_argv_1                     0x080001af   Thumb Code     0  libinit2.o(.ARM.Collect$$libinit$$0000002C)
    __rt_lib_init_atexit_1                   0x080001af   Thumb Code     0  libinit2.o(.ARM.Collect$$libinit$$0000001B)
    __rt_lib_init_clock_1                    0x080001af   Thumb Code     0  libinit2.o(.ARM.Collect$$libinit$$00000021)
    __rt_lib_init_cpp_1                      0x080001af   Thumb Code     0  libinit2.o(.ARM.Collect$$libinit$$00000032)
    __rt_lib_init_exceptions_1               0x080001af   Thumb Code     0  libinit2.o(.ARM.Collect$$libinit$$00000030)
    __rt_lib_init_fp_trap_1                  0x080001af   Thumb Code     0  libinit2.o(.ARM.Collect$$libinit$$0000001F)
    __rt_lib_init_getenv_1                   0x080001af   Thumb Code     0  libinit2.o(.ARM.Collect$$libinit$$00000023)
    __rt_lib_init_heap_1                     0x080001af   Thumb Code     0  libinit2.o(.ARM.Collect$$libinit$$0000000A)
    __rt_lib_init_lc_collate_1               0x080001af   Thumb Code     0  libinit2.o(.ARM.Collect$$libinit$$00000011)
    __rt_lib_init_lc_ctype_1                 0x080001af   Thumb Code     0  libinit2.o(.ARM.Collect$$libinit$$00000013)
    __rt_lib_init_lc_monetary_1              0x080001af   Thumb Code     0  libinit2.o(.ARM.Collect$$libinit$$00000015)
    __rt_lib_init_lc_numeric_1               0x080001af   Thumb Code     0  libinit2.o(.ARM.Collect$$libinit$$00000017)
    __rt_lib_init_lc_time_1                  0x080001af   Thumb Code     0  libinit2.o(.ARM.Collect$$libinit$$00000019)
    __rt_lib_init_rand_1                     0x080001af   Thumb Code     0  libinit2.o(.ARM.Collect$$libinit$$0000000E)
    __rt_lib_init_return                     0x080001af   Thumb Code     0  libinit2.o(.ARM.Collect$$libinit$$00000033)
    __rt_lib_init_signal_1                   0x080001af   Thumb Code     0  libinit2.o(.ARM.Collect$$libinit$$0000001D)
    __rt_lib_init_stdio_1                    0x080001af   Thumb Code     0  libinit2.o(.ARM.Collect$$libinit$$00000025)
    __rt_lib_init_user_alloc_1               0x080001af   Thumb Code     0  libinit2.o(.ARM.Collect$$libinit$$0000000C)
    __rt_lib_shutdown                        0x080001b1   Thumb Code     0  libshutdown.o(.ARM.Collect$$libshutdown$$00000000)
    __rt_lib_shutdown_cpp_1                  0x080001b3   Thumb Code     0  libshutdown2.o(.ARM.Collect$$libshutdown$$00000002)
    __rt_lib_shutdown_fp_trap_1              0x080001b3   Thumb Code     0  libshutdown2.o(.ARM.Collect$$libshutdown$$00000007)
    __rt_lib_shutdown_heap_1                 0x080001b3   Thumb Code     0  libshutdown2.o(.ARM.Collect$$libshutdown$$0000000F)
    __rt_lib_shutdown_return                 0x080001b3   Thumb Code     0  libshutdown2.o(.ARM.Collect$$libshutdown$$00000010)
    __rt_lib_shutdown_signal_1               0x080001b3   Thumb Code     0  libshutdown2.o(.ARM.Collect$$libshutdown$$0000000A)
    __rt_lib_shutdown_stdio_1                0x080001b3   Thumb Code     0  libshutdown2.o(.ARM.Collect$$libshutdown$$00000004)
    __rt_lib_shutdown_user_alloc_1           0x080001b3   Thumb Code     0  libshutdown2.o(.ARM.Collect$$libshutdown$$0000000C)
    __rt_entry                               0x080001b5   Thumb Code     0  __rtentry.o(.ARM.Collect$$rtentry$$00000000)
    __rt_entry_presh_1                       0x080001b5   Thumb Code     0  __rtentry2.o(.ARM.Collect$$rtentry$$00000002)
    __rt_entry_sh                            0x080001b5   Thumb Code     0  __rtentry4.o(.ARM.Collect$$rtentry$$00000004)
    __rt_entry_li                            0x080001bb   Thumb Code     0  __rtentry2.o(.ARM.Collect$$rtentry$$0000000A)
    __rt_entry_postsh_1                      0x080001bb   Thumb Code     0  __rtentry2.o(.ARM.Collect$$rtentry$$00000009)
    __rt_entry_main                          0x080001bf   Thumb Code     0  __rtentry2.o(.ARM.Collect$$rtentry$$0000000D)
    __rt_entry_postli_1                      0x080001bf   Thumb Code     0  __rtentry2.o(.ARM.Collect$$rtentry$$0000000C)
    __rt_exit                                0x080001c7   Thumb Code     0  rtexit.o(.ARM.Collect$$rtexit$$00000000)
    __rt_exit_ls                             0x080001c9   Thumb Code     0  rtexit2.o(.ARM.Collect$$rtexit$$00000003)
    __rt_exit_prels_1                        0x080001c9   Thumb Code     0  rtexit2.o(.ARM.Collect$$rtexit$$00000002)
    __rt_exit_exit                           0x080001cd   Thumb Code     0  rtexit2.o(.ARM.Collect$$rtexit$$00000004)
    Reset_Handler                            0x080001d5   Thumb Code     8  startup_stm32f10x_hd.o(.text)
    _maybe_terminate_alloc                   0x080001d5   Thumb Code     0  maybetermalloc1.o(.emb_text)
    ADC1_2_IRQHandler                        0x080001ef   Thumb Code     0  startup_stm32f10x_hd.o(.text)
    ADC3_IRQHandler                          0x080001ef   Thumb Code     0  startup_stm32f10x_hd.o(.text)
    CAN1_RX1_IRQHandler                      0x080001ef   Thumb Code     0  startup_stm32f10x_hd.o(.text)
    CAN1_SCE_IRQHandler                      0x080001ef   Thumb Code     0  startup_stm32f10x_hd.o(.text)
    DMA1_Channel1_IRQHandler                 0x080001ef   Thumb Code     0  startup_stm32f10x_hd.o(.text)
    DMA1_Channel2_IRQHandler                 0x080001ef   Thumb Code     0  startup_stm32f10x_hd.o(.text)
    DMA1_Channel3_IRQHandler                 0x080001ef   Thumb Code     0  startup_stm32f10x_hd.o(.text)
    DMA1_Channel4_IRQHandler                 0x080001ef   Thumb Code     0  startup_stm32f10x_hd.o(.text)
    DMA1_Channel7_IRQHandler                 0x080001ef   Thumb Code     0  startup_stm32f10x_hd.o(.text)
    DMA2_Channel1_IRQHandler                 0x080001ef   Thumb Code     0  startup_stm32f10x_hd.o(.text)
    DMA2_Channel2_IRQHandler                 0x080001ef   Thumb Code     0  startup_stm32f10x_hd.o(.text)
    DMA2_Channel3_IRQHandler                 0x080001ef   Thumb Code     0  startup_stm32f10x_hd.o(.text)
    DMA2_Channel4_5_IRQHandler               0x080001ef   Thumb Code     0  startup_stm32f10x_hd.o(.text)
    EXTI0_IRQHandler                         0x080001ef   Thumb Code     0  startup_stm32f10x_hd.o(.text)
    EXTI15_10_IRQHandler                     0x080001ef   Thumb Code     0  startup_stm32f10x_hd.o(.text)
    EXTI1_IRQHandler                         0x080001ef   Thumb Code     0  startup_stm32f10x_hd.o(.text)
    EXTI2_IRQHandler                         0x080001ef   Thumb Code     0  startup_stm32f10x_hd.o(.text)
    EXTI3_IRQHandler                         0x080001ef   Thumb Code     0  startup_stm32f10x_hd.o(.text)
    EXTI4_IRQHandler                         0x080001ef   Thumb Code     0  startup_stm32f10x_hd.o(.text)
    EXTI9_5_IRQHandler                       0x080001ef   Thumb Code     0  startup_stm32f10x_hd.o(.text)
    FLASH_IRQHandler                         0x080001ef   Thumb Code     0  startup_stm32f10x_hd.o(.text)
    FSMC_IRQHandler                          0x080001ef   Thumb Code     0  startup_stm32f10x_hd.o(.text)
    I2C1_ER_IRQHandler                       0x080001ef   Thumb Code     0  startup_stm32f10x_hd.o(.text)
    I2C1_EV_IRQHandler                       0x080001ef   Thumb Code     0  startup_stm32f10x_hd.o(.text)
    I2C2_ER_IRQHandler                       0x080001ef   Thumb Code     0  startup_stm32f10x_hd.o(.text)
    I2C2_EV_IRQHandler                       0x080001ef   Thumb Code     0  startup_stm32f10x_hd.o(.text)
    PVD_IRQHandler                           0x080001ef   Thumb Code     0  startup_stm32f10x_hd.o(.text)
    RCC_IRQHandler                           0x080001ef   Thumb Code     0  startup_stm32f10x_hd.o(.text)
    RTCAlarm_IRQHandler                      0x080001ef   Thumb Code     0  startup_stm32f10x_hd.o(.text)
    RTC_IRQHandler                           0x080001ef   Thumb Code     0  startup_stm32f10x_hd.o(.text)
    SDIO_IRQHandler                          0x080001ef   Thumb Code     0  startup_stm32f10x_hd.o(.text)
    SPI1_IRQHandler                          0x080001ef   Thumb Code     0  startup_stm32f10x_hd.o(.text)
    SPI2_IRQHandler                          0x080001ef   Thumb Code     0  startup_stm32f10x_hd.o(.text)
    SPI3_IRQHandler                          0x080001ef   Thumb Code     0  startup_stm32f10x_hd.o(.text)
    TAMPER_IRQHandler                        0x080001ef   Thumb Code     0  startup_stm32f10x_hd.o(.text)
    TIM1_BRK_IRQHandler                      0x080001ef   Thumb Code     0  startup_stm32f10x_hd.o(.text)
    TIM1_CC_IRQHandler                       0x080001ef   Thumb Code     0  startup_stm32f10x_hd.o(.text)
    TIM1_TRG_COM_IRQHandler                  0x080001ef   Thumb Code     0  startup_stm32f10x_hd.o(.text)
    TIM1_UP_IRQHandler                       0x080001ef   Thumb Code     0  startup_stm32f10x_hd.o(.text)
    TIM2_IRQHandler                          0x080001ef   Thumb Code     0  startup_stm32f10x_hd.o(.text)
    TIM3_IRQHandler                          0x080001ef   Thumb Code     0  startup_stm32f10x_hd.o(.text)
    TIM4_IRQHandler                          0x080001ef   Thumb Code     0  startup_stm32f10x_hd.o(.text)
    TIM5_IRQHandler                          0x080001ef   Thumb Code     0  startup_stm32f10x_hd.o(.text)
    TIM6_IRQHandler                          0x080001ef   Thumb Code     0  startup_stm32f10x_hd.o(.text)
    TIM7_IRQHandler                          0x080001ef   Thumb Code     0  startup_stm32f10x_hd.o(.text)
    TIM8_BRK_IRQHandler                      0x080001ef   Thumb Code     0  startup_stm32f10x_hd.o(.text)
    TIM8_CC_IRQHandler                       0x080001ef   Thumb Code     0  startup_stm32f10x_hd.o(.text)
    TIM8_TRG_COM_IRQHandler                  0x080001ef   Thumb Code     0  startup_stm32f10x_hd.o(.text)
    TIM8_UP_IRQHandler                       0x080001ef   Thumb Code     0  startup_stm32f10x_hd.o(.text)
    UART4_IRQHandler                         0x080001ef   Thumb Code     0  startup_stm32f10x_hd.o(.text)
    UART5_IRQHandler                         0x080001ef   Thumb Code     0  startup_stm32f10x_hd.o(.text)
    USART3_IRQHandler                        0x080001ef   Thumb Code     0  startup_stm32f10x_hd.o(.text)
    USBWakeUp_IRQHandler                     0x080001ef   Thumb Code     0  startup_stm32f10x_hd.o(.text)
    USB_HP_CAN1_TX_IRQHandler                0x080001ef   Thumb Code     0  startup_stm32f10x_hd.o(.text)
    USB_LP_CAN1_RX0_IRQHandler               0x080001ef   Thumb Code     0  startup_stm32f10x_hd.o(.text)
    WWDG_IRQHandler                          0x080001ef   Thumb Code     0  startup_stm32f10x_hd.o(.text)
    __user_initial_stackheap                 0x080001f1   Thumb Code     0  startup_stm32f10x_hd.o(.text)
    malloc                                   0x08000215   Thumb Code    94  h1_alloc.o(.text)
    free                                     0x08000273   Thumb Code    78  h1_free.o(.text)
    strlen                                   0x080002c1   Thumb Code    62  strlen.o(.text)
    __aeabi_memcpy                           0x080002ff   Thumb Code     0  rt_memcpy_v6.o(.text)
    __rt_memcpy                              0x080002ff   Thumb Code   138  rt_memcpy_v6.o(.text)
    _memcpy_lastbytes                        0x08000365   Thumb Code     0  rt_memcpy_v6.o(.text)
    __aeabi_memcpy4                          0x08000389   Thumb Code     0  rt_memcpy_w.o(.text)
    __aeabi_memcpy8                          0x08000389   Thumb Code     0  rt_memcpy_w.o(.text)
    __rt_memcpy_w                            0x08000389   Thumb Code   100  rt_memcpy_w.o(.text)
    _memcpy_lastbytes_aligned                0x080003d1   Thumb Code     0  rt_memcpy_w.o(.text)
    __aeabi_memclr                           0x080003ed   Thumb Code     0  rt_memclr.o(.text)
    __rt_memclr                              0x080003ed   Thumb Code    68  rt_memclr.o(.text)
    _memset                                  0x080003f1   Thumb Code     0  rt_memclr.o(.text)
    __aeabi_memclr4                          0x08000431   Thumb Code     0  rt_memclr_w.o(.text)
    __aeabi_memclr8                          0x08000431   Thumb Code     0  rt_memclr_w.o(.text)
    __rt_memclr_w                            0x08000431   Thumb Code    78  rt_memclr_w.o(.text)
    _memset_w                                0x08000435   Thumb Code     0  rt_memclr_w.o(.text)
    __use_two_region_memory                  0x0800047f   Thumb Code     2  heapauxi.o(.text)
    __rt_heap_escrow                         0x08000481   Thumb Code     2  heapauxi.o(.text)
    __rt_heap_expand                         0x08000483   Thumb Code     2  heapauxi.o(.text)
    __rt_heap_descriptor                     0x08000485   Thumb Code     8  rt_heap_descriptor_intlibspace.o(.text)
    __use_no_heap                            0x0800048d   Thumb Code     2  hguard.o(.text)
    __heap$guard                             0x0800048f   Thumb Code     2  hguard.o(.text)
    _terminate_user_alloc                    0x08000491   Thumb Code     2  init_alloc.o(.text)
    _init_user_alloc                         0x08000493   Thumb Code     2  init_alloc.o(.text)
    __Heap_Full                              0x08000495   Thumb Code    34  init_alloc.o(.text)
    __Heap_Broken                            0x080004b7   Thumb Code     6  init_alloc.o(.text)
    _init_alloc                              0x080004bd   Thumb Code    94  init_alloc.o(.text)
    __Heap_Initialize                        0x0800051b   Thumb Code    10  h1_init.o(.text)
    __Heap_DescSize                          0x08000525   Thumb Code     4  h1_init.o(.text)
    __user_libspace                          0x08000529   Thumb Code     8  libspace.o(.text)
    __user_perproc_libspace                  0x08000529   Thumb Code     0  libspace.o(.text)
    __user_perthread_libspace                0x08000529   Thumb Code     0  libspace.o(.text)
    __Heap_ProvideMemory                     0x08000531   Thumb Code    52  h1_extend.o(.text)
    __rt_SIGRTMEM                            0x08000565   Thumb Code    14  defsig_rtmem_outer.o(.text)
    __I$use$semihosting                      0x08000573   Thumb Code     0  use_no_semi.o(.text)
    __use_no_semihosting_swi                 0x08000573   Thumb Code     2  use_no_semi.o(.text)
    __semihosting_library_function           0x08000575   Thumb Code     0  indicate_semi.o(.text)
    __user_setup_stackheap                   0x08000575   Thumb Code    74  sys_stackheap_outer.o(.text)
    exit                                     0x080005bf   Thumb Code    18  exit.o(.text)
    __sig_exit                               0x080005d1   Thumb Code    10  defsig_exit.o(.text)
    __rt_SIGRTMEM_inner                      0x080005dd   Thumb Code    22  defsig_rtmem_inner.o(.text)
    _sys_exit                                0x0800062d   Thumb Code     8  sys_exit.o(.text)
    __default_signal_display                 0x08000639   Thumb Code    50  defsig_general.o(.text)
    _ttywrch                                 0x0800066b   Thumb Code    14  sys_wrch.o(.text)
    ADC_Cmd                                  0x08000679   Thumb Code    20  stm32f10x_adc.o(i.ADC_Cmd)
    ADC_DMACmd                               0x0800068d   Thumb Code    20  stm32f10x_adc.o(i.ADC_DMACmd)
    ADC_GetCalibrationStatus                 0x080006a1   Thumb Code    14  stm32f10x_adc.o(i.ADC_GetCalibrationStatus)
    ADC_GetResetCalibrationStatus            0x080006af   Thumb Code    14  stm32f10x_adc.o(i.ADC_GetResetCalibrationStatus)
    ADC_Init                                 0x080006bd   Thumb Code    62  stm32f10x_adc.o(i.ADC_Init)
    ADC_RegularChannelConfig                 0x08000705   Thumb Code   116  stm32f10x_adc.o(i.ADC_RegularChannelConfig)
    ADC_ResetCalibration                     0x08000779   Thumb Code    10  stm32f10x_adc.o(i.ADC_ResetCalibration)
    ADC_SoftwareStartConvCmd                 0x08000783   Thumb Code    20  stm32f10x_adc.o(i.ADC_SoftwareStartConvCmd)
    ADC_StartCalibration                     0x08000797   Thumb Code    10  stm32f10x_adc.o(i.ADC_StartCalibration)
    BusFault_Handler                         0x080007a1   Thumb Code     2  stm32f10x_it.o(i.BusFault_Handler)
    DMA1_Channel5_IRQHandler                 0x080007a5   Thumb Code    74  uart.o(i.DMA1_Channel5_IRQHandler)
    DMA1_Channel6_IRQHandler                 0x080007f9   Thumb Code    72  uart.o(i.DMA1_Channel6_IRQHandler)
    DMA_ClearITPendingBit                    0x0800084d   Thumb Code    16  stm32f10x_dma.o(i.DMA_ClearITPendingBit)
    DMA_Cmd                                  0x08000865   Thumb Code    22  stm32f10x_dma.o(i.DMA_Cmd)
    DMA_DeInit                               0x0800087d   Thumb Code   218  stm32f10x_dma.o(i.DMA_DeInit)
    DMA_GetCurrDataCounter                   0x08000961   Thumb Code     6  stm32f10x_dma.o(i.DMA_GetCurrDataCounter)
    DMA_GetITStatus                          0x08000969   Thumb Code    24  stm32f10x_dma.o(i.DMA_GetITStatus)
    DMA_ITConfig                             0x08000989   Thumb Code    16  stm32f10x_dma.o(i.DMA_ITConfig)
    DMA_Init                                 0x08000999   Thumb Code    58  stm32f10x_dma.o(i.DMA_Init)
    DMA_SetCurrDataCounter                   0x080009d3   Thumb Code     4  stm32f10x_dma.o(i.DMA_SetCurrDataCounter)
    DebugMon_Handler                         0x080009d7   Thumb Code     2  stm32f10x_it.o(i.DebugMon_Handler)
    FLASH_ErasePage                          0x080009d9   Thumb Code    56  stm32f10x_flash.o(i.FLASH_ErasePage)
    FLASH_GetBank1Status                     0x08000a15   Thumb Code    34  stm32f10x_flash.o(i.FLASH_GetBank1Status)
    FLASH_Lock                               0x08000a3d   Thumb Code    12  stm32f10x_flash.o(i.FLASH_Lock)
    FLASH_ProgramWord                        0x08000a4d   Thumb Code    76  stm32f10x_flash.o(i.FLASH_ProgramWord)
    FLASH_Unlock                             0x08000a9d   Thumb Code    12  stm32f10x_flash.o(i.FLASH_Unlock)
    FLASH_WaitForLastOperation               0x08000ab5   Thumb Code    36  stm32f10x_flash.o(i.FLASH_WaitForLastOperation)
    GPIO_Init                                0x08000ad9   Thumb Code   162  stm32f10x_gpio.o(i.GPIO_Init)
    GPIO_ReadInputDataBit                    0x08000b7b   Thumb Code    14  stm32f10x_gpio.o(i.GPIO_ReadInputDataBit)
    GPIO_ReadOutputDataBit                   0x08000b89   Thumb Code    14  stm32f10x_gpio.o(i.GPIO_ReadOutputDataBit)
    GPIO_ResetBits                           0x08000b97   Thumb Code     4  stm32f10x_gpio.o(i.GPIO_ResetBits)
    GPIO_SetBits                             0x08000b9b   Thumb Code     4  stm32f10x_gpio.o(i.GPIO_SetBits)
    GPIO_WriteBit                            0x08000b9f   Thumb Code    10  stm32f10x_gpio.o(i.GPIO_WriteBit)
    HardFault_Handler                        0x08000ba9   Thumb Code     2  stm32f10x_it.o(i.HardFault_Handler)
    I2C_AcknowledgeConfig                    0x08000bab   Thumb Code    20  stm32f10x_i2c.o(i.I2C_AcknowledgeConfig)
    I2C_CheckEvent                           0x08000bbf   Thumb Code    24  stm32f10x_i2c.o(i.I2C_CheckEvent)
    I2C_Cmd                                  0x08000bd7   Thumb Code    20  stm32f10x_i2c.o(i.I2C_Cmd)
    I2C_DeInit                               0x08000bed   Thumb Code    38  stm32f10x_i2c.o(i.I2C_DeInit)
    I2C_GenerateSTART                        0x08000c19   Thumb Code    20  stm32f10x_i2c.o(i.I2C_GenerateSTART)
    I2C_GenerateSTOP                         0x08000c2d   Thumb Code    20  stm32f10x_i2c.o(i.I2C_GenerateSTOP)
    I2C_GetFlagStatus                        0x08000c41   Thumb Code    42  stm32f10x_i2c.o(i.I2C_GetFlagStatus)
    I2C_Init                                 0x08000c6d   Thumb Code   178  stm32f10x_i2c.o(i.I2C_Init)
    I2C_ReceiveData                          0x08000d29   Thumb Code     6  stm32f10x_i2c.o(i.I2C_ReceiveData)
    I2C_Send7bitAddress                      0x08000d2f   Thumb Code    16  stm32f10x_i2c.o(i.I2C_Send7bitAddress)
    I2C_SendData                             0x08000d3f   Thumb Code     4  stm32f10x_i2c.o(i.I2C_SendData)
    MemManage_Handler                        0x08000d43   Thumb Code     2  stm32f10x_it.o(i.MemManage_Handler)
    NMI_Handler                              0x08000d45   Thumb Code     2  stm32f10x_it.o(i.NMI_Handler)
    NVIC_Init                                0x08000d49   Thumb Code    94  misc.o(i.NVIC_Init)
    NVIC_PriorityGroupConfig                 0x08000dad   Thumb Code    10  misc.o(i.NVIC_PriorityGroupConfig)
    PendSV_Handler                           0x08000dc1   Thumb Code     2  stm32f10x_it.o(i.PendSV_Handler)
    RCC_ADCCLKConfig                         0x08000dc5   Thumb Code    14  stm32f10x_rcc.o(i.RCC_ADCCLKConfig)
    RCC_AHBPeriphClockCmd                    0x08000dd9   Thumb Code    18  stm32f10x_rcc.o(i.RCC_AHBPeriphClockCmd)
    RCC_APB1PeriphClockCmd                   0x08000df1   Thumb Code    18  stm32f10x_rcc.o(i.RCC_APB1PeriphClockCmd)
    RCC_APB1PeriphResetCmd                   0x08000e09   Thumb Code    18  stm32f10x_rcc.o(i.RCC_APB1PeriphResetCmd)
    RCC_APB2PeriphClockCmd                   0x08000e21   Thumb Code    18  stm32f10x_rcc.o(i.RCC_APB2PeriphClockCmd)
    RCC_APB2PeriphResetCmd                   0x08000e39   Thumb Code    18  stm32f10x_rcc.o(i.RCC_APB2PeriphResetCmd)
    RCC_GetClocksFreq                        0x08000e51   Thumb Code   140  stm32f10x_rcc.o(i.RCC_GetClocksFreq)
    SVC_Handler                              0x08000ef5   Thumb Code     2  stm32f10x_it.o(i.SVC_Handler)
    SysTick_Handler                          0x08000ef7   Thumb Code     4  stm32f10x_it.o(i.SysTick_Handler)
    SystemInit                               0x08000efd   Thumb Code    64  system_stm32f10x.o(i.SystemInit)
    USART1_IRQHandler                        0x08000f4d   Thumb Code    76  uart.o(i.USART1_IRQHandler)
    USART2_IRQHandler                        0x08000fa5   Thumb Code    74  uart.o(i.USART2_IRQHandler)
    USART_Cmd                                0x08001001   Thumb Code    20  stm32f10x_usart.o(i.USART_Cmd)
    USART_DMACmd                             0x08001015   Thumb Code    16  stm32f10x_usart.o(i.USART_DMACmd)
    USART_DeInit                             0x08001025   Thumb Code    96  stm32f10x_usart.o(i.USART_DeInit)
    USART_GetITStatus                        0x08001099   Thumb Code    62  stm32f10x_usart.o(i.USART_GetITStatus)
    USART_ITConfig                           0x080010d7   Thumb Code    48  stm32f10x_usart.o(i.USART_ITConfig)
    USART_Init                               0x08001109   Thumb Code   166  stm32f10x_usart.o(i.USART_Init)
    UsageFault_Handler                       0x080011b5   Thumb Code     2  stm32f10x_it.o(i.UsageFault_Handler)
    CalcMsgCrc(tagMcuMsg_t*)                 0x080011b7   Thumb Code    22  mcumsg.o(i._Z10CalcMsgCrcP11tagMcuMsg_t)
    Gpio_Reset(Gpio*)                        0x080011cd   Thumb Code     8  gpio.o(i._Z10Gpio_ResetP4Gpio)
    I2c_ReOpen(const I2c*)                   0x080011d5   Thumb Code    32  i2c.o(i._Z10I2c_ReOpenPK3I2c)
    MakeMcuMsg(tagMcuMsg_t*, unsigned char*, unsigned short, tagDI_RET_e, tagMcuMsgType_e, unsigned short) 0x080011f5   Thumb Code    52  mcumsg.o(i._Z10MakeMcuMsgP11tagMcuMsg_tPht11tagDI_RET_e15tagMcuMsgType_et)
    Read24C256(unsigned char, unsigned short, unsigned char*, unsigned short) 0x08001229   Thumb Code    20  eeprom.o(i._Z10Read24C256htPht)
    Reset_Init()                             0x08001241   Thumb Code   136  reset.o(i._Z10Reset_Initv)
    Reset_Open(Gpio*)                        0x080012d5   Thumb Code    26  reset.o(i._Z10Reset_OpenP4Gpio)
    Scene_Load(Scene*, tagDSP_Scene_e)       0x080012fd   Thumb Code   136  scene.o(i._Z10Scene_LoadP5Scene14tagDSP_Scene_e)
    Scene_Open()                             0x08001389   Thumb Code    80  scene.o(i._Z10Scene_Openv)
    SendPacket(unsigned char*, unsigned short, tagDI_RET_e, tagMcuMsgType_e, unsigned short) 0x080013e9   Thumb Code    60  packet.o(i._Z10SendPacketPht11tagDI_RET_e15tagMcuMsgType_et)
    UintTo5p23(unsigned, unsigned char*)     0x08001429   Thumb Code    20  adc.o(i._Z10UintTo5p23jPh)
    CheckMsgCrc(tagMcuMsg_t*)                0x0800143d   Thumb Code    24  mcumsg.o(i._Z11CheckMsgCrcP11tagMcuMsg_t)
    Eeprom_Open(I2c*)                        0x08001455   Thumb Code    26  eeprom.o(i._Z11Eeprom_OpenP3I2c)
    FloatTo5p23(float, unsigned char*)       0x08001479   Thumb Code    48  adc.o(i._Z11FloatTo5p23fPh)
    I2C_Read_16(I2C_TypeDef*, unsigned char, unsigned short, unsigned char*, unsigned short) 0x080014a9   Thumb Code   372  i2c.o(i._Z11I2C_Read_16P11I2C_TypeDefhtPht)
    InitComFifo(tagComFifo_t*)               0x08001625   Thumb Code    18  comfifo.o(i._Z11InitComFifoP12tagComFifo_t)
    Led_Reverse(Led*)                        0x08001637   Thumb Code     6  led.o(i._Z11Led_ReverseP3Led)
    LedsProcess(AP_Instance*)                0x0800163d   Thumb Code   182  led.o(i._Z11LedsProcessP11AP_Instance)
    ReadComFifo(tagComFifo_t*, char*, int)   0x080016f9   Thumb Code    50  comfifo.o(i._Z11ReadComFifoP12tagComFifo_tPci)
    Write24C256(unsigned char, unsigned short, unsigned char*, unsigned short) 0x0800172d   Thumb Code   118  eeprom.o(i._Z11Write24C256htPht)
    Adc_GetValue(Adc*)                       0x080017a9   Thumb Code     6  adc.o(i._Z12Adc_GetValueP3Adc)
    Gpio_Reverse(Gpio*)                      0x080017af   Thumb Code    32  gpio.o(i._Z12Gpio_ReverseP4Gpio)
    I2C_Write_16(I2C_TypeDef*, unsigned char, unsigned short, unsigned char*, unsigned short) 0x080017d1   Thumb Code   250  i2c.o(i._Z12I2C_Write_16P11I2C_TypeDefhtPht)
    Reset_Enable(Reset*)                     0x080018d5   Thumb Code     6  reset.o(i._Z12Reset_EnableP5Reset)
    TPA_SetDelay(unsigned char, unsigned short, unsigned char) 0x080018dd   Thumb Code    56  tpa5050.o(i._Z12TPA_SetDelayhth)
    Tpa5050_Open(I2c*)                       0x08001919   Thumb Code    50  tpa5050.o(i._Z12Tpa5050_OpenP3I2c)
    WriteComFifo(tagComFifo_t*, char*, int)  0x08001955   Thumb Code    66  comfifo.o(i._Z12WriteComFifoP12tagComFifo_tPci)
    AP_MsgReadDsp(AP_Instance*, tagMcuMsg_t*) 0x08001997   Thumb Code    42  mcumsg.o(i._Z13AP_MsgReadDspP11AP_InstanceP11tagMcuMsg_t)
    EraseDSP_Topo()                          0x080019c1   Thumb Code    22  iap.o(i._Z13EraseDSP_Topov)
    FLASH_If_Init()                          0x080019e1   Thumb Code     4  flash_if.o(i._Z13FLASH_If_Initv)
    Reset_Disable(Reset*)                    0x080019e5   Thumb Code     6  reset.o(i._Z13Reset_DisableP5Reset)
    AP_MsgWriteDsp(AP_Instance*, tagMcuMsg_t*) 0x080019eb   Thumb Code    42  mcumsg.o(i._Z14AP_MsgWriteDspP11AP_InstanceP11tagMcuMsg_t)
    FLASH_If_Erase(unsigned, unsigned, unsigned) 0x08001a15   Thumb Code    36  flash_if.o(i._Z14FLASH_If_Erasejjj)
    FLASH_If_Write(volatile unsigned*, unsigned*, unsigned short) 0x08001a39   Thumb Code    52  flash_if.o(i._Z14FLASH_If_WritePVjPjt)
    GetFifoDataLen(tagComFifo_t*)            0x08001a71   Thumb Code    26  comfifo.o(i._Z14GetFifoDataLenP12tagComFifo_t)
    IsDspTopoValid()                         0x08001a8d   Thumb Code    26  adau1701-gpio-test_ic_1.o(i._Z14IsDspTopoValidv)
    Reset_TurnToIn(Reset*)                   0x08001ab5   Thumb Code    44  reset.o(i._Z14Reset_TurnToInP5Reset)
    SendUpgradeAck(unsigned short)           0x08001ae1   Thumb Code    48  packet.o(i._Z14SendUpgradeAckt)
    Usart1SendData(unsigned char*, unsigned short) 0x08001b15   Thumb Code    34  uart.o(i._Z14Usart1SendDataPht)
    AP_MsgRebootMcu(AP_Instance*, tagMcuMsg_t*) 0x08001b3d   Thumb Code    78  mcumsg.o(i._Z15AP_MsgRebootMcuP11AP_InstanceP11tagMcuMsg_t)
    CopyReadComFifo(tagComFifo_t*, char*, int) 0x08001b9d   Thumb Code    46  comfifo.o(i._Z15CopyReadComFifoP12tagComFifo_tPci)
    DSP_TopoUpgrade(tagComFifo_t*)           0x08001bcd   Thumb Code   142  iap.o(i._Z15DSP_TopoUpgradeP12tagComFifo_t)
    FLASH_CFG_Erase(unsigned)                0x08001c71   Thumb Code    30  flash_if.o(i._Z15FLASH_CFG_Erasej)
    FLASH_CFG_Write(unsigned, unsigned*, unsigned short) 0x08001c95   Thumb Code    56  flash_if.o(i._Z15FLASH_CFG_WritejPjt)
    FLASH_if_UnInit()                        0x08001cd5   Thumb Code     4  flash_if.o(i._Z15FLASH_if_UnInitv)
    AP_MsgGetVersion(AP_Instance*, tagMcuMsg_t*) 0x08001cd9   Thumb Code    34  mcumsg.o(i._Z16AP_MsgGetVersionP11AP_InstanceP11tagMcuMsg_t)
    AP_MsgReadEeprom(AP_Instance*, tagMcuMsg_t*) 0x08001d01   Thumb Code    46  mcumsg.o(i._Z16AP_MsgReadEepromP11AP_InstanceP11tagMcuMsg_t)
    GetDSPTopoHeader()                       0x08001d31   Thumb Code     6  adau1701-gpio-test_ic_1.o(i._Z16GetDSPTopoHeaderv)
    AP_MsgSafeloadDsp(AP_Instance*, tagMcuMsg_t*) 0x08001d3d   Thumb Code    42  mcumsg.o(i._Z17AP_MsgSafeloadDspP11AP_InstanceP11tagMcuMsg_t)
    AP_MsgWriteEeprom(AP_Instance*, tagMcuMsg_t*) 0x08001d67   Thumb Code    42  mcumsg.o(i._Z17AP_MsgWriteEepromP11AP_InstanceP11tagMcuMsg_t)
    I2C_Configuration()                      0x08001d91   Thumb Code   120  i2c.o(i._Z17I2C_Configurationv)
    AP_MsgTopoHeaderDsp(AP_Instance*, tagMcuMsg_t*) 0x08001e15   Thumb Code    26  mcumsg.o(i._Z19AP_MsgTopoHeaderDspP11AP_InstanceP11tagMcuMsg_t)
    Scene_FindMsgDspExt(Scene*, tagMsgDspExt_t*, unsigned short, unsigned short*) 0x08001e31   Thumb Code    78  scene.o(i._Z19Scene_FindMsgDspExtP5SceneP14tagMsgDspExt_ttPt)
    Scene_LoadMsgDspExt(Scene*, tagMsgDspExt_t*, unsigned char) 0x08001e85   Thumb Code   108  scene.o(i._Z19Scene_LoadMsgDspExtP5SceneP14tagMsgDspExt_th)
    AP_MsgSceneChangeDsp(AP_Instance*, tagMcuMsg_t*) 0x08001ef1   Thumb Code    42  mcumsg.o(i._Z20AP_MsgSceneChangeDspP11AP_InstanceP11tagMcuMsg_t)
    Scene_SetCurrentMode(Scene*, tagDSP_Scene_e) 0x08001f1b   Thumb Code    16  scene.o(i._Z20Scene_SetCurrentModeP5Scene14tagDSP_Scene_e)
    USART1_Configuration()                   0x08001f2d   Thumb Code   312  uart.o(i._Z20USART1_Configurationv)
    USART2_Configuration()                   0x08002075   Thumb Code   318  uart.o(i._Z20USART2_Configurationv)
    AP_MsgWriteWithExtDsp(AP_Instance*, tagMcuMsg_t*) 0x080021c5   Thumb Code    44  mcumsg.o(i._Z21AP_MsgWriteWithExtDspP11AP_InstanceP11tagMcuMsg_t)
    default_download_IC_1()                  0x080021f1   Thumb Code    88  adau1701-gpio-test_ic_1.o(i._Z21default_download_IC_1v)
    AP_MsgDspTopoUpdateMode(AP_Instance*, tagMcuMsg_t*) 0x0800224d   Thumb Code    60  mcumsg.o(i._Z23AP_MsgDspTopoUpdateModeP11AP_InstanceP11tagMcuMsg_t)
    AP_MsgSafeloadWithExtDsp(AP_Instance*, tagMcuMsg_t*) 0x08002291   Thumb Code    44  mcumsg.o(i._Z24AP_MsgSafeloadWithExtDspP11AP_InstanceP11tagMcuMsg_t)
    SIGMA_WRITE_REGISTER_BLOCK(unsigned char, unsigned short, unsigned short, unsigned char*) 0x080022bd   Thumb Code    16  dsp.o(i._Z26SIGMA_WRITE_REGISTER_BLOCKhttPh)
    SIGMA_SAFELOAD_WRITE_REGISTER(unsigned char, unsigned short, unsigned short, unsigned char*) 0x080022d1   Thumb Code   184  dsp.o(i._Z29SIGMA_SAFELOAD_WRITE_REGISTERhttPh)
    Led_On(Led*)                             0x0800238d   Thumb Code     6  led.o(i._Z6Led_OnP3Led)
    AP_Init()                                0x08002395   Thumb Code   140  mcumsg.o(i._Z7AP_Initv)
    Led_Off(Led*)                            0x08002455   Thumb Code     6  led.o(i._Z7Led_OffP3Led)
    ReadDSP(unsigned short, unsigned char*, unsigned short) 0x0800245d   Thumb Code    20  dsp.o(i._Z7ReadDSPtPht)
    Adc_Deal(AP_Instance*)                   0x08002475   Thumb Code   390  adc.o(i._Z8Adc_DealP11AP_Instance)
    Adc_Open()                               0x08002621   Thumb Code   242  adc.o(i._Z8Adc_Openv)
    Calcrc32(const unsigned char*, unsigned) 0x08002725   Thumb Code    36  mcumsg.o(i._Z8Calcrc32PKhj)
    Dsp_Open(I2c*)                           0x0800274d   Thumb Code    30  dsp.o(i._Z8Dsp_OpenP3I2c)
    Gpio_Set(Gpio*)                          0x08002779   Thumb Code     8  gpio.o(i._Z8Gpio_SetP4Gpio)
    I2c_Open(I2C_TypeDef*)                   0x08002781   Thumb Code   154  i2c.o(i._Z8I2c_OpenP11I2C_TypeDef)
    Jmp2Boot()                               0x08002839   Thumb Code     2  iap.o(i._Z8Jmp2Bootv)
    Key_Deal(AP_Instance*)                   0x0800283d   Thumb Code    38  key.o(i._Z8Key_DealP11AP_Instance)
    Key_Init()                               0x08002869   Thumb Code    64  key.o(i._Z8Key_Initv)
    Key_Open(Gpio*, unsigned char, unsigned short, void(*)(AP_Instance*)) 0x080028bd   Thumb Code    56  key.o(i._Z8Key_OpenP4GpiohtPFvP11AP_InstanceE)
    Key_Proc(Key*, AP_Instance*)             0x080028fd   Thumb Code    30  key.o(i._Z8Key_ProcP3KeyP11AP_Instance)
    Key_Scan(Key*)                           0x0800291b   Thumb Code    82  key.o(i._Z8Key_ScanP3Key)
    Led_Open(Gpio*)                          0x0800296d   Thumb Code    26  led.o(i._Z8Led_OpenP4Gpio)
    LedsInit()                               0x08002995   Thumb Code   132  led.o(i._Z8LedsInitv)
    GetMcuMsg(tagComFifo_t*, tagMcuMsg_t*)   0x08002a25   Thumb Code   118  mcumsg.o(i._Z9GetMcuMsgP12tagComFifo_tP11tagMcuMsg_t)
    Gpio_Open(GPIO_TypeDef*, unsigned short, GPIOSpeed_TypeDef, GPIOMode_TypeDef, FunctionalState) 0x08002a9d   Thumb Code    76  gpio.o(i._Z9Gpio_OpenP12GPIO_TypeDeft17GPIOSpeed_TypeDef16GPIOMode_TypeDef15FunctionalState)
    Gpio_Read(Gpio*)                         0x08002af9   Thumb Code     8  gpio.o(i._Z9Gpio_ReadP4Gpio)
    I2C_Write(I2C_TypeDef*, unsigned char, unsigned char, unsigned char*, unsigned short) 0x08002b01   Thumb Code   210  i2c.o(i._Z9I2C_WriteP11I2C_TypeDefhhPht)
    SysTime::Init(unsigned)                  0x08003405   Thumb Code    72  time.o(i._ZN7SysTime4InitEj)
    SysTime::GetMs()                         0x08003451   Thumb Code     6  time.o(i._ZN7SysTime5GetMsEv)
    SysTime::Update()                        0x0800345d   Thumb Code    12  time.o(i._ZN7SysTime6UpdateEv)
    SysTime::SleepMs(unsigned)               0x0800346d   Thumb Code    18  time.o(i._ZN7SysTime7SleepMsEj)
    main                                     0x08003485   Thumb Code   152  main.o(i.main)
    __aeabi_d2f                              0x08003525   Thumb Code     0  d2f.o(x$fpl$d2f)
    _d2f                                     0x08003525   Thumb Code    98  d2f.o(x$fpl$d2f)
    __aeabi_dadd                             0x08003589   Thumb Code     0  daddsub_clz.o(x$fpl$dadd)
    _dadd                                    0x08003589   Thumb Code   332  daddsub_clz.o(x$fpl$dadd)
    __fpl_dcheck_NaN1                        0x080036d9   Thumb Code    10  dcheck1.o(x$fpl$dcheck1)
    __aeabi_ddiv                             0x080036e9   Thumb Code     0  ddiv.o(x$fpl$ddiv)
    _ddiv                                    0x080036e9   Thumb Code   552  ddiv.o(x$fpl$ddiv)
    __aeabi_ui2d                             0x08003999   Thumb Code     0  dflt_clz.o(x$fpl$dfltu)
    _dfltu                                   0x08003999   Thumb Code    38  dflt_clz.o(x$fpl$dfltu)
    __aeabi_dmul                             0x080039c1   Thumb Code     0  dmul.o(x$fpl$dmul)
    _dmul                                    0x080039c1   Thumb Code   332  dmul.o(x$fpl$dmul)
    __fpl_dnaninf                            0x08003b15   Thumb Code   156  dnaninf.o(x$fpl$dnaninf)
    __fpl_dretinf                            0x08003bb1   Thumb Code    12  dretinf.o(x$fpl$dretinf)
    __aeabi_drsub                            0x08003bbd   Thumb Code     0  daddsub_clz.o(x$fpl$drsb)
    _drsb                                    0x08003bbd   Thumb Code    22  daddsub_clz.o(x$fpl$drsb)
    __aeabi_dsub                             0x08003bd5   Thumb Code     0  daddsub_clz.o(x$fpl$dsub)
    _dsub                                    0x08003bd5   Thumb Code   464  daddsub_clz.o(x$fpl$dsub)
    __fpl_fcheck_NaN1                        0x08003da9   Thumb Code     6  fcheck1.o(x$fpl$fcheck1)
    __aeabi_f2iz                             0x08003db5   Thumb Code     0  ffix.o(x$fpl$ffix)
    _ffix                                    0x08003db5   Thumb Code    54  ffix.o(x$fpl$ffix)
    __fpl_fnaninf                            0x08003deb   Thumb Code   140  fnaninf.o(x$fpl$fnaninf)
    __fpl_fretinf                            0x08003e77   Thumb Code    10  fretinf.o(x$fpl$fretinf)
    __fpl_return_NaN                         0x08003e81   Thumb Code   100  retnan.o(x$fpl$retnan)
    __ARM_scalbn                             0x08003ee5   Thumb Code    92  scalbn.o(x$fpl$scalbn)
    __ARM_scalbnf                            0x08003f41   Thumb Code    76  scalbnf.o(x$fpl$scalbnf)
    __fpl_cmpreturn                          0x08003f8d   Thumb Code    48  trapv.o(x$fpl$trapveneer)
    __I$use$fp                               0x08003fbc   Number         0  usenofp.o(x$fpl$usenofp)
    Region$$Table$$Base                      0x080043e0   Number         0  anon$$obj.o(Region$$Table)
    Region$$Table$$Limit                     0x08004400   Number         0  anon$$obj.o(Region$$Table)
    sceneKey                                 0x20000030   Data           4  key.o(.data)
    audioSrcKey                              0x20000034   Data           4  key.o(.data)
    _SoftVersion                             0x20000038   Data           4  main.o(.data)
    resetDsp                                 0x2000003c   Data           4  reset.o(.data)
    resetAdc                                 0x20000040   Data           4  reset.o(.data)
    resetNsd                                 0x20000044   Data           4  reset.o(.data)
    SysTime::sysTimeMs_                      0x20000048   Data           4  time.o(.data)
    SysTime::periodMs_                       0x2000004c   Data           4  time.o(.data)
    ledSys                                   0x20000068   Data           4  led.o(.data)
    ledSceneLED21                            0x2000006c   Data           4  led.o(.data)
    led22                                    0x20000070   Data           4  led.o(.data)
    ledSceneLED11                            0x20000074   Data           4  led.o(.data)
    led12                                    0x20000078   Data           4  led.o(.data)
    led13                                    0x2000007c   Data           4  led.o(.data)
    g_msg                                    0x20000080   Data        1040  iap.o(.bss)
    g_msgRet                                 0x20000490   Data        1040  packet.o(.bss)
    g_Usart1RevBuf                           0x200008a0   Data        2048  uart.o(.bss)
    g_Usart2RevBuf                           0x200010a0   Data        2048  uart.o(.bss)
    g_ComFifo                                0x200018a0   Data        8204  uart.o(.bss)
    g_ComFifo_2                              0x200038ac   Data        8204  uart.o(.bss)
    __libspace_start                         0x200058b8   Data          96  libspace.o(.bss)
    __temporary_stack_top$libspace           0x20005918   Data           0  libspace.o(.bss)



==============================================================================

Memory Map of the image

  Image Entry point : 0x08000131

  Load Region LR_IROM1 (Base: 0x08000000, Size: 0x00004480, Max: 0x00080000, ABSOLUTE)

    Execution Region ER_IROM1 (Exec base: 0x08000000, Load base: 0x08000000, Size: 0x00004400, Max: 0x00080000, ABSOLUTE)

    Exec Addr    Load Addr    Size         Type   Attr      Idx    E Section Name        Object

    0x08000000   0x08000000   0x00000130   Data   RO          133    RESET               startup_stm32f10x_hd.o
    0x08000130   0x08000130   0x00000008   Code   RO         4933  * !!!main             c_w.l(__main.o)
    0x08000138   0x08000138   0x00000034   Code   RO         5179    !!!scatter          c_w.l(__scatter.o)
    0x0800016c   0x0800016c   0x0000001a   Code   RO         5181    !!handler_copy      c_w.l(__scatter_copy.o)
    0x08000186   0x08000186   0x00000002   PAD
    0x08000188   0x08000188   0x0000001c   Code   RO         5183    !!handler_zi        c_w.l(__scatter_zi.o)
    0x080001a4   0x080001a4   0x00000002   Code   RO         5116    .ARM.Collect$$libinit$$00000000  c_w.l(libinit.o)
    0x080001a6   0x080001a6   0x00000000   Code   RO         4994    .ARM.Collect$$libinit$$00000002  c_w.l(libinit2.o)
    0x080001a6   0x080001a6   0x00000000   Code   RO         4996    .ARM.Collect$$libinit$$00000004  c_w.l(libinit2.o)
    0x080001a6   0x080001a6   0x00000008   Code   RO         4997    .ARM.Collect$$libinit$$00000005  c_w.l(libinit2.o)
    0x080001ae   0x080001ae   0x00000000   Code   RO         4999    .ARM.Collect$$libinit$$0000000A  c_w.l(libinit2.o)
    0x080001ae   0x080001ae   0x00000000   Code   RO         5001    .ARM.Collect$$libinit$$0000000C  c_w.l(libinit2.o)
    0x080001ae   0x080001ae   0x00000000   Code   RO         5003    .ARM.Collect$$libinit$$0000000E  c_w.l(libinit2.o)
    0x080001ae   0x080001ae   0x00000000   Code   RO         5006    .ARM.Collect$$libinit$$00000011  c_w.l(libinit2.o)
    0x080001ae   0x080001ae   0x00000000   Code   RO         5008    .ARM.Collect$$libinit$$00000013  c_w.l(libinit2.o)
    0x080001ae   0x080001ae   0x00000000   Code   RO         5010    .ARM.Collect$$libinit$$00000015  c_w.l(libinit2.o)
    0x080001ae   0x080001ae   0x00000000   Code   RO         5012    .ARM.Collect$$libinit$$00000017  c_w.l(libinit2.o)
    0x080001ae   0x080001ae   0x00000000   Code   RO         5014    .ARM.Collect$$libinit$$00000019  c_w.l(libinit2.o)
    0x080001ae   0x080001ae   0x00000000   Code   RO         5016    .ARM.Collect$$libinit$$0000001B  c_w.l(libinit2.o)
    0x080001ae   0x080001ae   0x00000000   Code   RO         5018    .ARM.Collect$$libinit$$0000001D  c_w.l(libinit2.o)
    0x080001ae   0x080001ae   0x00000000   Code   RO         5020    .ARM.Collect$$libinit$$0000001F  c_w.l(libinit2.o)
    0x080001ae   0x080001ae   0x00000000   Code   RO         5022    .ARM.Collect$$libinit$$00000021  c_w.l(libinit2.o)
    0x080001ae   0x080001ae   0x00000000   Code   RO         5024    .ARM.Collect$$libinit$$00000023  c_w.l(libinit2.o)
    0x080001ae   0x080001ae   0x00000000   Code   RO         5026    .ARM.Collect$$libinit$$00000025  c_w.l(libinit2.o)
    0x080001ae   0x080001ae   0x00000000   Code   RO         5030    .ARM.Collect$$libinit$$0000002C  c_w.l(libinit2.o)
    0x080001ae   0x080001ae   0x00000000   Code   RO         5032    .ARM.Collect$$libinit$$0000002E  c_w.l(libinit2.o)
    0x080001ae   0x080001ae   0x00000000   Code   RO         5034    .ARM.Collect$$libinit$$00000030  c_w.l(libinit2.o)
    0x080001ae   0x080001ae   0x00000000   Code   RO         5036    .ARM.Collect$$libinit$$00000032  c_w.l(libinit2.o)
    0x080001ae   0x080001ae   0x00000002   Code   RO         5037    .ARM.Collect$$libinit$$00000033  c_w.l(libinit2.o)
    0x080001b0   0x080001b0   0x00000002   Code   RO         5176    .ARM.Collect$$libshutdown$$00000000  c_w.l(libshutdown.o)
    0x080001b2   0x080001b2   0x00000000   Code   RO         5132    .ARM.Collect$$libshutdown$$00000002  c_w.l(libshutdown2.o)
    0x080001b2   0x080001b2   0x00000000   Code   RO         5134    .ARM.Collect$$libshutdown$$00000004  c_w.l(libshutdown2.o)
    0x080001b2   0x080001b2   0x00000000   Code   RO         5137    .ARM.Collect$$libshutdown$$00000007  c_w.l(libshutdown2.o)
    0x080001b2   0x080001b2   0x00000000   Code   RO         5140    .ARM.Collect$$libshutdown$$0000000A  c_w.l(libshutdown2.o)
    0x080001b2   0x080001b2   0x00000000   Code   RO         5142    .ARM.Collect$$libshutdown$$0000000C  c_w.l(libshutdown2.o)
    0x080001b2   0x080001b2   0x00000000   Code   RO         5145    .ARM.Collect$$libshutdown$$0000000F  c_w.l(libshutdown2.o)
    0x080001b2   0x080001b2   0x00000002   Code   RO         5146    .ARM.Collect$$libshutdown$$00000010  c_w.l(libshutdown2.o)
    0x080001b4   0x080001b4   0x00000000   Code   RO         4965    .ARM.Collect$$rtentry$$00000000  c_w.l(__rtentry.o)
    0x080001b4   0x080001b4   0x00000000   Code   RO         5057    .ARM.Collect$$rtentry$$00000002  c_w.l(__rtentry2.o)
    0x080001b4   0x080001b4   0x00000006   Code   RO         5069    .ARM.Collect$$rtentry$$00000004  c_w.l(__rtentry4.o)
    0x080001ba   0x080001ba   0x00000000   Code   RO         5059    .ARM.Collect$$rtentry$$00000009  c_w.l(__rtentry2.o)
    0x080001ba   0x080001ba   0x00000004   Code   RO         5060    .ARM.Collect$$rtentry$$0000000A  c_w.l(__rtentry2.o)
    0x080001be   0x080001be   0x00000000   Code   RO         5062    .ARM.Collect$$rtentry$$0000000C  c_w.l(__rtentry2.o)
    0x080001be   0x080001be   0x00000008   Code   RO         5063    .ARM.Collect$$rtentry$$0000000D  c_w.l(__rtentry2.o)
    0x080001c6   0x080001c6   0x00000002   Code   RO         5121    .ARM.Collect$$rtexit$$00000000  c_w.l(rtexit.o)
    0x080001c8   0x080001c8   0x00000000   Code   RO         5150    .ARM.Collect$$rtexit$$00000002  c_w.l(rtexit2.o)
    0x080001c8   0x080001c8   0x00000004   Code   RO         5151    .ARM.Collect$$rtexit$$00000003  c_w.l(rtexit2.o)
    0x080001cc   0x080001cc   0x00000006   Code   RO         5152    .ARM.Collect$$rtexit$$00000004  c_w.l(rtexit2.o)
    0x080001d2   0x080001d2   0x00000002   PAD
    0x080001d4   0x080001d4   0x00000000   Code   RO         5073    .emb_text           c_w.l(maybetermalloc1.o)
    0x080001d4   0x080001d4   0x00000040   Code   RO          134    .text               startup_stm32f10x_hd.o
    0x08000214   0x08000214   0x0000005e   Code   RO         4863    .text               c_w.l(h1_alloc.o)
    0x08000272   0x08000272   0x0000004e   Code   RO         4865    .text               c_w.l(h1_free.o)
    0x080002c0   0x080002c0   0x0000003e   Code   RO         4921    .text               c_w.l(strlen.o)
    0x080002fe   0x080002fe   0x0000008a   Code   RO         4923    .text               c_w.l(rt_memcpy_v6.o)
    0x08000388   0x08000388   0x00000064   Code   RO         4925    .text               c_w.l(rt_memcpy_w.o)
    0x080003ec   0x080003ec   0x00000044   Code   RO         4927    .text               c_w.l(rt_memclr.o)
    0x08000430   0x08000430   0x0000004e   Code   RO         4929    .text               c_w.l(rt_memclr_w.o)
    0x0800047e   0x0800047e   0x00000006   Code   RO         4931    .text               c_w.l(heapauxi.o)
    0x08000484   0x08000484   0x00000008   Code   RO         4969    .text               c_w.l(rt_heap_descriptor_intlibspace.o)
    0x0800048c   0x0800048c   0x00000004   Code   RO         4971    .text               c_w.l(hguard.o)
    0x08000490   0x08000490   0x0000008a   Code   RO         4973    .text               c_w.l(init_alloc.o)
    0x0800051a   0x0800051a   0x0000000e   Code   RO         4977    .text               c_w.l(h1_init.o)
    0x08000528   0x08000528   0x00000008   Code   RO         5053    .text               c_w.l(libspace.o)
    0x08000530   0x08000530   0x00000034   Code   RO         5075    .text               c_w.l(h1_extend.o)
    0x08000564   0x08000564   0x0000000e   Code   RO         5079    .text               c_w.l(defsig_rtmem_outer.o)
    0x08000572   0x08000572   0x00000002   Code   RO         5092    .text               c_w.l(use_no_semi.o)
    0x08000574   0x08000574   0x00000000   Code   RO         5094    .text               c_w.l(indicate_semi.o)
    0x08000574   0x08000574   0x0000004a   Code   RO         5095    .text               c_w.l(sys_stackheap_outer.o)
    0x080005be   0x080005be   0x00000012   Code   RO         5101    .text               c_w.l(exit.o)
    0x080005d0   0x080005d0   0x0000000a   Code   RO         5103    .text               c_w.l(defsig_exit.o)
    0x080005da   0x080005da   0x00000002   PAD
    0x080005dc   0x080005dc   0x00000050   Code   RO         5105    .text               c_w.l(defsig_rtmem_inner.o)
    0x0800062c   0x0800062c   0x0000000c   Code   RO         5119    .text               c_w.l(sys_exit.o)
    0x08000638   0x08000638   0x00000032   Code   RO         5129    .text               c_w.l(defsig_general.o)
    0x0800066a   0x0800066a   0x0000000e   Code   RO         5147    .text               c_w.l(sys_wrch.o)
    0x08000678   0x08000678   0x00000014   Code   RO          189    i.ADC_Cmd           stm32f10x_adc.o
    0x0800068c   0x0800068c   0x00000014   Code   RO          190    i.ADC_DMACmd        stm32f10x_adc.o
    0x080006a0   0x080006a0   0x0000000e   Code   RO          197    i.ADC_GetCalibrationStatus  stm32f10x_adc.o
    0x080006ae   0x080006ae   0x0000000e   Code   RO          203    i.ADC_GetResetCalibrationStatus  stm32f10x_adc.o
    0x080006bc   0x080006bc   0x00000048   Code   RO          207    i.ADC_Init          stm32f10x_adc.o
    0x08000704   0x08000704   0x00000074   Code   RO          211    i.ADC_RegularChannelConfig  stm32f10x_adc.o
    0x08000778   0x08000778   0x0000000a   Code   RO          212    i.ADC_ResetCalibration  stm32f10x_adc.o
    0x08000782   0x08000782   0x00000014   Code   RO          214    i.ADC_SoftwareStartConvCmd  stm32f10x_adc.o
    0x08000796   0x08000796   0x0000000a   Code   RO          216    i.ADC_StartCalibration  stm32f10x_adc.o
    0x080007a0   0x080007a0   0x00000002   Code   RO         4314    i.BusFault_Handler  stm32f10x_it.o
    0x080007a2   0x080007a2   0x00000002   PAD
    0x080007a4   0x080007a4   0x00000054   Code   RO         4585    i.DMA1_Channel5_IRQHandler  uart.o
    0x080007f8   0x080007f8   0x00000054   Code   RO         4586    i.DMA1_Channel6_IRQHandler  uart.o
    0x0800084c   0x0800084c   0x00000018   Code   RO          981    i.DMA_ClearITPendingBit  stm32f10x_dma.o
    0x08000864   0x08000864   0x00000016   Code   RO          982    i.DMA_Cmd           stm32f10x_dma.o
    0x0800087a   0x0800087a   0x00000002   PAD
    0x0800087c   0x0800087c   0x000000e4   Code   RO          983    i.DMA_DeInit        stm32f10x_dma.o
    0x08000960   0x08000960   0x00000006   Code   RO          984    i.DMA_GetCurrDataCounter  stm32f10x_dma.o
    0x08000966   0x08000966   0x00000002   PAD
    0x08000968   0x08000968   0x00000020   Code   RO          986    i.DMA_GetITStatus   stm32f10x_dma.o
    0x08000988   0x08000988   0x00000010   Code   RO          987    i.DMA_ITConfig      stm32f10x_dma.o
    0x08000998   0x08000998   0x0000003a   Code   RO          988    i.DMA_Init          stm32f10x_dma.o
    0x080009d2   0x080009d2   0x00000004   Code   RO          989    i.DMA_SetCurrDataCounter  stm32f10x_dma.o
    0x080009d6   0x080009d6   0x00000002   Code   RO         4315    i.DebugMon_Handler  stm32f10x_it.o
    0x080009d8   0x080009d8   0x0000003c   Code   RO         1130    i.FLASH_ErasePage   stm32f10x_flash.o
    0x08000a14   0x08000a14   0x00000028   Code   RO         1131    i.FLASH_GetBank1Status  stm32f10x_flash.o
    0x08000a3c   0x08000a3c   0x00000010   Code   RO         1140    i.FLASH_Lock        stm32f10x_flash.o
    0x08000a4c   0x08000a4c   0x00000050   Code   RO         1145    i.FLASH_ProgramWord  stm32f10x_flash.o
    0x08000a9c   0x08000a9c   0x00000018   Code   RO         1148    i.FLASH_Unlock      stm32f10x_flash.o
    0x08000ab4   0x08000ab4   0x00000024   Code   RO         1152    i.FLASH_WaitForLastOperation  stm32f10x_flash.o
    0x08000ad8   0x08000ad8   0x000000a2   Code   RO         1470    i.GPIO_Init         stm32f10x_gpio.o
    0x08000b7a   0x08000b7a   0x0000000e   Code   RO         1474    i.GPIO_ReadInputDataBit  stm32f10x_gpio.o
    0x08000b88   0x08000b88   0x0000000e   Code   RO         1476    i.GPIO_ReadOutputDataBit  stm32f10x_gpio.o
    0x08000b96   0x08000b96   0x00000004   Code   RO         1477    i.GPIO_ResetBits    stm32f10x_gpio.o
    0x08000b9a   0x08000b9a   0x00000004   Code   RO         1478    i.GPIO_SetBits      stm32f10x_gpio.o
    0x08000b9e   0x08000b9e   0x0000000a   Code   RO         1481    i.GPIO_WriteBit     stm32f10x_gpio.o
    0x08000ba8   0x08000ba8   0x00000002   Code   RO         4316    i.HardFault_Handler  stm32f10x_it.o
    0x08000baa   0x08000baa   0x00000014   Code   RO         1597    i.I2C_AcknowledgeConfig  stm32f10x_i2c.o
    0x08000bbe   0x08000bbe   0x00000018   Code   RO         1599    i.I2C_CheckEvent    stm32f10x_i2c.o
    0x08000bd6   0x08000bd6   0x00000014   Code   RO         1602    i.I2C_Cmd           stm32f10x_i2c.o
    0x08000bea   0x08000bea   0x00000002   PAD
    0x08000bec   0x08000bec   0x0000002c   Code   RO         1605    i.I2C_DeInit        stm32f10x_i2c.o
    0x08000c18   0x08000c18   0x00000014   Code   RO         1609    i.I2C_GenerateSTART  stm32f10x_i2c.o
    0x08000c2c   0x08000c2c   0x00000014   Code   RO         1610    i.I2C_GenerateSTOP  stm32f10x_i2c.o
    0x08000c40   0x08000c40   0x0000002a   Code   RO         1611    i.I2C_GetFlagStatus  stm32f10x_i2c.o
    0x08000c6a   0x08000c6a   0x00000002   PAD
    0x08000c6c   0x08000c6c   0x000000bc   Code   RO         1616    i.I2C_Init          stm32f10x_i2c.o
    0x08000d28   0x08000d28   0x00000006   Code   RO         1621    i.I2C_ReceiveData   stm32f10x_i2c.o
    0x08000d2e   0x08000d2e   0x00000010   Code   RO         1623    i.I2C_Send7bitAddress  stm32f10x_i2c.o
    0x08000d3e   0x08000d3e   0x00000004   Code   RO         1624    i.I2C_SendData      stm32f10x_i2c.o
    0x08000d42   0x08000d42   0x00000002   Code   RO         4317    i.MemManage_Handler  stm32f10x_it.o
    0x08000d44   0x08000d44   0x00000002   Code   RO         4318    i.NMI_Handler       stm32f10x_it.o
    0x08000d46   0x08000d46   0x00000002   PAD
    0x08000d48   0x08000d48   0x00000064   Code   RO          138    i.NVIC_Init         misc.o
    0x08000dac   0x08000dac   0x00000014   Code   RO          139    i.NVIC_PriorityGroupConfig  misc.o
    0x08000dc0   0x08000dc0   0x00000002   Code   RO         4319    i.PendSV_Handler    stm32f10x_it.o
    0x08000dc2   0x08000dc2   0x00000002   PAD
    0x08000dc4   0x08000dc4   0x00000014   Code   RO         1950    i.RCC_ADCCLKConfig  stm32f10x_rcc.o
    0x08000dd8   0x08000dd8   0x00000018   Code   RO         1951    i.RCC_AHBPeriphClockCmd  stm32f10x_rcc.o
    0x08000df0   0x08000df0   0x00000018   Code   RO         1952    i.RCC_APB1PeriphClockCmd  stm32f10x_rcc.o
    0x08000e08   0x08000e08   0x00000018   Code   RO         1953    i.RCC_APB1PeriphResetCmd  stm32f10x_rcc.o
    0x08000e20   0x08000e20   0x00000018   Code   RO         1954    i.RCC_APB2PeriphClockCmd  stm32f10x_rcc.o
    0x08000e38   0x08000e38   0x00000018   Code   RO         1955    i.RCC_APB2PeriphResetCmd  stm32f10x_rcc.o
    0x08000e50   0x08000e50   0x000000a4   Code   RO         1962    i.RCC_GetClocksFreq  stm32f10x_rcc.o
    0x08000ef4   0x08000ef4   0x00000002   Code   RO         4320    i.SVC_Handler       stm32f10x_it.o
    0x08000ef6   0x08000ef6   0x00000004   Code   RO         4321    i.SysTick_Handler   stm32f10x_it.o
    0x08000efa   0x08000efa   0x00000002   PAD
    0x08000efc   0x08000efc   0x00000050   Code   RO           18    i.SystemInit        system_stm32f10x.o
    0x08000f4c   0x08000f4c   0x00000058   Code   RO         4587    i.USART1_IRQHandler  uart.o
    0x08000fa4   0x08000fa4   0x0000005c   Code   RO         4588    i.USART2_IRQHandler  uart.o
    0x08001000   0x08001000   0x00000014   Code   RO         3294    i.USART_Cmd         stm32f10x_usart.o
    0x08001014   0x08001014   0x00000010   Code   RO         3295    i.USART_DMACmd      stm32f10x_usart.o
    0x08001024   0x08001024   0x00000074   Code   RO         3296    i.USART_DeInit      stm32f10x_usart.o
    0x08001098   0x08001098   0x0000003e   Code   RO         3298    i.USART_GetITStatus  stm32f10x_usart.o
    0x080010d6   0x080010d6   0x00000030   Code   RO         3300    i.USART_ITConfig    stm32f10x_usart.o
    0x08001106   0x08001106   0x00000002   PAD
    0x08001108   0x08001108   0x000000ac   Code   RO         3301    i.USART_Init        stm32f10x_usart.o
    0x080011b4   0x080011b4   0x00000002   Code   RO         4322    i.UsageFault_Handler  stm32f10x_it.o
    0x080011b6   0x080011b6   0x00000016   Code   RO         4716    i._Z10CalcMsgCrcP11tagMcuMsg_t  mcumsg.o
    0x080011cc   0x080011cc   0x00000008   Code   RO         3868    i._Z10Gpio_ResetP4Gpio  gpio.o
    0x080011d4   0x080011d4   0x00000020   Code   RO         3909    i._Z10I2c_ReOpenPK3I2c  i2c.o
    0x080011f4   0x080011f4   0x00000034   Code   RO         4717    i._Z10MakeMcuMsgP11tagMcuMsg_tPht11tagDI_RET_e15tagMcuMsgType_et  mcumsg.o
    0x08001228   0x08001228   0x00000018   Code   RO         3823    i._Z10Read24C256htPht  eeprom.o
    0x08001240   0x08001240   0x00000094   Code   RO         4129    i._Z10Reset_Initv   reset.o
    0x080012d4   0x080012d4   0x00000028   Code   RO         4130    i._Z10Reset_OpenP4Gpio  reset.o
    0x080012fc   0x080012fc   0x0000008c   Code   RO         4173    i._Z10Scene_LoadP5Scene14tagDSP_Scene_e  scene.o
    0x08001388   0x08001388   0x00000060   Code   RO         4174    i._Z10Scene_Openv   scene.o
    0x080013e8   0x080013e8   0x00000040   Code   RO         4562    i._Z10SendPacketPht11tagDI_RET_e15tagMcuMsgType_et  packet.o
    0x08001428   0x08001428   0x00000014   Code   RO         3688    i._Z10UintTo5p23jPh  adc.o
    0x0800143c   0x0800143c   0x00000018   Code   RO         4718    i._Z11CheckMsgCrcP11tagMcuMsg_t  mcumsg.o
    0x08001454   0x08001454   0x00000024   Code   RO         3824    i._Z11Eeprom_OpenP3I2c  eeprom.o
    0x08001478   0x08001478   0x00000030   Code   RO         3689    i._Z11FloatTo5p23fPh  adc.o
    0x080014a8   0x080014a8   0x0000017c   Code   RO         3910    i._Z11I2C_Read_16P11I2C_TypeDefhtPht  i2c.o
    0x08001624   0x08001624   0x00000012   Code   RO         4668    i._Z11InitComFifoP12tagComFifo_t  comfifo.o
    0x08001636   0x08001636   0x00000006   Code   RO         4502    i._Z11Led_ReverseP3Led  led.o
    0x0800163c   0x0800163c   0x000000bc   Code   RO         4503    i._Z11LedsProcessP11AP_Instance  led.o
    0x080016f8   0x080016f8   0x00000032   Code   RO         4669    i._Z11ReadComFifoP12tagComFifo_tPci  comfifo.o
    0x0800172a   0x0800172a   0x00000002   PAD
    0x0800172c   0x0800172c   0x0000007c   Code   RO         3825    i._Z11Write24C256htPht  eeprom.o
    0x080017a8   0x080017a8   0x00000006   Code   RO         3690    i._Z12Adc_GetValueP3Adc  adc.o
    0x080017ae   0x080017ae   0x00000020   Code   RO         3869    i._Z12Gpio_ReverseP4Gpio  gpio.o
    0x080017ce   0x080017ce   0x00000002   PAD
    0x080017d0   0x080017d0   0x00000104   Code   RO         3911    i._Z12I2C_Write_16P11I2C_TypeDefhtPht  i2c.o
    0x080018d4   0x080018d4   0x00000006   Code   RO         4131    i._Z12Reset_EnableP5Reset  reset.o
    0x080018da   0x080018da   0x00000002   PAD
    0x080018dc   0x080018dc   0x0000003c   Code   RO         4263    i._Z12TPA_SetDelayhth  tpa5050.o
    0x08001918   0x08001918   0x0000003c   Code   RO         4264    i._Z12Tpa5050_OpenP3I2c  tpa5050.o
    0x08001954   0x08001954   0x00000042   Code   RO         4670    i._Z12WriteComFifoP12tagComFifo_tPci  comfifo.o
    0x08001996   0x08001996   0x0000002a   Code   RO         4719    i._Z13AP_MsgReadDspP11AP_InstanceP11tagMcuMsg_t  mcumsg.o
    0x080019c0   0x080019c0   0x00000020   Code   RO         4435    i._Z13EraseDSP_Topov  iap.o
    0x080019e0   0x080019e0   0x00000004   Code   RO         4386    i._Z13FLASH_If_Initv  flash_if.o
    0x080019e4   0x080019e4   0x00000006   Code   RO         4132    i._Z13Reset_DisableP5Reset  reset.o
    0x080019ea   0x080019ea   0x0000002a   Code   RO         4720    i._Z14AP_MsgWriteDspP11AP_InstanceP11tagMcuMsg_t  mcumsg.o
    0x08001a14   0x08001a14   0x00000024   Code   RO         4387    i._Z14FLASH_If_Erasejjj  flash_if.o
    0x08001a38   0x08001a38   0x00000038   Code   RO         4388    i._Z14FLASH_If_WritePVjPjt  flash_if.o
    0x08001a70   0x08001a70   0x0000001a   Code   RO         4671    i._Z14GetFifoDataLenP12tagComFifo_t  comfifo.o
    0x08001a8a   0x08001a8a   0x00000002   PAD
    0x08001a8c   0x08001a8c   0x00000028   Code   RO         3561    i._Z14IsDspTopoValidv  adau1701-gpio-test_ic_1.o
    0x08001ab4   0x08001ab4   0x0000002c   Code   RO         4133    i._Z14Reset_TurnToInP5Reset  reset.o
    0x08001ae0   0x08001ae0   0x00000034   Code   RO         4563    i._Z14SendUpgradeAckt  packet.o
    0x08001b14   0x08001b14   0x00000028   Code   RO         4590    i._Z14Usart1SendDataPht  uart.o
    0x08001b3c   0x08001b3c   0x00000060   Code   RO         4721    i._Z15AP_MsgRebootMcuP11AP_InstanceP11tagMcuMsg_t  mcumsg.o
    0x08001b9c   0x08001b9c   0x0000002e   Code   RO         4672    i._Z15CopyReadComFifoP12tagComFifo_tPci  comfifo.o
    0x08001bca   0x08001bca   0x00000002   PAD
    0x08001bcc   0x08001bcc   0x000000a4   Code   RO         4437    i._Z15DSP_TopoUpgradeP12tagComFifo_t  iap.o
    0x08001c70   0x08001c70   0x00000024   Code   RO         4389    i._Z15FLASH_CFG_Erasej  flash_if.o
    0x08001c94   0x08001c94   0x00000040   Code   RO         4390    i._Z15FLASH_CFG_WritejPjt  flash_if.o
    0x08001cd4   0x08001cd4   0x00000004   Code   RO         4391    i._Z15FLASH_if_UnInitv  flash_if.o
    0x08001cd8   0x08001cd8   0x00000028   Code   RO         4722    i._Z16AP_MsgGetVersionP11AP_InstanceP11tagMcuMsg_t  mcumsg.o
    0x08001d00   0x08001d00   0x0000002e   Code   RO         4723    i._Z16AP_MsgReadEepromP11AP_InstanceP11tagMcuMsg_t  mcumsg.o
    0x08001d2e   0x08001d2e   0x00000002   PAD
    0x08001d30   0x08001d30   0x0000000c   Code   RO         3562    i._Z16GetDSPTopoHeaderv  adau1701-gpio-test_ic_1.o
    0x08001d3c   0x08001d3c   0x0000002a   Code   RO         4724    i._Z17AP_MsgSafeloadDspP11AP_InstanceP11tagMcuMsg_t  mcumsg.o
    0x08001d66   0x08001d66   0x0000002a   Code   RO         4725    i._Z17AP_MsgWriteEepromP11AP_InstanceP11tagMcuMsg_t  mcumsg.o
    0x08001d90   0x08001d90   0x00000084   Code   RO         3912    i._Z17I2C_Configurationv  i2c.o
    0x08001e14   0x08001e14   0x0000001a   Code   RO         4726    i._Z19AP_MsgTopoHeaderDspP11AP_InstanceP11tagMcuMsg_t  mcumsg.o
    0x08001e2e   0x08001e2e   0x00000002   PAD
    0x08001e30   0x08001e30   0x00000054   Code   RO         4175    i._Z19Scene_FindMsgDspExtP5SceneP14tagMsgDspExt_ttPt  scene.o
    0x08001e84   0x08001e84   0x0000006c   Code   RO         4176    i._Z19Scene_LoadMsgDspExtP5SceneP14tagMsgDspExt_th  scene.o
    0x08001ef0   0x08001ef0   0x0000002a   Code   RO         4727    i._Z20AP_MsgSceneChangeDspP11AP_InstanceP11tagMcuMsg_t  mcumsg.o
    0x08001f1a   0x08001f1a   0x00000010   Code   RO         4177    i._Z20Scene_SetCurrentModeP5Scene14tagDSP_Scene_e  scene.o
    0x08001f2a   0x08001f2a   0x00000002   PAD
    0x08001f2c   0x08001f2c   0x00000148   Code   RO         4593    i._Z20USART1_Configurationv  uart.o
    0x08002074   0x08002074   0x00000150   Code   RO         4594    i._Z20USART2_Configurationv  uart.o
    0x080021c4   0x080021c4   0x0000002c   Code   RO         4728    i._Z21AP_MsgWriteWithExtDspP11AP_InstanceP11tagMcuMsg_t  mcumsg.o
    0x080021f0   0x080021f0   0x0000005c   Code   RO         3563    i._Z21default_download_IC_1v  adau1701-gpio-test_ic_1.o
    0x0800224c   0x0800224c   0x00000044   Code   RO         4729    i._Z23AP_MsgDspTopoUpdateModeP11AP_InstanceP11tagMcuMsg_t  mcumsg.o
    0x08002290   0x08002290   0x0000002c   Code   RO         4730    i._Z24AP_MsgSafeloadWithExtDspP11AP_InstanceP11tagMcuMsg_t  mcumsg.o
    0x080022bc   0x080022bc   0x00000014   Code   RO         3758    i._Z26SIGMA_WRITE_REGISTER_BLOCKhttPh  dsp.o
    0x080022d0   0x080022d0   0x000000bc   Code   RO         3759    i._Z29SIGMA_SAFELOAD_WRITE_REGISTERhttPh  dsp.o
    0x0800238c   0x0800238c   0x00000006   Code   RO         4504    i._Z6Led_OnP3Led    led.o
    0x08002392   0x08002392   0x00000002   PAD
    0x08002394   0x08002394   0x000000c0   Code   RO         4731    i._Z7AP_Initv       mcumsg.o
    0x08002454   0x08002454   0x00000006   Code   RO         4505    i._Z7Led_OffP3Led   led.o
    0x0800245a   0x0800245a   0x00000002   PAD
    0x0800245c   0x0800245c   0x00000018   Code   RO         3760    i._Z7ReadDSPtPht    dsp.o
    0x08002474   0x08002474   0x000001ac   Code   RO         3691    i._Z8Adc_DealP11AP_Instance  adc.o
    0x08002620   0x08002620   0x00000104   Code   RO         3692    i._Z8Adc_Openv      adc.o
    0x08002724   0x08002724   0x00000028   Code   RO         4732    i._Z8Calcrc32PKhj   mcumsg.o
    0x0800274c   0x0800274c   0x0000002c   Code   RO         3761    i._Z8Dsp_OpenP3I2c  dsp.o
    0x08002778   0x08002778   0x00000008   Code   RO         3870    i._Z8Gpio_SetP4Gpio  gpio.o
    0x08002780   0x08002780   0x000000b8   Code   RO         3914    i._Z8I2c_OpenP11I2C_TypeDef  i2c.o
    0x08002838   0x08002838   0x00000002   Code   RO         4438    i._Z8Jmp2Bootv      iap.o
    0x0800283a   0x0800283a   0x00000002   PAD
    0x0800283c   0x0800283c   0x0000002c   Code   RO         4000    i._Z8Key_DealP11AP_Instance  key.o
    0x08002868   0x08002868   0x00000054   Code   RO         4001    i._Z8Key_Initv      key.o
    0x080028bc   0x080028bc   0x00000040   Code   RO         4002    i._Z8Key_OpenP4GpiohtPFvP11AP_InstanceE  key.o
    0x080028fc   0x080028fc   0x0000001e   Code   RO         4003    i._Z8Key_ProcP3KeyP11AP_Instance  key.o
    0x0800291a   0x0800291a   0x00000052   Code   RO         4004    i._Z8Key_ScanP3Key  key.o
    0x0800296c   0x0800296c   0x00000028   Code   RO         4506    i._Z8Led_OpenP4Gpio  led.o
    0x08002994   0x08002994   0x00000090   Code   RO         4507    i._Z8LedsInitv      led.o
    0x08002a24   0x08002a24   0x00000076   Code   RO         4733    i._Z9GetMcuMsgP12tagComFifo_tP11tagMcuMsg_t  mcumsg.o
    0x08002a9a   0x08002a9a   0x00000002   PAD
    0x08002a9c   0x08002a9c   0x0000005c   Code   RO         3871    i._Z9Gpio_OpenP12GPIO_TypeDeft17GPIOSpeed_TypeDef16GPIOMode_TypeDef15FunctionalState  gpio.o
    0x08002af8   0x08002af8   0x00000008   Code   RO         3872    i._Z9Gpio_ReadP4Gpio  gpio.o
    0x08002b00   0x08002b00   0x000000dc   Code   RO         3915    i._Z9I2C_WriteP11I2C_TypeDefhhPht  i2c.o
    0x08002bdc   0x08002bdc   0x00000184   Code   RO         3917    i._ZN28_INTERNAL_7_I2C_cpp_94d2382e11I2c_Read_16EPK3I2chhPht  i2c.o
    0x08002d60   0x08002d60   0x00000104   Code   RO         3918    i._ZN28_INTERNAL_7_I2C_cpp_94d2382e12I2c_Write_16EPK3I2chhPht  i2c.o
    0x08002e64   0x08002e64   0x00000164   Code   RO         3919    i._ZN28_INTERNAL_7_I2C_cpp_94d2382e8I2c_ReadEPK3I2chhPht  i2c.o
    0x08002fc8   0x08002fc8   0x00000018   Code   RO         3920    i._ZN28_INTERNAL_7_I2C_cpp_94d2382e9I2c_CloseEPK3I2c  i2c.o
    0x08002fe0   0x08002fe0   0x000000e4   Code   RO         3921    i._ZN28_INTERNAL_7_I2C_cpp_94d2382e9I2c_WriteEPK3I2chhPht  i2c.o
    0x080030c4   0x080030c4   0x00000016   Code   RO         3762    i._ZN28_INTERNAL_7_dsp_cpp_8b05b10e22Dsp_WriteRegisterBlockEP3DsptPht  dsp.o
    0x080030da   0x080030da   0x00000002   PAD
    0x080030dc   0x080030dc   0x000000be   Code   RO         3763    i._ZN28_INTERNAL_7_dsp_cpp_8b05b10e25Dsp_SaftLoadWriteRegisterEP3DsptPht  dsp.o
    0x0800319a   0x0800319a   0x00000018   Code   RO         3764    i._ZN28_INTERNAL_7_dsp_cpp_8b05b10e8Dsp_ReadEP3DsptPht  dsp.o
    0x080031b2   0x080031b2   0x00000044   Code   RO         4005    i._ZN28_INTERNAL_7_key_cpp_afc27afd11switchSceneEP11AP_Instance  key.o
    0x080031f6   0x080031f6   0x0000004e   Code   RO         4006    i._ZN28_INTERNAL_7_key_cpp_afc27afd16switchAudioInputEP11AP_Instance  key.o
    0x08003244   0x08003244   0x00000020   Code   RO         4220    i._ZN29_INTERNAL_8_Time_cpp_948ecdb516NVIC_SetPriorityE4IRQnj  time.o
    0x08003264   0x08003264   0x00000018   Code   RO         3826    i._ZN32_INTERNAL_10_eeprom_cpp_1a14007d11Eeprom_ReadEP6EepromtPht  eeprom.o
    0x0800327c   0x0800327c   0x0000007e   Code   RO         3827    i._ZN32_INTERNAL_10_eeprom_cpp_1a14007d12Eeprom_WriteEP6EepromtPht  eeprom.o
    0x080032fa   0x080032fa   0x0000002a   Code   RO         4266    i._ZN33_INTERNAL_11_tpa5050_cpp_70157c1216Tpa5050_GetDelayEP7Tpa5050h  tpa5050.o
    0x08003324   0x08003324   0x00000038   Code   RO         4267    i._ZN33_INTERNAL_11_tpa5050_cpp_70157c1216Tpa5050_SetDelayEP7Tpa5050th  tpa5050.o
    0x0800335c   0x0800335c   0x000000a8   Code   RO           19    i._ZN40_INTERNAL_18_system_stm32f10x_c_5d646a6715SetSysClockTo72Ev  system_stm32f10x.o
    0x08003404   0x08003404   0x0000004c   Code   RO         4221    i._ZN7SysTime4InitEj  time.o
    0x08003450   0x08003450   0x0000000c   Code   RO         4222    i._ZN7SysTime5GetMsEv  time.o
    0x0800345c   0x0800345c   0x00000010   Code   RO         4223    i._ZN7SysTime6UpdateEv  time.o
    0x0800346c   0x0800346c   0x00000018   Code   RO         4224    i._ZN7SysTime7SleepMsEj  time.o
    0x08003484   0x08003484   0x000000a0   Code   RO         4079    i.main              main.o
    0x08003524   0x08003524   0x00000062   Code   RO         4935    x$fpl$d2f           fz_ws.l(d2f.o)
    0x08003586   0x08003586   0x00000002   PAD
    0x08003588   0x08003588   0x00000150   Code   RO         4937    x$fpl$dadd          fz_ws.l(daddsub_clz.o)
    0x080036d8   0x080036d8   0x00000010   Code   RO         5038    x$fpl$dcheck1       fz_ws.l(dcheck1.o)
    0x080036e8   0x080036e8   0x000002b0   Code   RO         4944    x$fpl$ddiv          fz_ws.l(ddiv.o)
    0x08003998   0x08003998   0x00000026   Code   RO         4947    x$fpl$dfltu         fz_ws.l(dflt_clz.o)
    0x080039be   0x080039be   0x00000002   PAD
    0x080039c0   0x080039c0   0x00000154   Code   RO         4953    x$fpl$dmul          fz_ws.l(dmul.o)
    0x08003b14   0x08003b14   0x0000009c   Code   RO         5040    x$fpl$dnaninf       fz_ws.l(dnaninf.o)
    0x08003bb0   0x08003bb0   0x0000000c   Code   RO         5042    x$fpl$dretinf       fz_ws.l(dretinf.o)
    0x08003bbc   0x08003bbc   0x00000016   Code   RO         4938    x$fpl$drsb          fz_ws.l(daddsub_clz.o)
    0x08003bd2   0x08003bd2   0x00000002   PAD
    0x08003bd4   0x08003bd4   0x000001d4   Code   RO         4939    x$fpl$dsub          fz_ws.l(daddsub_clz.o)
    0x08003da8   0x08003da8   0x0000000c   Code   RO         5044    x$fpl$fcheck1       fz_ws.l(fcheck1.o)
    0x08003db4   0x08003db4   0x00000036   Code   RO         4955    x$fpl$ffix          fz_ws.l(ffix.o)
    0x08003dea   0x08003dea   0x0000008c   Code   RO         5046    x$fpl$fnaninf       fz_ws.l(fnaninf.o)
    0x08003e76   0x08003e76   0x0000000a   Code   RO         5048    x$fpl$fretinf       fz_ws.l(fretinf.o)
    0x08003e80   0x08003e80   0x00000064   Code   RO         5090    x$fpl$retnan        fz_ws.l(retnan.o)
    0x08003ee4   0x08003ee4   0x0000005c   Code   RO         4959    x$fpl$scalbn        fz_ws.l(scalbn.o)
    0x08003f40   0x08003f40   0x0000004c   Code   RO         4961    x$fpl$scalbnf       fz_ws.l(scalbnf.o)
    0x08003f8c   0x08003f8c   0x00000030   Code   RO         5117    x$fpl$trapveneer    fz_ws.l(trapv.o)
    0x08003fbc   0x08003fbc   0x00000000   Code   RO         5050    x$fpl$usenofp       fz_ws.l(usenofp.o)
    0x08003fbc   0x08003fbc   0x00000024   Data   RO         4083    .constdata          main.o
    0x08003fe0   0x08003fe0   0x00000400   Data   RO         4752    .constdata          mcumsg.o
    0x080043e0   0x080043e0   0x00000020   Data   RO         5177    Region$$Table       anon$$obj.o


    Execution Region RW_IRAM1 (Exec base: 0x20000000, Load base: 0x08004400, Size: 0x0000af18, Max: 0x00010000, ABSOLUTE)

    Exec Addr    Load Addr    Size         Type   Attr      Idx    E Section Name        Object

    0x20000000   0x08004400   0x00000014   Data   RW         2014    .data               stm32f10x_rcc.o
    0x20000014   0x08004414   0x00000018   Data   RW         3567    .data               adau1701-gpio-test_ic_1.o
    0x2000002c   0x0800442c   0x00000002   Data   RW         3698    .data               adc.o
    0x2000002e   0x0800442e   0x00000002   PAD
    0x20000030   0x08004430   0x00000008   Data   RW         4014    .data               key.o
    0x20000038   0x08004438   0x00000004   Data   RW         4088    .data               main.o
    0x2000003c   0x0800443c   0x0000000c   Data   RW         4139    .data               reset.o
    0x20000048   0x08004448   0x00000008   Data   RW         4230    .data               time.o
    0x20000050   0x08004450   0x00000008   Data   RW         4449    .data               iap.o
    0x20000058   0x08004458   0x00000028   Data   RW         4514    .data               led.o
    0x20000080        -       0x00000410   Zero   RW         4448    .bss                iap.o
    0x20000490        -       0x00000410   Zero   RW         4566    .bss                packet.o
    0x200008a0        -       0x00005018   Zero   RW         4605    .bss                uart.o
    0x200058b8        -       0x00000060   Zero   RW         5054    .bss                c_w.l(libspace.o)
    0x20005918        -       0x00005000   Zero   RW          132    HEAP                startup_stm32f10x_hd.o
    0x2000a918        -       0x00000600   Zero   RW          131    STACK               startup_stm32f10x_hd.o


==============================================================================

Image component sizes


      Code (inc. data)   RO Data    RW Data    ZI Data      Debug   Object Name

       144         24          0         24          0       6976   adau1701-gpio-test_ic_1.o
       762         56          0          2          0      10080   adc.o
       206          0          0          0          0       3518   comfifo.o
         0          0          0          0          0       3112   core_cm3.o
       512         26          0          0          0       6886   dsp.o
       334         20          0          0          0       4865   eeprom.o
       200         18          0          0          0       3952   flash_if.o
       148         16          0          0          0       2955   gpio.o
      2464        104          0          0          0      10603   i2c.o
       198         32          0          8       1040       5667   iap.o
       450         34          0          8          0       8406   key.o
       390         32          0         40          0       7524   led.o
       160          8         36          4          0      20530   main.o
      1022         88       1024          0          0      15113   mcumsg.o
       120         16          0          0          0       1799   misc.o
       116          8          0          0       1040       1853   packet.o
       244         26          0         12          0       3211   reset.o
       444         26          0          0          0       6785   scene.o
        64         26        304          0      22016        904   startup_stm32f10x_hd.o
       296         10          0          0          0       8005   stm32f10x_adc.o
       390         26          0          0          0       6973   stm32f10x_dma.o
       256         30          0          0          0       5775   stm32f10x_flash.o
       208          0          0          0          0       5261   stm32f10x_gpio.o
       404         16          0          0          0       8969   stm32f10x_i2c.o
        20          0          0          0          0       3862   stm32f10x_it.o
       304         60          0         20          0       7275   stm32f10x_rcc.o
       434         26          0          0          0       6228   stm32f10x_usart.o
       248         24          0          0          0     265053   system_stm32f10x.o
       160         20          0          8          0      17939   time.o
       218         14          0          0          0       4086   tpa5050.o
      1052         92          0          0      20504       5263   uart.o

    ----------------------------------------------------------------------
     12012        878       1396        128      44600     469428   Object Totals
         0          0         32          0          0          0   (incl. Generated)
        44          0          0          2          0          0   (incl. Padding)

    ----------------------------------------------------------------------

      Code (inc. data)   RO Data    RW Data    ZI Data      Debug   Library Member Name

         8          0          0          0          0         68   __main.o
         0          0          0          0          0          0   __rtentry.o
        12          0          0          0          0          0   __rtentry2.o
         6          0          0          0          0          0   __rtentry4.o
        52          8          0          0          0          0   __scatter.o
        26          0          0          0          0          0   __scatter_copy.o
        28          0          0          0          0          0   __scatter_zi.o
        10          0          0          0          0         68   defsig_exit.o
        50          0          0          0          0         88   defsig_general.o
        80         58          0          0          0         76   defsig_rtmem_inner.o
        14          0          0          0          0         80   defsig_rtmem_outer.o
        18          0          0          0          0         80   exit.o
        94          0          0          0          0         80   h1_alloc.o
        52          0          0          0          0         68   h1_extend.o
        78          0          0          0          0         80   h1_free.o
        14          0          0          0          0         84   h1_init.o
         6          0          0          0          0        152   heapauxi.o
         4          0          0          0          0        136   hguard.o
         0          0          0          0          0          0   indicate_semi.o
       138          0          0          0          0        168   init_alloc.o
         2          0          0          0          0          0   libinit.o
        10          0          0          0          0          0   libinit2.o
         2          0          0          0          0          0   libshutdown.o
         2          0          0          0          0          0   libshutdown2.o
         8          4          0          0         96         68   libspace.o
         0          0          0          0          0          0   maybetermalloc1.o
         8          4          0          0          0         68   rt_heap_descriptor_intlibspace.o
        68          0          0          0          0         68   rt_memclr.o
        78          0          0          0          0         80   rt_memclr_w.o
       138          0          0          0          0         68   rt_memcpy_v6.o
       100          0          0          0          0         80   rt_memcpy_w.o
         2          0          0          0          0          0   rtexit.o
        10          0          0          0          0          0   rtexit2.o
        62          0          0          0          0         76   strlen.o
        12          4          0          0          0         68   sys_exit.o
        74          0          0          0          0         80   sys_stackheap_outer.o
        14          0          0          0          0         76   sys_wrch.o
         2          0          0          0          0         68   use_no_semi.o
        98          4          0          0          0         92   d2f.o
       826         16          0          0          0        348   daddsub_clz.o
        16          4          0          0          0         68   dcheck1.o
       688        140          0          0          0        208   ddiv.o
        38          0          0          0          0         68   dflt_clz.o
       340         12          0          0          0        104   dmul.o
       156          4          0          0          0         92   dnaninf.o
        12          0          0          0          0         68   dretinf.o
        12          4          0          0          0         68   fcheck1.o
        54          4          0          0          0         84   ffix.o
       140          4          0          0          0         84   fnaninf.o
        10          0          0          0          0         68   fretinf.o
       100          0          0          0          0         68   retnan.o
        92          0          0          0          0         68   scalbn.o
        76          0          0          0          0         68   scalbnf.o
        48          0          0          0          0         68   trapv.o
         0          0          0          0          0          0   usenofp.o

    ----------------------------------------------------------------------
      4000        270          0          0         96       3652   Library Totals
        12          0          0          0          0          0   (incl. Padding)

    ----------------------------------------------------------------------

      Code (inc. data)   RO Data    RW Data    ZI Data      Debug   Library Name

      1282         78          0          0         96       2028   c_w.l
      2706        192          0          0          0       1624   fz_ws.l

    ----------------------------------------------------------------------
      4000        270          0          0         96       3652   Library Totals

    ----------------------------------------------------------------------

==============================================================================


      Code (inc. data)   RO Data    RW Data    ZI Data      Debug   

     16012       1148       1396        128      44696     462156   Grand Totals
     16012       1148       1396        128      44696     462156   ELF Image Totals
     16012       1148       1396        128          0          0   ROM Totals

==============================================================================

    Total RO  Size (Code + RO Data)                17408 (  17.00kB)
    Total RW  Size (RW Data + ZI Data)             44824 (  43.77kB)
    Total ROM Size (Code + RO Data + RW Data)      17536 (  17.13kB)

==============================================================================

